├─ @medusajs/admin-sdk@workspace:packages/admin/admin-sdk
│  ├─ Version: 2.0.7
│  │
│  └─ Dependencies
│     ├─ @medusajs/admin-shared@^2.0.7 → workspace:packages/admin/admin-shared
│     ├─ @types/react@npm:^18.3.2 → npm:18.3.2
│     ├─ typescript@patch:typescript@^5.3.3#~builtin<compat/typescript> → patch:typescript@npm%3A5.4.5#~builtin<compat/typescript>::version=5.4.5&hash=7ad353
│     ├─ zod@npm:^3.22 → npm:3.23.8
│     └─ tsup@npm:8.0.2 → npm:8.0.2 [00dc2]
│
├─ @medusajs/admin-shared@workspace:packages/admin/admin-shared
│  ├─ Version: 2.0.7
│  │
│  └─ Dependencies
│     ├─ @types/react@npm:18.3.2 → npm:18.3.2
│     ├─ typescript@patch:typescript@5.4.5#~builtin<compat/typescript> → patch:typescript@npm%3A5.4.5#~builtin<compat/typescript>::version=5.4.5&hash=7ad353
│     └─ tsup@npm:8.0.2 → npm:8.0.2 [00dc2]
│
├─ @types/react@npm:18.3.2
│  ├─ Version: 18.3.2
│  │
│  └─ Dependencies
│     ├─ @types/prop-types@npm:* → npm:15.7.12
│     └─ csstype@npm:^3.0.2 → npm:3.1.3
│
├─ tsup@npm:8.0.2
│  ├─ Instances: 1
│  ├─ Version: 8.0.2
│  │
│  ├─ Exported Binaries
│  │  ├─ tsup
│  │  └─ tsup-node
│  │
│  └─ Dependencies
│     ├─ bundle-require@npm:^4.0.0 → npm:4.1.0
│     ├─ cac@npm:^6.7.12 → npm:6.7.14
│     ├─ chokidar@npm:^3.5.1 → npm:3.6.0
│     ├─ debug@npm:^4.3.1 → npm:4.3.4
│     ├─ esbuild@npm:^0.19.2 → npm:0.19.12
│     ├─ execa@npm:^5.0.0 → npm:5.1.1
│     ├─ globby@npm:^11.0.3 → npm:11.1.0
│     ├─ joycon@npm:^3.0.1 → npm:3.1.1
│     ├─ postcss-load-config@npm:^4.0.1 → npm:4.0.2
│     ├─ resolve-from@npm:^5.0.0 → npm:5.0.0
│     ├─ rollup@npm:^4.0.2 → npm:4.17.2
│     ├─ source-map@npm:0.8.0-beta.0 → npm:0.8.0-beta.0
│     ├─ sucrase@npm:^3.20.3 → npm:3.35.0
│     └─ tree-kill@npm:^1.2.2 → npm:1.2.2
│
├─ typescript@patch:typescript@npm%3A5.4.5#~builtin<compat/typescript>::version=5.4.5&hash=7ad353
│  ├─ Version: 5.4.5
│  │
│  └─ Exported Binaries
│     ├─ tsc
│     └─ tsserver
│
└─ zod@npm:3.23.8
   └─ Version: 3.23.8
