├─ @medusajs/admin-bundler@workspace:packages/admin/admin-bundler
│  ├─ Version: 2.0.7
│  │
│  └─ Dependencies
│     ├─ @medusajs/admin-shared@2.0.7 → workspace:packages/admin/admin-shared
│     ├─ @medusajs/dashboard@2.0.7 → workspace:packages/admin/dashboard
│     ├─ @types/compression@npm:^1.7.5 → npm:1.7.5
│     ├─ compression@npm:^1.7.4 → npm:1.7.4
│     ├─ copyfiles@npm:^2.4.1 → npm:2.4.1
│     ├─ express@npm:^4.21.0 → npm:4.21.0
│     ├─ postcss@npm:^8.4.32 → npm:8.4.38
│     ├─ tailwindcss@npm:^3.3.6 → npm:3.4.3
│     ├─ typescript@patch:typescript@^5.3.3#~builtin<compat/typescript> → patch:typescript@npm%3A5.4.5#~builtin<compat/typescript>::version=5.4.5&hash=7ad353
│     ├─ @medusajs/admin-vite-plugin@2.0.7 → workspace:packages/admin/admin-vite-plugin [f414b]
│     ├─ @medusajs/types@^2.0.7 → workspace:packages/core/types [df0d7]
│     ├─ @vitejs/plugin-react@npm:^4.2.1 → npm:4.2.1 [f414b]
│     ├─ autoprefixer@npm:^10.1.0 → npm:10.4.19 [e2971]
│     ├─ tsup@npm:^8.0.1 → npm:8.0.2 [f414b]
│     └─ vite@npm:^5.2.11 → npm:5.2.11 [df0d7]
│
├─ @medusajs/admin-shared@workspace:packages/admin/admin-shared
│  ├─ Version: 2.0.7
│  │
│  └─ Dependencies
│     ├─ @types/react@npm:18.3.2 → npm:18.3.2
│     ├─ typescript@patch:typescript@5.4.5#~builtin<compat/typescript> → patch:typescript@npm%3A5.4.5#~builtin<compat/typescript>::version=5.4.5&hash=7ad353
│     └─ tsup@npm:8.0.2 → npm:8.0.2 [00dc2]
│
├─ @medusajs/admin-vite-plugin@workspace:packages/admin/admin-vite-plugin
│  ├─ Instances: 1
│  ├─ Version: 2.0.7
│  │
│  └─ Dependencies
│     ├─ @babel/parser@npm:7.25.6 → npm:7.25.6
│     ├─ @babel/traverse@npm:7.25.6 → npm:7.25.6
│     ├─ @babel/types@npm:7.25.6 → npm:7.25.6
│     ├─ @medusajs/admin-shared@2.0.7 → workspace:packages/admin/admin-shared
│     ├─ @types/node@npm:^20.10.4 → npm:20.12.10
│     ├─ chokidar@npm:3.5.3 → npm:3.5.3
│     ├─ magic-string@npm:0.30.5 → npm:0.30.5
│     ├─ outdent@npm:^0.8.0 → npm:0.8.0
│     ├─ picocolors@npm:^1.1.0 → npm:1.1.0
│     ├─ typescript@patch:typescript@5.3.3#~builtin<compat/typescript> → patch:typescript@npm%3A5.3.3#~builtin<compat/typescript>::version=5.3.3&hash=7ad353
│     ├─ fdir@npm:6.1.1 → npm:6.1.1 [b33ce]
│     ├─ tsup@npm:8.0.1 → npm:8.0.1 [b33ce]
│     ├─ vite@npm:^5.2.11 → npm:5.2.11 [02016]
│     └─ vitest@npm:^2.1.3 → npm:2.1.3 [b33ce]
│
├─ @medusajs/dashboard@workspace:packages/admin/dashboard
│  ├─ Version: 2.0.7
│  │
│  └─ Dependencies
│     ├─ @medusajs/admin-shared@^2.0.7 → workspace:packages/admin/admin-shared
│     ├─ @medusajs/js-sdk@2.0.7 → workspace:packages/core/js-sdk
│     ├─ @types/node@npm:^20.11.15 → npm:20.12.10
│     ├─ @types/react-dom@npm:^18.2.25 → npm:18.3.0
│     ├─ @types/react@npm:^18.2.79 → npm:18.3.1
│     ├─ ajv@npm:^8.17.1 → npm:8.17.1
│     ├─ date-fns@npm:^3.6.0 → npm:3.6.0
│     ├─ i18next-browser-languagedetector@npm:7.2.0 → npm:7.2.0
│     ├─ i18next-http-backend@npm:2.4.2 → npm:2.4.2
│     ├─ i18next@npm:23.7.11 → npm:23.7.11
│     ├─ lodash@npm:^4.17.21 → npm:4.17.21
│     ├─ match-sorter@npm:^6.3.4 → npm:6.3.4
│     ├─ postcss@npm:^8.4.33 → npm:8.4.38
│     ├─ prettier@npm:^3.1.1 → npm:3.2.5
│     ├─ qs@npm:^6.12.0 → npm:6.12.1
│     ├─ react@npm:^18.2.0 → npm:18.3.1
│     ├─ tailwindcss@npm:^3.4.1 → npm:3.4.3
│     ├─ typescript@patch:typescript@5.2.2#~builtin<compat/typescript> → patch:typescript@npm%3A5.2.2#~builtin<compat/typescript>::version=5.2.2&hash=7ad353
│     ├─ zod@npm:3.22.4 → npm:3.22.4
│     ├─ @ariakit/react@npm:^0.4.1 → npm:0.4.6 [02016]
│     ├─ @dnd-kit/core@npm:^6.1.0 → npm:6.1.0 [02016]
│     ├─ @dnd-kit/sortable@npm:^8.0.0 → npm:8.0.0 [02016]
│     ├─ @hookform/error-message@npm:^2.0.1 → npm:2.0.1 [02016]
│     ├─ @hookform/resolvers@npm:3.4.2 → npm:3.4.2 [02016]
│     ├─ @medusajs/admin-vite-plugin@2.0.7 → workspace:packages/admin/admin-vite-plugin [02016]
│     ├─ @medusajs/icons@2.0.7 → workspace:packages/design-system/icons [02016]
│     ├─ @medusajs/types@2.0.7 → workspace:packages/core/types [02016]
│     ├─ @medusajs/ui-preset@2.0.7 → workspace:packages/design-system/ui-preset [02016]
│     ├─ @medusajs/ui@4.0.1 → workspace:packages/design-system/ui [02016]
│     ├─ @radix-ui/react-collapsible@npm:1.1.0 → npm:1.1.0 [02016]
│     ├─ @tanstack/react-query@npm:^5.28.14 → npm:5.35.1 [02016]
│     ├─ @tanstack/react-table@npm:8.20.5 → npm:8.20.5 [02016]
│     ├─ @tanstack/react-virtual@npm:^3.8.3 → npm:3.8.3 [02016]
│     ├─ @uiw/react-json-view@npm:^2.0.0-alpha.17 → npm:2.0.0-alpha.24 [02016]
│     ├─ @vitejs/plugin-react@npm:4.2.1 → npm:4.2.1 [02016]
│     ├─ autoprefixer@npm:^10.1.0 → npm:10.4.19 [e2971]
│     ├─ cmdk@npm:^0.2.0 → npm:0.2.1 [02016]
│     ├─ framer-motion@npm:^11.0.3 → npm:11.1.8 [02016]
│     ├─ react-country-flag@npm:^3.1.0 → npm:3.1.0 [02016]
│     ├─ react-currency-input-field@npm:^3.6.11 → npm:3.8.0 [02016]
│     ├─ react-dom@npm:^18.2.0 → npm:18.3.1 [02016]
│     ├─ react-helmet-async@npm:^2.0.5 → npm:2.0.5 [02016]
│     ├─ react-hook-form@npm:7.49.1 → npm:7.49.1 [02016]
│     ├─ react-i18next@npm:13.5.0 → npm:13.5.0 [02016]
│     ├─ react-jwt@npm:^1.2.0 → npm:1.2.1 [02016]
│     ├─ react-router-dom@npm:6.20.1 → npm:6.20.1 [02016]
│     ├─ tsup@npm:^8.0.2 → npm:8.0.2 [02016]
│     ├─ vite-plugin-inspect@npm:^0.8.7 → npm:0.8.7 [02016]
│     ├─ vite@npm:^5.2.11 → npm:5.2.11 [02016]
│     └─ vitest@npm:^2.1.4 → npm:2.1.4 [02016]
│
├─ @medusajs/types@workspace:packages/core/types
│  ├─ Instances: 1
│  ├─ Version: 2.0.7
│  │
│  └─ Dependencies
│     ├─ awilix@npm:^8.0.1 → npm:8.0.1
│     ├─ bignumber.js@npm:^9.1.2 → npm:9.1.2
│     ├─ expect-type@npm:^0.20.0 → npm:0.20.0
│     ├─ ioredis@npm:^5.4.1 → npm:5.4.1
│     ├─ rimraf@npm:^5.0.1 → npm:5.0.5
│     ├─ typescript@patch:typescript@^5.6.2#~builtin<compat/typescript> → patch:typescript@npm%3A5.6.2#~builtin<compat/typescript>::version=5.6.2&hash=7ad353
│     └─ vite@npm:^5.2.11 → npm:5.2.11 [df0d7]
│
├─ @types/compression@npm:1.7.5
│  ├─ Version: 1.7.5
│  │
│  └─ Dependencies
│     └─ @types/express@npm:* → npm:4.17.21
│
├─ @vitejs/plugin-react@npm:4.2.1
│  ├─ Instances: 1
│  ├─ Version: 4.2.1
│  │
│  └─ Dependencies
│     ├─ @babel/core@npm:^7.23.5 → npm:7.24.5
│     ├─ @babel/plugin-transform-react-jsx-self@npm:^7.23.3 → npm:7.24.5
│     ├─ @babel/plugin-transform-react-jsx-source@npm:^7.23.3 → npm:7.24.1
│     ├─ @types/babel__core@npm:^7.20.5 → npm:7.20.5
│     └─ react-refresh@npm:^0.14.0 → npm:0.14.2
│
├─ autoprefixer@npm:10.4.19
│  ├─ Instances: 1
│  ├─ Version: 10.4.19
│  │
│  ├─ Exported Binaries
│  │  └─ autoprefixer
│  │
│  └─ Dependencies
│     ├─ browserslist@npm:^4.23.0 → npm:4.23.0
│     ├─ caniuse-lite@npm:^1.0.30001599 → npm:1.0.30001616
│     ├─ fraction.js@npm:^4.3.7 → npm:4.3.7
│     ├─ normalize-range@npm:^0.1.2 → npm:0.1.2
│     ├─ picocolors@npm:^1.0.0 → npm:1.0.0
│     └─ postcss-value-parser@npm:^4.2.0 → npm:4.2.0
│
├─ compression@npm:1.7.4
│  ├─ Version: 1.7.4
│  │
│  └─ Dependencies
│     ├─ accepts@npm:~1.3.5 → npm:1.3.8
│     ├─ bytes@npm:3.0.0 → npm:3.0.0
│     ├─ compressible@npm:~2.0.16 → npm:2.0.18
│     ├─ on-headers@npm:~1.0.2 → npm:1.0.2
│     ├─ safe-buffer@npm:5.1.2 → npm:5.1.2
│     ├─ vary@npm:~1.1.2 → npm:1.1.2
│     └─ debug@npm:2.6.9 → npm:2.6.9 [44738]
│
├─ copyfiles@npm:2.4.1
│  ├─ Version: 2.4.1
│  │
│  ├─ Exported Binaries
│  │  ├─ copyfiles
│  │  └─ copyup
│  │
│  └─ Dependencies
│     ├─ glob@npm:^7.0.5 → npm:7.2.3
│     ├─ minimatch@npm:^3.0.3 → npm:3.1.2
│     ├─ mkdirp@npm:^1.0.4 → npm:1.0.4
│     ├─ noms@npm:0.0.0 → npm:0.0.0
│     ├─ through2@npm:^2.0.1 → npm:2.0.5
│     ├─ untildify@npm:^4.0.0 → npm:4.0.0
│     └─ yargs@npm:^16.1.0 → npm:16.2.0
│
├─ express@npm:4.21.0
│  ├─ Version: 4.21.0
│  │
│  └─ Dependencies
│     ├─ accepts@npm:~1.3.8 → npm:1.3.8
│     ├─ array-flatten@npm:1.1.1 → npm:1.1.1
│     ├─ body-parser@npm:1.20.3 → npm:1.20.3
│     ├─ content-disposition@npm:0.5.4 → npm:0.5.4
│     ├─ content-type@npm:~1.0.4 → npm:1.0.5
│     ├─ cookie-signature@npm:1.0.6 → npm:1.0.6
│     ├─ cookie@npm:0.6.0 → npm:0.6.0
│     ├─ depd@npm:2.0.0 → npm:2.0.0
│     ├─ encodeurl@npm:~2.0.0 → npm:2.0.0
│     ├─ escape-html@npm:~1.0.3 → npm:1.0.3
│     ├─ etag@npm:~1.8.1 → npm:1.8.1
│     ├─ finalhandler@npm:1.3.1 → npm:1.3.1
│     ├─ fresh@npm:0.5.2 → npm:0.5.2
│     ├─ http-errors@npm:2.0.0 → npm:2.0.0
│     ├─ merge-descriptors@npm:1.0.3 → npm:1.0.3
│     ├─ methods@npm:~1.1.2 → npm:1.1.2
│     ├─ on-finished@npm:2.4.1 → npm:2.4.1
│     ├─ parseurl@npm:~1.3.3 → npm:1.3.3
│     ├─ path-to-regexp@npm:0.1.10 → npm:0.1.10
│     ├─ proxy-addr@npm:~2.0.7 → npm:2.0.7
│     ├─ qs@npm:6.13.0 → npm:6.13.0
│     ├─ range-parser@npm:~1.2.1 → npm:1.2.1
│     ├─ safe-buffer@npm:5.2.1 → npm:5.2.1
│     ├─ send@npm:0.19.0 → npm:0.19.0
│     ├─ serve-static@npm:1.16.2 → npm:1.16.2
│     ├─ setprototypeof@npm:1.2.0 → npm:1.2.0
│     ├─ statuses@npm:2.0.1 → npm:2.0.1
│     ├─ type-is@npm:~1.6.18 → npm:1.6.18
│     ├─ utils-merge@npm:1.0.1 → npm:1.0.1
│     ├─ vary@npm:~1.1.2 → npm:1.1.2
│     └─ debug@npm:2.6.9 → npm:2.6.9 [44738]
│
├─ postcss@npm:8.4.38
│  ├─ Version: 8.4.38
│  │
│  └─ Dependencies
│     ├─ nanoid@npm:^3.3.7 → npm:3.3.7
│     ├─ picocolors@npm:^1.0.0 → npm:1.0.0
│     └─ source-map-js@npm:^1.2.0 → npm:1.2.0
│
├─ tailwindcss@npm:3.4.3
│  ├─ Version: 3.4.3
│  │
│  ├─ Exported Binaries
│  │  ├─ tailwind
│  │  └─ tailwindcss
│  │
│  └─ Dependencies
│     ├─ @alloc/quick-lru@npm:^5.2.0 → npm:5.2.0
│     ├─ arg@npm:^5.0.2 → npm:5.0.2
│     ├─ chokidar@npm:^3.5.3 → npm:3.6.0
│     ├─ didyoumean@npm:^1.2.2 → npm:1.2.2
│     ├─ dlv@npm:^1.1.3 → npm:1.1.3
│     ├─ fast-glob@npm:^3.3.0 → npm:3.3.2
│     ├─ glob-parent@npm:^6.0.2 → npm:6.0.2
│     ├─ is-glob@npm:^4.0.3 → npm:4.0.3
│     ├─ jiti@npm:^1.21.0 → npm:1.21.0
│     ├─ lilconfig@npm:^2.1.0 → npm:2.1.0
│     ├─ micromatch@npm:^4.0.5 → npm:4.0.5
│     ├─ normalize-path@npm:^3.0.0 → npm:3.0.0
│     ├─ object-hash@npm:^3.0.0 → npm:3.0.0
│     ├─ picocolors@npm:^1.0.0 → npm:1.0.0
│     ├─ postcss-selector-parser@npm:^6.0.11 → npm:6.0.16
│     ├─ postcss@npm:^8.4.23 → npm:8.4.38
│     ├─ resolve@patch:resolve@^1.22.2#~builtin<compat/resolve> → patch:resolve@npm%3A1.22.8#~builtin<compat/resolve>::version=1.22.8&hash=07638b
│     ├─ sucrase@npm:^3.32.0 → npm:3.35.0
│     ├─ postcss-import@npm:^15.1.0 → npm:15.1.0 [deb88]
│     ├─ postcss-js@npm:^4.0.1 → npm:4.0.1 [deb88]
│     ├─ postcss-load-config@npm:^4.0.1 → npm:4.0.2 [deb88]
│     └─ postcss-nested@npm:^6.0.1 → npm:6.0.1 [deb88]
│
├─ tsup@npm:8.0.2
│  ├─ Instances: 1
│  ├─ Version: 8.0.2
│  │
│  ├─ Exported Binaries
│  │  ├─ tsup
│  │  └─ tsup-node
│  │
│  └─ Dependencies
│     ├─ bundle-require@npm:^4.0.0 → npm:4.1.0
│     ├─ cac@npm:^6.7.12 → npm:6.7.14
│     ├─ chokidar@npm:^3.5.1 → npm:3.6.0
│     ├─ debug@npm:^4.3.1 → npm:4.3.4
│     ├─ esbuild@npm:^0.19.2 → npm:0.19.12
│     ├─ execa@npm:^5.0.0 → npm:5.1.1
│     ├─ globby@npm:^11.0.3 → npm:11.1.0
│     ├─ joycon@npm:^3.0.1 → npm:3.1.1
│     ├─ postcss-load-config@npm:^4.0.1 → npm:4.0.2
│     ├─ resolve-from@npm:^5.0.0 → npm:5.0.0
│     ├─ rollup@npm:^4.0.2 → npm:4.17.2
│     ├─ source-map@npm:0.8.0-beta.0 → npm:0.8.0-beta.0
│     ├─ sucrase@npm:^3.20.3 → npm:3.35.0
│     └─ tree-kill@npm:^1.2.2 → npm:1.2.2
│
├─ typescript@patch:typescript@npm%3A5.4.5#~builtin<compat/typescript>::version=5.4.5&hash=7ad353
│  ├─ Version: 5.4.5
│  │
│  └─ Exported Binaries
│     ├─ tsc
│     └─ tsserver
│
└─ vite@npm:5.2.11
   ├─ Instances: 1
   ├─ Version: 5.2.11
   │
   ├─ Exported Binaries
   │  └─ vite
   │
   └─ Dependencies
      ├─ esbuild@npm:^0.20.1 → npm:0.20.2
      ├─ fsevents@patch:fsevents@~2.3.3#~builtin<compat/fsevents> → patch:fsevents@npm%3A2.3.3#~builtin<compat/fsevents>::version=2.3.3&hash=18f3a7
      ├─ postcss@npm:^8.4.38 → npm:8.4.38
      └─ rollup@npm:^4.13.0 → npm:4.17.2
