├─ @babel/parser@npm:7.25.6
│  ├─ Version: 7.25.6
│  │
│  ├─ Exported Binaries
│  │  └─ parser
│  │
│  └─ Dependencies
│     └─ @babel/types@npm:^7.25.6 → npm:7.25.6
│
├─ @babel/traverse@npm:7.25.6
│  ├─ Version: 7.25.6
│  │
│  └─ Dependencies
│     ├─ @babel/code-frame@npm:^7.24.7 → npm:7.24.7
│     ├─ @babel/generator@npm:^7.25.6 → npm:7.25.6
│     ├─ @babel/parser@npm:^7.25.6 → npm:7.25.6
│     ├─ @babel/template@npm:^7.25.0 → npm:7.25.0
│     ├─ @babel/types@npm:^7.25.6 → npm:7.25.6
│     ├─ globals@npm:^11.1.0 → npm:11.12.0
│     └─ debug@npm:^4.3.2 → npm:4.3.4 [1ff4b]
│
├─ @babel/types@npm:7.25.6
│  ├─ Version: 7.25.6
│  │
│  └─ Dependencies
│     ├─ @babel/helper-string-parser@npm:^7.24.8 → npm:7.24.8
│     ├─ @babel/helper-validator-identifier@npm:^7.24.7 → npm:7.24.7
│     └─ to-fast-properties@npm:^2.0.0 → npm:2.0.0
│
├─ @medusajs/admin-shared@workspace:packages/admin/admin-shared
│  ├─ Version: 2.0.7
│  │
│  └─ Dependencies
│     ├─ @types/react@npm:18.3.2 → npm:18.3.2
│     ├─ typescript@patch:typescript@5.4.5#~builtin<compat/typescript> → patch:typescript@npm%3A5.4.5#~builtin<compat/typescript>::version=5.4.5&hash=7ad353
│     └─ tsup@npm:8.0.2 → npm:8.0.2 [00dc2]
│
├─ @medusajs/admin-vite-plugin@workspace:packages/admin/admin-vite-plugin
│  ├─ Version: 2.0.7
│  │
│  └─ Dependencies
│     ├─ @babel/parser@npm:7.25.6 → npm:7.25.6
│     ├─ @babel/traverse@npm:7.25.6 → npm:7.25.6
│     ├─ @babel/types@npm:7.25.6 → npm:7.25.6
│     ├─ @medusajs/admin-shared@2.0.7 → workspace:packages/admin/admin-shared
│     ├─ @types/node@npm:^20.10.4 → npm:20.12.10
│     ├─ chokidar@npm:3.5.3 → npm:3.5.3
│     ├─ magic-string@npm:0.30.5 → npm:0.30.5
│     ├─ outdent@npm:^0.8.0 → npm:0.8.0
│     ├─ picocolors@npm:^1.1.0 → npm:1.1.0
│     ├─ typescript@patch:typescript@5.3.3#~builtin<compat/typescript> → patch:typescript@npm%3A5.3.3#~builtin<compat/typescript>::version=5.3.3&hash=7ad353
│     ├─ fdir@npm:6.1.1 → npm:6.1.1 [b33ce]
│     ├─ tsup@npm:8.0.1 → npm:8.0.1 [b33ce]
│     ├─ vite@npm:^5.2.11 → npm:5.2.11 [02016]
│     └─ vitest@npm:^2.1.3 → npm:2.1.3 [b33ce]
│
├─ @types/node@npm:20.12.10
│  ├─ Version: 20.12.10
│  │
│  └─ Dependencies
│     └─ undici-types@npm:~5.26.4 → npm:5.26.5
│
├─ chokidar@npm:3.5.3
│  ├─ Version: 3.5.3
│  │
│  └─ Dependencies
│     ├─ anymatch@npm:~3.1.2 → npm:3.1.3
│     ├─ braces@npm:~3.0.2 → npm:3.0.2
│     ├─ fsevents@patch:fsevents@~2.3.2#~builtin<compat/fsevents> → patch:fsevents@npm%3A2.3.3#~builtin<compat/fsevents>::version=2.3.3&hash=18f3a7
│     ├─ glob-parent@npm:~5.1.2 → npm:5.1.2
│     ├─ is-binary-path@npm:~2.1.0 → npm:2.1.0
│     ├─ is-glob@npm:~4.0.1 → npm:4.0.3
│     ├─ normalize-path@npm:~3.0.0 → npm:3.0.0
│     └─ readdirp@npm:~3.6.0 → npm:3.6.0
│
├─ fdir@npm:6.1.1
│  ├─ Instances: 1
│  └─ Version: 6.1.1
│
├─ magic-string@npm:0.30.5
│  ├─ Version: 0.30.5
│  │
│  └─ Dependencies
│     └─ @jridgewell/sourcemap-codec@npm:^1.4.15 → npm:1.4.15
│
├─ outdent@npm:0.8.0
│  └─ Version: 0.8.0
│
├─ picocolors@npm:1.1.0
│  └─ Version: 1.1.0
│
├─ tsup@npm:8.0.1
│  ├─ Instances: 1
│  ├─ Version: 8.0.1
│  │
│  ├─ Exported Binaries
│  │  ├─ tsup
│  │  └─ tsup-node
│  │
│  └─ Dependencies
│     ├─ bundle-require@npm:^4.0.0 → npm:4.1.0
│     ├─ cac@npm:^6.7.12 → npm:6.7.14
│     ├─ chokidar@npm:^3.5.1 → npm:3.6.0
│     ├─ debug@npm:^4.3.1 → npm:4.3.4
│     ├─ esbuild@npm:^0.19.2 → npm:0.19.12
│     ├─ execa@npm:^5.0.0 → npm:5.1.1
│     ├─ globby@npm:^11.0.3 → npm:11.1.0
│     ├─ joycon@npm:^3.0.1 → npm:3.1.1
│     ├─ postcss-load-config@npm:^4.0.1 → npm:4.0.2
│     ├─ resolve-from@npm:^5.0.0 → npm:5.0.0
│     ├─ rollup@npm:^4.0.2 → npm:4.17.2
│     ├─ source-map@npm:0.8.0-beta.0 → npm:0.8.0-beta.0
│     ├─ sucrase@npm:^3.20.3 → npm:3.35.0
│     └─ tree-kill@npm:^1.2.2 → npm:1.2.2
│
├─ typescript@patch:typescript@npm%3A5.3.3#~builtin<compat/typescript>::version=5.3.3&hash=7ad353
│  ├─ Version: 5.3.3
│  │
│  └─ Exported Binaries
│     ├─ tsc
│     └─ tsserver
│
├─ vite@npm:5.2.11
│  ├─ Instances: 1
│  ├─ Version: 5.2.11
│  │
│  ├─ Exported Binaries
│  │  └─ vite
│  │
│  └─ Dependencies
│     ├─ esbuild@npm:^0.20.1 → npm:0.20.2
│     ├─ fsevents@patch:fsevents@~2.3.3#~builtin<compat/fsevents> → patch:fsevents@npm%3A2.3.3#~builtin<compat/fsevents>::version=2.3.3&hash=18f3a7
│     ├─ postcss@npm:^8.4.38 → npm:8.4.38
│     └─ rollup@npm:^4.13.0 → npm:4.17.2
│
└─ vitest@npm:2.1.3
   ├─ Instances: 1
   ├─ Version: 2.1.3
   │
   ├─ Exported Binaries
   │  └─ vitest
   │
   └─ Dependencies
      ├─ @vitest/expect@npm:2.1.3 → npm:2.1.3
      ├─ @vitest/mocker@npm:2.1.3 → npm:2.1.3
      ├─ @vitest/pretty-format@npm:^2.1.3 → npm:2.1.3
      ├─ @vitest/runner@npm:2.1.3 → npm:2.1.3
      ├─ @vitest/snapshot@npm:2.1.3 → npm:2.1.3
      ├─ @vitest/spy@npm:2.1.3 → npm:2.1.3
      ├─ @vitest/utils@npm:2.1.3 → npm:2.1.3
      ├─ chai@npm:^5.1.1 → npm:5.1.1
      ├─ debug@npm:^4.3.6 → npm:4.3.7
      ├─ magic-string@npm:^0.30.11 → npm:0.30.12
      ├─ pathe@npm:^1.1.2 → npm:1.1.2
      ├─ std-env@npm:^3.7.0 → npm:3.7.0
      ├─ tinybench@npm:^2.9.0 → npm:2.9.0
      ├─ tinyexec@npm:^0.3.0 → npm:0.3.0
      ├─ tinypool@npm:^1.0.0 → npm:1.0.1
      ├─ tinyrainbow@npm:^1.2.0 → npm:1.2.0
      ├─ vite-node@npm:2.1.3 → npm:2.1.3
      ├─ vite@npm:^5.0.0 → npm:5.4.9
      └─ why-is-node-running@npm:^2.3.0 → npm:2.3.0
