├─ @medusajs/telemetry@workspace:packages/medusa-telemetry
│  ├─ Version: 2.0.7
│  │
│  └─ Dependencies
│     ├─ @babel/runtime@npm:^7.22.10 → npm:7.24.5
│     ├─ axios-retry@npm:^3.1.9 → npm:3.9.1
│     ├─ axios@npm:^0.21.4 → npm:0.21.4
│     ├─ boxen@npm:^5.0.1 → npm:5.1.2
│     ├─ ci-info@npm:^3.2.0 → npm:3.9.0
│     ├─ configstore@npm:5.0.1 → npm:5.0.1
│     ├─ cross-env@npm:^5.2.1 → npm:5.2.1
│     ├─ global@npm:^4.4.0 → npm:4.4.0
│     ├─ is-docker@npm:^2.2.1 → npm:2.2.1
│     ├─ nodemon@npm:^2.0.20 → npm:2.0.22
│     ├─ remove-trailing-slash@npm:^0.1.1 → npm:0.1.1
│     ├─ rimraf@npm:^3.0.2 → npm:3.0.2
│     ├─ typescript@patch:typescript@^5.6.2#~builtin<compat/typescript> → patch:typescript@npm%3A5.6.2#~builtin<compat/typescript>::version=5.6.2&hash=7ad353
│     ├─ uuid@npm:^8.3.2 → npm:8.3.2
│     └─ jest@npm:29.7.0 → npm:29.7.0 [36a01]
│
├─ @types/chalk@npm:2.2.0
│  ├─ Version: 2.2.0
│  │
│  └─ Dependencies
│     └─ chalk@npm:* → npm:5.3.0
│
├─ @types/commander@npm:2.12.2
│  ├─ Version: 2.12.2
│  │
│  └─ Dependencies
│     └─ commander@npm:* → npm:12.1.0
│
├─ @types/configstore@npm:6.0.2
│  └─ Version: 6.0.2
│
├─ @types/inquirer@npm:9.0.7
│  ├─ Version: 9.0.7
│  │
│  └─ Dependencies
│     ├─ @types/through@npm:* → npm:0.0.33
│     └─ rxjs@npm:^7.2.0 → npm:7.8.1
│
├─ @types/node-emoji@npm:1.8.2
│  └─ Version: 1.8.2
│
├─ @types/node@npm:20.12.12
│  ├─ Version: 20.12.12
│  │
│  └─ Dependencies
│     └─ undici-types@npm:~5.26.4 → npm:5.26.5
│
├─ @types/pg@npm:8.11.10
│  ├─ Version: 8.11.10
│  │
│  └─ Dependencies
│     ├─ @types/node@npm:* → npm:20.12.10
│     ├─ pg-protocol@npm:* → npm:1.6.1
│     └─ pg-types@npm:^4.0.1 → npm:4.0.2
│
├─ @types/uuid@npm:9.0.8
│  └─ Version: 9.0.8
│
├─ @types/validator@npm:13.12.2
│  └─ Version: 13.12.2
│
├─ @types/wait-on@npm:5.3.4
│  ├─ Version: 5.3.4
│  │
│  └─ Dependencies
│     └─ @types/node@npm:* → npm:20.12.10
│
├─ @typescript-eslint/eslint-plugin@npm:6.21.0
│  ├─ Instances: 1
│  ├─ Version: 6.21.0
│  │
│  └─ Dependencies
│     ├─ @eslint-community/regexpp@npm:^4.5.1 → npm:4.10.0
│     ├─ @typescript-eslint/scope-manager@npm:6.21.0 → npm:6.21.0
│     ├─ @typescript-eslint/type-utils@npm:6.21.0 → npm:6.21.0
│     ├─ @typescript-eslint/utils@npm:6.21.0 → npm:6.21.0
│     ├─ @typescript-eslint/visitor-keys@npm:6.21.0 → npm:6.21.0
│     ├─ debug@npm:^4.3.4 → npm:4.3.4
│     ├─ graphemer@npm:^1.4.0 → npm:1.4.0
│     ├─ ignore@npm:^5.2.4 → npm:5.3.1
│     ├─ natural-compare@npm:^1.4.0 → npm:1.4.0
│     ├─ semver@npm:^7.5.4 → npm:7.6.0
│     └─ ts-api-utils@npm:^1.0.1 → npm:1.3.0
│
├─ @typescript-eslint/parser@npm:6.21.0
│  ├─ Instances: 1
│  ├─ Version: 6.21.0
│  │
│  └─ Dependencies
│     ├─ @typescript-eslint/scope-manager@npm:6.21.0 → npm:6.21.0
│     ├─ @typescript-eslint/types@npm:6.21.0 → npm:6.21.0
│     ├─ @typescript-eslint/typescript-estree@npm:6.21.0 → npm:6.21.0
│     ├─ @typescript-eslint/visitor-keys@npm:6.21.0 → npm:6.21.0
│     └─ debug@npm:^4.3.4 → npm:4.3.4
│
├─ boxen@npm:5.1.2
│  ├─ Version: 5.1.2
│  │
│  └─ Dependencies
│     ├─ ansi-align@npm:^3.0.0 → npm:3.0.1
│     ├─ camelcase@npm:^6.2.0 → npm:6.3.0
│     ├─ chalk@npm:^4.1.0 → npm:4.1.2
│     ├─ cli-boxes@npm:^2.2.1 → npm:2.2.1
│     ├─ string-width@npm:^4.2.2 → npm:4.2.3
│     ├─ type-fest@npm:^0.20.2 → npm:0.20.2
│     ├─ widest-line@npm:^3.1.0 → npm:3.1.0
│     └─ wrap-ansi@npm:^7.0.0 → npm:7.0.0
│
├─ chalk@npm:5.3.0
│  └─ Version: 5.3.0
│
├─ commander@npm:10.0.1
│  └─ Version: 10.0.1
│
├─ configstore@npm:6.0.0
│  ├─ Version: 6.0.0
│  │
│  └─ Dependencies
│     ├─ dot-prop@npm:^6.0.1 → npm:6.0.1
│     ├─ graceful-fs@npm:^4.2.6 → npm:4.2.11
│     ├─ unique-string@npm:^3.0.0 → npm:3.0.0
│     ├─ write-file-atomic@npm:^3.0.3 → npm:3.0.3
│     └─ xdg-basedir@npm:^5.0.1 → npm:5.1.0
│
├─ create-medusa-app@workspace:packages/cli/create-medusa-app
│  ├─ Version: 2.0.7
│  │
│  ├─ Exported Binaries
│  │  └─ create-medusa-app
│  │
│  └─ Dependencies
│     ├─ @medusajs/telemetry@^2.0.7 → workspace:packages/medusa-telemetry
│     ├─ @types/chalk@npm:^2.2.0 → npm:2.2.0
│     ├─ @types/commander@npm:^2.12.2 → npm:2.12.2
│     ├─ @types/configstore@npm:^6.0.0 → npm:6.0.2
│     ├─ @types/inquirer@npm:^9.0.3 → npm:9.0.7
│     ├─ @types/node-emoji@npm:^1.8.2 → npm:1.8.2
│     ├─ @types/node@npm:^20.12.11 → npm:20.12.12
│     ├─ @types/pg@npm:^8.6.6 → npm:8.11.10
│     ├─ @types/uuid@npm:^9.0.1 → npm:9.0.8
│     ├─ @types/validator@npm:^13.7.17 → npm:13.12.2
│     ├─ @types/wait-on@npm:^5.3.1 → npm:5.3.4
│     ├─ boxen@npm:^5 → npm:5.1.2
│     ├─ chalk@npm:^5.2.0 → npm:5.3.0
│     ├─ commander@npm:^10.0.1 → npm:10.0.1
│     ├─ configstore@npm:^6.0.0 → npm:6.0.0
│     ├─ eslint@npm:^8.40.0 → npm:8.57.1
│     ├─ inquirer@npm:^9.2.2 → npm:9.3.6
│     ├─ nanoid@npm:^4.0.2 → npm:4.0.2
│     ├─ node-emoji@npm:^2.0.2 → npm:2.1.3
│     ├─ node-fetch@npm:^3.3.1 → npm:3.3.2
│     ├─ open@npm:^9.1.0 → npm:9.1.0
│     ├─ ora@npm:^6.3.0 → npm:6.3.1
│     ├─ prettier@npm:^2.8.8 → npm:2.8.8
│     ├─ slugify@npm:^1.6.6 → npm:1.6.6
│     ├─ typescript@patch:typescript@^5.6.2#~builtin<compat/typescript> → patch:typescript@npm%3A5.6.2#~builtin<compat/typescript>::version=5.6.2&hash=7ad353
│     ├─ uuid@npm:^9.0.0 → npm:9.0.1
│     ├─ validator@npm:^13.9.0 → npm:13.12.0
│     ├─ wait-on@npm:^7.0.1 → npm:7.2.0
│     ├─ winston@npm:^3.9.0 → npm:3.14.2
│     ├─ @typescript-eslint/eslint-plugin@npm:^6.19.0 → npm:6.21.0 [94e9d]
│     ├─ @typescript-eslint/parser@npm:^6.19.0 → npm:6.21.0 [94e9d]
│     ├─ eslint-config-google@npm:^0.14.0 → npm:0.14.0 [94e9d]
│     ├─ eslint-config-prettier@npm:^8.8.0 → npm:8.10.0 [94e9d]
│     ├─ eslint-plugin-prettier@npm:^4.2.1 → npm:4.2.1 [94e9d]
│     ├─ pg@npm:8.11.3 → npm:8.11.3 [6c403]
│     └─ ts-node@npm:^10.9.1 → npm:10.9.2 [94e9d]
│
├─ eslint-config-google@npm:0.14.0
│  ├─ Instances: 1
│  └─ Version: 0.14.0
│
├─ eslint-config-prettier@npm:8.10.0
│  ├─ Instances: 1
│  ├─ Version: 8.10.0
│  │
│  └─ Exported Binaries
│     └─ eslint-config-prettier
│
├─ eslint-plugin-prettier@npm:4.2.1
│  ├─ Instances: 1
│  ├─ Version: 4.2.1
│  │
│  └─ Dependencies
│     └─ prettier-linter-helpers@npm:^1.0.0 → npm:1.0.0
│
├─ eslint@npm:8.57.1
│  ├─ Version: 8.57.1
│  │
│  ├─ Exported Binaries
│  │  └─ eslint
│  │
│  └─ Dependencies
│     ├─ @eslint-community/regexpp@npm:^4.6.1 → npm:4.10.0
│     ├─ @eslint/eslintrc@npm:^2.1.4 → npm:2.1.4
│     ├─ @eslint/js@npm:8.57.1 → npm:8.57.1
│     ├─ @humanwhocodes/config-array@npm:^0.13.0 → npm:0.13.0
│     ├─ @humanwhocodes/module-importer@npm:^1.0.1 → npm:1.0.1
│     ├─ @nodelib/fs.walk@npm:^1.2.8 → npm:1.2.8
│     ├─ @ungap/structured-clone@npm:^1.2.0 → npm:1.2.0
│     ├─ ajv@npm:^6.12.4 → npm:6.12.6
│     ├─ chalk@npm:^4.0.0 → npm:4.1.2
│     ├─ cross-spawn@npm:^7.0.2 → npm:7.0.3
│     ├─ doctrine@npm:^3.0.0 → npm:3.0.0
│     ├─ escape-string-regexp@npm:^4.0.0 → npm:4.0.0
│     ├─ eslint-scope@npm:^7.2.2 → npm:7.2.2
│     ├─ eslint-visitor-keys@npm:^3.4.3 → npm:3.4.3
│     ├─ espree@npm:^9.6.1 → npm:9.6.1
│     ├─ esquery@npm:^1.4.2 → npm:1.5.0
│     ├─ esutils@npm:^2.0.2 → npm:2.0.3
│     ├─ fast-deep-equal@npm:^3.1.3 → npm:3.1.3
│     ├─ file-entry-cache@npm:^6.0.1 → npm:6.0.1
│     ├─ find-up@npm:^5.0.0 → npm:5.0.0
│     ├─ glob-parent@npm:^6.0.2 → npm:6.0.2
│     ├─ globals@npm:^13.19.0 → npm:13.24.0
│     ├─ graphemer@npm:^1.4.0 → npm:1.4.0
│     ├─ ignore@npm:^5.2.0 → npm:5.3.1
│     ├─ imurmurhash@npm:^0.1.4 → npm:0.1.4
│     ├─ is-glob@npm:^4.0.0 → npm:4.0.3
│     ├─ is-path-inside@npm:^3.0.3 → npm:3.0.3
│     ├─ js-yaml@npm:^4.1.0 → npm:4.1.0
│     ├─ json-stable-stringify-without-jsonify@npm:^1.0.1 → npm:1.0.1
│     ├─ levn@npm:^0.4.1 → npm:0.4.1
│     ├─ lodash.merge@npm:^4.6.2 → npm:4.6.2
│     ├─ minimatch@npm:^3.1.2 → npm:3.1.2
│     ├─ natural-compare@npm:^1.4.0 → npm:1.4.0
│     ├─ optionator@npm:^0.9.3 → npm:0.9.4
│     ├─ strip-ansi@npm:^6.0.1 → npm:6.0.1
│     ├─ text-table@npm:^0.2.0 → npm:0.2.0
│     ├─ @eslint-community/eslint-utils@npm:^4.2.0 → npm:4.4.0 [dd202]
│     └─ debug@npm:^4.3.2 → npm:4.3.4 [1ff4b]
│
├─ inquirer@npm:9.3.6
│  ├─ Version: 9.3.6
│  │
│  └─ Dependencies
│     ├─ @inquirer/figures@npm:^1.0.3 → npm:1.0.6
│     ├─ ansi-escapes@npm:^4.3.2 → npm:4.3.2
│     ├─ cli-width@npm:^4.1.0 → npm:4.1.0
│     ├─ external-editor@npm:^3.1.0 → npm:3.1.0
│     ├─ mute-stream@npm:1.0.0 → npm:1.0.0
│     ├─ ora@npm:^5.4.1 → npm:5.4.1
│     ├─ run-async@npm:^3.0.0 → npm:3.0.0
│     ├─ rxjs@npm:^7.8.1 → npm:7.8.1
│     ├─ string-width@npm:^4.2.3 → npm:4.2.3
│     ├─ strip-ansi@npm:^6.0.1 → npm:6.0.1
│     ├─ wrap-ansi@npm:^6.2.0 → npm:6.2.0
│     └─ yoctocolors-cjs@npm:^2.1.2 → npm:2.1.2
│
├─ nanoid@npm:4.0.2
│  ├─ Version: 4.0.2
│  │
│  └─ Exported Binaries
│     └─ nanoid
│
├─ node-emoji@npm:2.1.3
│  ├─ Version: 2.1.3
│  │
│  └─ Dependencies
│     ├─ @sindresorhus/is@npm:^4.6.0 → npm:4.6.0
│     ├─ char-regex@npm:^1.0.2 → npm:1.0.2
│     ├─ emojilib@npm:^2.4.0 → npm:2.4.0
│     └─ skin-tone@npm:^2.0.0 → npm:2.0.0
│
├─ node-fetch@npm:3.3.2
│  ├─ Version: 3.3.2
│  │
│  └─ Dependencies
│     ├─ data-uri-to-buffer@npm:^4.0.0 → npm:4.0.1
│     ├─ fetch-blob@npm:^3.1.4 → npm:3.2.0
│     └─ formdata-polyfill@npm:^4.0.10 → npm:4.0.10
│
├─ open@npm:9.1.0
│  ├─ Version: 9.1.0
│  │
│  └─ Dependencies
│     ├─ default-browser@npm:^4.0.0 → npm:4.0.0
│     ├─ define-lazy-prop@npm:^3.0.0 → npm:3.0.0
│     ├─ is-inside-container@npm:^1.0.0 → npm:1.0.0
│     └─ is-wsl@npm:^2.2.0 → npm:2.2.0
│
├─ ora@npm:6.3.1
│  ├─ Version: 6.3.1
│  │
│  └─ Dependencies
│     ├─ chalk@npm:^5.0.0 → npm:5.3.0
│     ├─ cli-cursor@npm:^4.0.0 → npm:4.0.0
│     ├─ cli-spinners@npm:^2.6.1 → npm:2.9.2
│     ├─ is-interactive@npm:^2.0.0 → npm:2.0.0
│     ├─ is-unicode-supported@npm:^1.1.0 → npm:1.3.0
│     ├─ log-symbols@npm:^5.1.0 → npm:5.1.0
│     ├─ stdin-discarder@npm:^0.1.0 → npm:0.1.0
│     ├─ strip-ansi@npm:^7.0.1 → npm:7.1.0
│     └─ wcwidth@npm:^1.0.1 → npm:1.0.1
│
├─ pg@npm:8.11.3
│  ├─ Instances: 1
│  ├─ Version: 8.11.3
│  │
│  └─ Dependencies
│     ├─ buffer-writer@npm:2.0.0 → npm:2.0.0
│     ├─ packet-reader@npm:1.0.0 → npm:1.0.0
│     ├─ pg-cloudflare@npm:^1.1.1 → npm:1.1.1
│     ├─ pg-connection-string@npm:^2.6.2 → npm:2.6.4
│     ├─ pg-pool@npm:^3.6.1 → npm:3.6.2
│     ├─ pg-protocol@npm:^1.6.0 → npm:1.6.1
│     ├─ pg-types@npm:^2.1.0 → npm:2.2.0
│     └─ pgpass@npm:1.x → npm:1.0.5
│
├─ prettier@npm:2.8.8
│  ├─ Version: 2.8.8
│  │
│  └─ Exported Binaries
│     └─ prettier
│
├─ slugify@npm:1.6.6
│  └─ Version: 1.6.6
│
├─ ts-node@npm:10.9.2
│  ├─ Instances: 1
│  ├─ Version: 10.9.2
│  │
│  ├─ Exported Binaries
│  │  ├─ ts-node
│  │  ├─ ts-node-cwd
│  │  ├─ ts-node-esm
│  │  ├─ ts-node-script
│  │  ├─ ts-node-transpile-only
│  │  └─ ts-script
│  │
│  └─ Dependencies
│     ├─ @cspotcode/source-map-support@npm:^0.8.0 → npm:0.8.1
│     ├─ @tsconfig/node10@npm:^1.0.7 → npm:1.0.11
│     ├─ @tsconfig/node12@npm:^1.0.7 → npm:1.0.11
│     ├─ @tsconfig/node14@npm:^1.0.0 → npm:1.0.3
│     ├─ @tsconfig/node16@npm:^1.0.2 → npm:1.0.4
│     ├─ acorn-walk@npm:^8.1.1 → npm:8.3.2
│     ├─ acorn@npm:^8.4.1 → npm:8.11.3
│     ├─ arg@npm:^4.1.0 → npm:4.1.3
│     ├─ create-require@npm:^1.1.0 → npm:1.1.1
│     ├─ diff@npm:^4.0.1 → npm:4.0.2
│     ├─ make-error@npm:^1.1.1 → npm:1.3.6
│     ├─ v8-compile-cache-lib@npm:^3.0.1 → npm:3.0.1
│     └─ yn@npm:3.1.1 → npm:3.1.1
│
├─ typescript@patch:typescript@npm%3A5.6.2#~builtin<compat/typescript>::version=5.6.2&hash=7ad353
│  ├─ Version: 5.6.2
│  │
│  └─ Exported Binaries
│     ├─ tsc
│     └─ tsserver
│
├─ uuid@npm:9.0.1
│  ├─ Version: 9.0.1
│  │
│  └─ Exported Binaries
│     └─ uuid
│
├─ validator@npm:13.12.0
│  └─ Version: 13.12.0
│
├─ wait-on@npm:7.2.0
│  ├─ Version: 7.2.0
│  │
│  ├─ Exported Binaries
│  │  └─ wait-on
│  │
│  └─ Dependencies
│     ├─ axios@npm:^1.6.1 → npm:1.7.7
│     ├─ joi@npm:^17.11.0 → npm:17.13.1
│     ├─ lodash@npm:^4.17.21 → npm:4.17.21
│     ├─ minimist@npm:^1.2.8 → npm:1.2.8
│     └─ rxjs@npm:^7.8.1 → npm:7.8.1
│
└─ winston@npm:3.14.2
   ├─ Version: 3.14.2
   │
   └─ Dependencies
      ├─ @colors/colors@npm:^1.6.0 → npm:1.6.0
      ├─ @dabh/diagnostics@npm:^2.0.2 → npm:2.0.3
      ├─ async@npm:^3.2.3 → npm:3.2.5
      ├─ is-stream@npm:^2.0.0 → npm:2.0.1
      ├─ logform@npm:^2.6.0 → npm:2.6.1
      ├─ one-time@npm:^1.0.0 → npm:1.0.0
      ├─ readable-stream@npm:^3.4.0 → npm:3.6.2
      ├─ safe-stable-stringify@npm:^2.3.1 → npm:2.4.3
      ├─ stack-trace@npm:0.0.x → npm:0.0.10
      ├─ triple-beam@npm:^1.3.0 → npm:1.4.1
      └─ winston-transport@npm:^4.7.0 → npm:4.7.0
