├─ @medusajs/customer@workspace:packages/modules/customer
│  ├─ Version: 2.0.7
│  │
│  └─ Dependencies
│     ├─ rimraf@npm:^3.0.2 → npm:3.0.2
│     ├─ tsc-alias@npm:^1.8.6 → npm:1.8.8
│     ├─ typescript@patch:typescript@^5.6.2#~builtin<compat/typescript> → patch:typescript@npm%3A5.6.2#~builtin<compat/typescript>::version=5.6.2&hash=7ad353
│     ├─ @medusajs/framework@^2.0.7 → workspace:packages/core/framework [1e4d6]
│     ├─ @medusajs/test-utils@^2.0.7 → workspace:packages/medusa-test-utils [1e4d6]
│     ├─ @mikro-orm/cli@npm:5.9.7 → npm:5.9.7 [1e4d6]
│     ├─ @mikro-orm/core@npm:5.9.7 → npm:5.9.7 [1e4d6]
│     ├─ @mikro-orm/migrations@npm:5.9.7 → npm:5.9.7 [1e4d6]
│     ├─ @mikro-orm/postgresql@npm:5.9.7 → npm:5.9.7 [1e4d6]
│     ├─ @swc/core@npm:^1.7.28 → npm:1.7.28 [161a1]
│     ├─ @swc/jest@npm:^0.2.36 → npm:0.2.36 [161a1]
│     └─ jest@npm:29.7.0 → npm:29.7.0 [36a01]
│
├─ @medusajs/framework@workspace:packages/core/framework
│  ├─ Instances: 1
│  ├─ Version: 2.0.7
│  │
│  ├─ Exported Binaries
│  │  └─ medusa-mikro-orm
│  │
│  └─ Dependencies
│     ├─ @jercle/yargonaut@npm:^1.1.5 → npm:1.1.5
│     ├─ @medusajs/telemetry@^2.0.7 → workspace:packages/medusa-telemetry
│     ├─ @opentelemetry/api@npm:^1.9.0 → npm:1.9.0
│     ├─ @types/express@npm:^4.17.17 → npm:4.17.21
│     ├─ @types/jsonwebtoken@npm:^8.5.9 → npm:8.5.9
│     ├─ awilix@npm:^8.0.1 → npm:8.0.1
│     ├─ connect-redis@npm:5.2.0 → npm:5.2.0
│     ├─ cookie-parser@npm:^1.4.6 → npm:1.4.6
│     ├─ cors@npm:^2.8.5 → npm:2.8.5
│     ├─ express-session@npm:^1.17.3 → npm:1.18.0
│     ├─ express@npm:^4.21.0 → npm:4.21.0
│     ├─ ioredis@npm:^5.4.1 → npm:5.4.1
│     ├─ jsonwebtoken@npm:^9.0.2 → npm:9.0.2
│     ├─ morgan@npm:^1.9.1 → npm:1.10.0
│     ├─ rimraf@npm:^3.0.2 → npm:3.0.2
│     ├─ supertest@npm:^4.0.2 → npm:4.0.2
│     ├─ tsconfig-paths@npm:^4.2.0 → npm:4.2.0
│     ├─ typescript@patch:typescript@^5.6.2#~builtin<compat/typescript> → patch:typescript@npm%3A5.6.2#~builtin<compat/typescript>::version=5.6.2&hash=7ad353
│     ├─ zod@npm:3.22.4 → npm:3.22.4
│     ├─ @medusajs/cli@^2.0.7 → workspace:packages/cli/medusa-cli [42f59]
│     ├─ @medusajs/modules-sdk@^2.0.7 → workspace:packages/core/modules-sdk [42f59]
│     ├─ @medusajs/orchestration@^2.0.7 → workspace:packages/core/orchestration [42f59]
│     ├─ @medusajs/types@^2.0.7 → workspace:packages/core/types [df0d7]
│     ├─ @medusajs/utils@^2.0.7 → workspace:packages/core/utils [42f59]
│     ├─ @medusajs/workflows-sdk@^2.0.7 → workspace:packages/core/workflows-sdk [42f59]
│     ├─ @mikro-orm/core@npm:5.9.7 → npm:5.9.7 [42f59]
│     ├─ @mikro-orm/knex@npm:5.9.7 → npm:5.9.7 [42f59]
│     ├─ @mikro-orm/migrations@npm:5.9.7 → npm:5.9.7 [42f59]
│     ├─ @mikro-orm/postgresql@npm:5.9.7 → npm:5.9.7 [42f59]
│     ├─ @swc/core@npm:^1.7.28 → npm:1.7.28 [161a1]
│     ├─ @swc/jest@npm:^0.2.36 → npm:0.2.36 [161a1]
│     ├─ jest@npm:29.7.0 → npm:29.7.0 [36a01]
│     ├─ pg@npm:8.11.3 → npm:8.11.3 [6c403]
│     └─ vite@npm:^5.2.11 → npm:5.2.11 [df0d7]
│
├─ @medusajs/test-utils@workspace:packages/medusa-test-utils
│  ├─ Instances: 1
│  ├─ Version: 2.0.7
│  │
│  └─ Dependencies
│     ├─ @types/express@npm:^4.17.17 → npm:4.17.21
│     ├─ awilix@npm:^8.0.1 → npm:8.0.1
│     ├─ axios@npm:^0.21.4 → npm:0.21.4
│     ├─ express@npm:^4.21.0 → npm:4.21.0
│     ├─ get-port@npm:^5.1.0 → npm:5.1.1
│     ├─ pg-god@npm:^1.0.12 → npm:1.0.12
│     ├─ randomatic@npm:^3.1.1 → npm:3.1.1
│     ├─ rimraf@npm:^3.0.2 → npm:3.0.2
│     ├─ typescript@patch:typescript@^5.6.2#~builtin<compat/typescript> → patch:typescript@npm%3A5.6.2#~builtin<compat/typescript>::version=5.6.2&hash=7ad353
│     ├─ @medusajs/framework@^2.0.7 → workspace:packages/core/framework [cb2b7]
│     ├─ @mikro-orm/core@npm:5.9.7 → npm:5.9.7 [cb2b7]
│     ├─ @mikro-orm/knex@npm:5.9.7 → npm:5.9.7 [cb2b7]
│     ├─ @mikro-orm/migrations@npm:5.9.7 → npm:5.9.7 [cb2b7]
│     ├─ @mikro-orm/postgresql@npm:5.9.7 → npm:5.9.7 [cb2b7]
│     ├─ jest@npm:29.7.0 → npm:29.7.0 [36a01]
│     └─ pg@npm:8.11.3 → npm:8.11.3 [6c403]
│
├─ @mikro-orm/cli@npm:5.9.7
│  ├─ Instances: 1
│  ├─ Version: 5.9.7
│  │
│  ├─ Exported Binaries
│  │  ├─ mikro-orm
│  │  └─ mikro-orm-esm
│  │
│  └─ Dependencies
│     ├─ @jercle/yargonaut@npm:1.1.5 → npm:1.1.5
│     ├─ @mikro-orm/core@npm:5.9.7 → npm:5.9.7
│     ├─ @mikro-orm/knex@npm:5.9.7 → npm:5.9.7
│     ├─ fs-extra@npm:11.1.1 → npm:11.1.1
│     ├─ tsconfig-paths@npm:4.2.0 → npm:4.2.0
│     └─ yargs@npm:17.7.2 → npm:17.7.2
│
├─ @mikro-orm/core@npm:5.9.7
│  ├─ Instances: 1
│  ├─ Version: 5.9.7
│  │
│  └─ Dependencies
│     ├─ acorn-loose@npm:8.3.0 → npm:8.3.0
│     ├─ acorn-walk@npm:8.2.0 → npm:8.2.0
│     ├─ dotenv@npm:16.3.1 → npm:16.3.1
│     ├─ fs-extra@npm:11.1.1 → npm:11.1.1
│     ├─ globby@npm:11.1.0 → npm:11.1.0
│     ├─ mikro-orm@npm:5.9.7 → npm:5.9.7
│     └─ reflect-metadata@npm:0.1.13 → npm:0.1.13
│
├─ @mikro-orm/migrations@npm:5.9.7
│  ├─ Instances: 1
│  ├─ Version: 5.9.7
│  │
│  └─ Dependencies
│     ├─ @mikro-orm/knex@npm:5.9.7 → npm:5.9.7
│     ├─ fs-extra@npm:11.1.1 → npm:11.1.1
│     ├─ knex@npm:2.5.1 → npm:2.5.1
│     └─ umzug@npm:3.3.1 → npm:3.3.1
│
├─ @mikro-orm/postgresql@npm:5.9.7
│  ├─ Instances: 1
│  ├─ Version: 5.9.7
│  │
│  └─ Dependencies
│     ├─ @mikro-orm/knex@npm:5.9.7 → npm:5.9.7
│     └─ pg@npm:8.11.3 → npm:8.11.3
│
├─ @swc/core@npm:1.7.28
│  ├─ Instances: 1
│  ├─ Version: 1.7.28
│  │
│  └─ Dependencies
│     ├─ @swc/core-darwin-arm64@npm:1.7.28 → npm:1.7.28
│     ├─ @swc/core-darwin-x64@npm:1.7.28 → npm:1.7.28
│     ├─ @swc/core-linux-arm-gnueabihf@npm:1.7.28 → npm:1.7.28
│     ├─ @swc/core-linux-arm64-gnu@npm:1.7.28 → npm:1.7.28
│     ├─ @swc/core-linux-arm64-musl@npm:1.7.28 → npm:1.7.28
│     ├─ @swc/core-linux-x64-gnu@npm:1.7.28 → npm:1.7.28
│     ├─ @swc/core-linux-x64-musl@npm:1.7.28 → npm:1.7.28
│     ├─ @swc/core-win32-arm64-msvc@npm:1.7.28 → npm:1.7.28
│     ├─ @swc/core-win32-ia32-msvc@npm:1.7.28 → npm:1.7.28
│     ├─ @swc/core-win32-x64-msvc@npm:1.7.28 → npm:1.7.28
│     ├─ @swc/counter@npm:^0.1.3 → npm:0.1.3
│     └─ @swc/types@npm:^0.1.12 → npm:0.1.12
│
├─ @swc/jest@npm:0.2.36
│  ├─ Instances: 1
│  ├─ Version: 0.2.36
│  │
│  └─ Dependencies
│     ├─ @jest/create-cache-key-function@npm:^29.7.0 → npm:29.7.0
│     ├─ @swc/counter@npm:^0.1.3 → npm:0.1.3
│     └─ jsonc-parser@npm:^3.2.0 → npm:3.2.1
│
├─ jest@npm:29.7.0
│  ├─ Instances: 1
│  ├─ Version: 29.7.0
│  │
│  ├─ Exported Binaries
│  │  └─ jest
│  │
│  └─ Dependencies
│     ├─ @jest/core@npm:^29.7.0 → npm:29.7.0
│     ├─ @jest/types@npm:^29.6.3 → npm:29.6.3
│     ├─ import-local@npm:^3.0.2 → npm:3.1.0
│     └─ jest-cli@npm:^29.7.0 → npm:29.7.0
│
├─ rimraf@npm:3.0.2
│  ├─ Version: 3.0.2
│  │
│  ├─ Exported Binaries
│  │  └─ rimraf
│  │
│  └─ Dependencies
│     └─ glob@npm:^7.1.3 → npm:7.2.3
│
├─ tsc-alias@npm:1.8.8
│  ├─ Version: 1.8.8
│  │
│  ├─ Exported Binaries
│  │  └─ tsc-alias
│  │
│  └─ Dependencies
│     ├─ chokidar@npm:^3.5.3 → npm:3.6.0
│     ├─ commander@npm:^9.0.0 → npm:9.5.0
│     ├─ globby@npm:^11.0.4 → npm:11.1.0
│     ├─ mylas@npm:^2.1.9 → npm:2.1.13
│     ├─ normalize-path@npm:^3.0.0 → npm:3.0.0
│     └─ plimit-lit@npm:^1.2.6 → npm:1.6.1
│
└─ typescript@patch:typescript@npm%3A5.6.2#~builtin<compat/typescript>::version=5.6.2&hash=7ad353
   ├─ Version: 5.6.2
   │
   └─ Exported Binaries
      ├─ tsc
      └─ tsserver
