├─ @ariakit/react@npm:0.4.6
│  ├─ Instances: 1
│  ├─ Version: 0.4.6
│  │
│  └─ Dependencies
│     └─ @ariakit/react-core@npm:0.4.6 → npm:0.4.6
│
├─ @dnd-kit/core@npm:6.1.0
│  ├─ Instances: 1
│  ├─ Version: 6.1.0
│  │
│  └─ Dependencies
│     ├─ @dnd-kit/accessibility@npm:^3.1.0 → npm:3.1.0
│     ├─ @dnd-kit/utilities@npm:^3.2.2 → npm:3.2.2
│     └─ tslib@npm:^2.0.0 → npm:2.6.2
│
├─ @dnd-kit/sortable@npm:8.0.0
│  ├─ Instances: 1
│  ├─ Version: 8.0.0
│  │
│  └─ Dependencies
│     ├─ @dnd-kit/utilities@npm:^3.2.2 → npm:3.2.2
│     └─ tslib@npm:^2.0.0 → npm:2.6.2
│
├─ @hookform/error-message@npm:2.0.1
│  ├─ Instances: 1
│  └─ Version: 2.0.1
│
├─ @hookform/resolvers@npm:3.4.2
│  ├─ Instances: 1
│  └─ Version: 3.4.2
│
├─ @medusajs/admin-shared@workspace:packages/admin/admin-shared
│  ├─ Version: 2.0.7
│  │
│  └─ Dependencies
│     ├─ @types/react@npm:18.3.2 → npm:18.3.2
│     ├─ typescript@patch:typescript@5.4.5#~builtin<compat/typescript> → patch:typescript@npm%3A5.4.5#~builtin<compat/typescript>::version=5.4.5&hash=7ad353
│     └─ tsup@npm:8.0.2 → npm:8.0.2 [00dc2]
│
├─ @medusajs/admin-vite-plugin@workspace:packages/admin/admin-vite-plugin
│  ├─ Instances: 1
│  ├─ Version: 2.0.7
│  │
│  └─ Dependencies
│     ├─ @babel/parser@npm:7.25.6 → npm:7.25.6
│     ├─ @babel/traverse@npm:7.25.6 → npm:7.25.6
│     ├─ @babel/types@npm:7.25.6 → npm:7.25.6
│     ├─ @medusajs/admin-shared@2.0.7 → workspace:packages/admin/admin-shared
│     ├─ @types/node@npm:^20.10.4 → npm:20.12.10
│     ├─ chokidar@npm:3.5.3 → npm:3.5.3
│     ├─ magic-string@npm:0.30.5 → npm:0.30.5
│     ├─ outdent@npm:^0.8.0 → npm:0.8.0
│     ├─ picocolors@npm:^1.1.0 → npm:1.1.0
│     ├─ typescript@patch:typescript@5.3.3#~builtin<compat/typescript> → patch:typescript@npm%3A5.3.3#~builtin<compat/typescript>::version=5.3.3&hash=7ad353
│     ├─ fdir@npm:6.1.1 → npm:6.1.1 [b33ce]
│     ├─ tsup@npm:8.0.1 → npm:8.0.1 [b33ce]
│     ├─ vite@npm:^5.2.11 → npm:5.2.11 [02016]
│     └─ vitest@npm:^2.1.3 → npm:2.1.3 [b33ce]
│
├─ @medusajs/dashboard@workspace:packages/admin/dashboard
│  ├─ Version: 2.0.7
│  │
│  └─ Dependencies
│     ├─ @medusajs/admin-shared@^2.0.7 → workspace:packages/admin/admin-shared
│     ├─ @medusajs/js-sdk@2.0.7 → workspace:packages/core/js-sdk
│     ├─ @types/node@npm:^20.11.15 → npm:20.12.10
│     ├─ @types/react-dom@npm:^18.2.25 → npm:18.3.0
│     ├─ @types/react@npm:^18.2.79 → npm:18.3.1
│     ├─ ajv@npm:^8.17.1 → npm:8.17.1
│     ├─ date-fns@npm:^3.6.0 → npm:3.6.0
│     ├─ i18next-browser-languagedetector@npm:7.2.0 → npm:7.2.0
│     ├─ i18next-http-backend@npm:2.4.2 → npm:2.4.2
│     ├─ i18next@npm:23.7.11 → npm:23.7.11
│     ├─ lodash@npm:^4.17.21 → npm:4.17.21
│     ├─ match-sorter@npm:^6.3.4 → npm:6.3.4
│     ├─ postcss@npm:^8.4.33 → npm:8.4.38
│     ├─ prettier@npm:^3.1.1 → npm:3.2.5
│     ├─ qs@npm:^6.12.0 → npm:6.12.1
│     ├─ react@npm:^18.2.0 → npm:18.3.1
│     ├─ tailwindcss@npm:^3.4.1 → npm:3.4.3
│     ├─ typescript@patch:typescript@5.2.2#~builtin<compat/typescript> → patch:typescript@npm%3A5.2.2#~builtin<compat/typescript>::version=5.2.2&hash=7ad353
│     ├─ zod@npm:3.22.4 → npm:3.22.4
│     ├─ @ariakit/react@npm:^0.4.1 → npm:0.4.6 [02016]
│     ├─ @dnd-kit/core@npm:^6.1.0 → npm:6.1.0 [02016]
│     ├─ @dnd-kit/sortable@npm:^8.0.0 → npm:8.0.0 [02016]
│     ├─ @hookform/error-message@npm:^2.0.1 → npm:2.0.1 [02016]
│     ├─ @hookform/resolvers@npm:3.4.2 → npm:3.4.2 [02016]
│     ├─ @medusajs/admin-vite-plugin@2.0.7 → workspace:packages/admin/admin-vite-plugin [02016]
│     ├─ @medusajs/icons@2.0.7 → workspace:packages/design-system/icons [02016]
│     ├─ @medusajs/types@2.0.7 → workspace:packages/core/types [02016]
│     ├─ @medusajs/ui-preset@2.0.7 → workspace:packages/design-system/ui-preset [02016]
│     ├─ @medusajs/ui@4.0.1 → workspace:packages/design-system/ui [02016]
│     ├─ @radix-ui/react-collapsible@npm:1.1.0 → npm:1.1.0 [02016]
│     ├─ @tanstack/react-query@npm:^5.28.14 → npm:5.35.1 [02016]
│     ├─ @tanstack/react-table@npm:8.20.5 → npm:8.20.5 [02016]
│     ├─ @tanstack/react-virtual@npm:^3.8.3 → npm:3.8.3 [02016]
│     ├─ @uiw/react-json-view@npm:^2.0.0-alpha.17 → npm:2.0.0-alpha.24 [02016]
│     ├─ @vitejs/plugin-react@npm:4.2.1 → npm:4.2.1 [02016]
│     ├─ autoprefixer@npm:^10.1.0 → npm:10.4.19 [e2971]
│     ├─ cmdk@npm:^0.2.0 → npm:0.2.1 [02016]
│     ├─ framer-motion@npm:^11.0.3 → npm:11.1.8 [02016]
│     ├─ react-country-flag@npm:^3.1.0 → npm:3.1.0 [02016]
│     ├─ react-currency-input-field@npm:^3.6.11 → npm:3.8.0 [02016]
│     ├─ react-dom@npm:^18.2.0 → npm:18.3.1 [02016]
│     ├─ react-helmet-async@npm:^2.0.5 → npm:2.0.5 [02016]
│     ├─ react-hook-form@npm:7.49.1 → npm:7.49.1 [02016]
│     ├─ react-i18next@npm:13.5.0 → npm:13.5.0 [02016]
│     ├─ react-jwt@npm:^1.2.0 → npm:1.2.1 [02016]
│     ├─ react-router-dom@npm:6.20.1 → npm:6.20.1 [02016]
│     ├─ tsup@npm:^8.0.2 → npm:8.0.2 [02016]
│     ├─ vite-plugin-inspect@npm:^0.8.7 → npm:0.8.7 [02016]
│     ├─ vite@npm:^5.2.11 → npm:5.2.11 [02016]
│     └─ vitest@npm:^2.1.4 → npm:2.1.4 [02016]
│
├─ @medusajs/icons@workspace:packages/design-system/icons
│  ├─ Instances: 1
│  ├─ Version: 2.0.7
│  │
│  └─ Dependencies
│     ├─ @medusajs/toolbox@^2.0.7 → workspace:packages/design-system/toolbox
│     ├─ @testing-library/dom@npm:^9.3.1 → npm:9.3.4
│     ├─ @testing-library/jest-dom@npm:^5.16.5 → npm:5.17.0
│     ├─ @types/jsdom@npm:^21.1.1 → npm:21.1.6
│     ├─ @types/react-dom@npm:^18.2.6 → npm:18.3.0
│     ├─ @types/react@npm:^18.2.14 → npm:18.3.1
│     ├─ esbuild@npm:^0.18.11 → npm:0.18.20
│     ├─ eslint@npm:^7.32.0 → npm:7.32.0
│     ├─ react@npm:^18.2.0 → npm:18.3.1
│     ├─ resize-observer-polyfill@npm:^1.5.1 → npm:1.5.1
│     ├─ rimraf@npm:^5.0.1 → npm:5.0.5
│     ├─ rollup@npm:^3.26.0 → npm:3.29.4
│     ├─ typescript@patch:typescript@^5.1.6#~builtin<compat/typescript> → patch:typescript@npm%3A5.4.5#~builtin<compat/typescript>::version=5.4.5&hash=7ad353
│     ├─ @atomico/rollup-plugin-sizes@npm:^1.1.4 → npm:1.1.4 [5b6b4]
│     ├─ @rollup/plugin-node-resolve@npm:^15.1.0 → npm:15.2.3 [5b6b4]
│     ├─ @rollup/plugin-replace@npm:^5.0.2 → npm:5.0.5 [5b6b4]
│     ├─ @testing-library/react@npm:^14.0.0 → npm:14.3.1 [5b6b4]
│     ├─ jsdom@npm:^22.1.0 → npm:22.1.0 [5b6b4]
│     ├─ react-dom@npm:^18.2.0 → npm:18.3.1 [02016]
│     ├─ rollup-plugin-esbuild@npm:^5.0.0 → npm:5.0.0 [5b6b4]
│     ├─ rollup-plugin-license@npm:^3.0.1 → npm:3.3.1 [5b6b4]
│     ├─ rollup-plugin-ts@npm:^3.2.0 → npm:3.4.5 [5b6b4]
│     ├─ rollup-plugin-visualizer@npm:^5.9.2 → npm:5.12.0 [5b6b4]
│     ├─ vite@npm:^4.3.9 → npm:4.5.3 [5b6b4]
│     └─ vitest@npm:^0.32.2 → npm:0.32.4 [5b6b4]
│
├─ @medusajs/js-sdk@workspace:packages/core/js-sdk
│  ├─ Version: 2.0.7
│  │
│  └─ Dependencies
│     ├─ fetch-event-stream@npm:^0.1.5 → npm:0.1.5
│     ├─ qs@npm:^6.12.1 → npm:6.12.1
│     ├─ rimraf@npm:^5.0.1 → npm:5.0.5
│     ├─ typescript@patch:typescript@^5.6.2#~builtin<compat/typescript> → patch:typescript@npm%3A5.6.2#~builtin<compat/typescript>::version=5.6.2&hash=7ad353
│     ├─ @medusajs/types@^2.0.7 → workspace:packages/core/types [65b54]
│     ├─ jest@npm:29.7.0 → npm:29.7.0 [36a01]
│     └─ msw@npm:^2.3.0 → npm:2.3.0 [9e857]
│
├─ @medusajs/types@workspace:packages/core/types
│  ├─ Instances: 1
│  ├─ Version: 2.0.7
│  │
│  └─ Dependencies
│     ├─ awilix@npm:^8.0.1 → npm:8.0.1
│     ├─ bignumber.js@npm:^9.1.2 → npm:9.1.2
│     ├─ expect-type@npm:^0.20.0 → npm:0.20.0
│     ├─ ioredis@npm:^5.4.1 → npm:5.4.1
│     ├─ rimraf@npm:^5.0.1 → npm:5.0.5
│     ├─ typescript@patch:typescript@^5.6.2#~builtin<compat/typescript> → patch:typescript@npm%3A5.6.2#~builtin<compat/typescript>::version=5.6.2&hash=7ad353
│     └─ vite@npm:^5.2.11 → npm:5.2.11 [df0d7]
│
├─ @medusajs/ui-preset@workspace:packages/design-system/ui-preset
│  ├─ Instances: 1
│  ├─ Version: 2.0.7
│  │
│  └─ Dependencies
│     ├─ @medusajs/toolbox@^2.0.7 → workspace:packages/design-system/toolbox
│     ├─ tailwindcss@npm:^3.4.1 → npm:3.4.3
│     ├─ typescript@patch:typescript@^5.1.6#~builtin<compat/typescript> → patch:typescript@npm%3A5.4.5#~builtin<compat/typescript>::version=5.4.5&hash=7ad353
│     ├─ @tailwindcss/forms@npm:^0.5.3 → npm:0.5.7 [75fc2]
│     ├─ tailwindcss-animate@npm:^1.0.6 → npm:1.0.7 [75fc2]
│     └─ tsup@npm:^7.1.0 → npm:7.2.0 [75fc2]
│
├─ @medusajs/ui@workspace:packages/design-system/ui
│  ├─ Instances: 1
│  ├─ Version: 4.0.1
│  │
│  └─ Dependencies
│     ├─ @storybook/testing-library@npm:^0.2.2 → npm:0.2.2
│     ├─ @testing-library/dom@npm:^9.3.1 → npm:9.3.4
│     ├─ @testing-library/jest-dom@npm:^5.16.5 → npm:5.17.0
│     ├─ @types/jsdom@npm:^21.1.1 → npm:21.1.6
│     ├─ @types/react-dom@npm:^18.2.0 → npm:18.3.0
│     ├─ @types/react@npm:^18.2.0 → npm:18.3.1
│     ├─ chromatic@npm:^6.20.0 → npm:6.24.1
│     ├─ clsx@npm:^1.2.1 → npm:1.2.1
│     ├─ copy-to-clipboard@npm:^3.3.3 → npm:3.3.3
│     ├─ eslint@npm:^7.32.0 → npm:7.32.0
│     ├─ postcss@npm:^8.4.38 → npm:8.4.38
│     ├─ prismjs@npm:^1.29.0 → npm:1.29.0
│     ├─ prop-types@npm:^15.8.1 → npm:15.8.1
│     ├─ react@npm:^18.2.0 → npm:18.3.1
│     ├─ resize-observer-polyfill@npm:^1.5.1 → npm:1.5.1
│     ├─ rimraf@npm:^5.0.1 → npm:5.0.5
│     ├─ storybook@npm:^8.3.5 → npm:8.3.5
│     ├─ tailwind-merge@npm:^2.2.1 → npm:2.3.0
│     ├─ tailwindcss@npm:^3.4.3 → npm:3.4.3
│     ├─ tsc-alias@npm:^1.8.7 → npm:1.8.8
│     ├─ typescript@patch:typescript@^5.1.6#~builtin<compat/typescript> → patch:typescript@npm%3A5.4.5#~builtin<compat/typescript>::version=5.4.5&hash=7ad353
│     ├─ vite-plugin-turbosnap@npm:^1.0.2 → npm:1.0.3
│     ├─ @medusajs/icons@2.0.7 → workspace:packages/design-system/icons [02016]
│     ├─ @medusajs/ui-preset@2.0.7 → workspace:packages/design-system/ui-preset [02016]
│     ├─ @radix-ui/react-accordion@npm:1.2.0 → npm:1.2.0 [0be73]
│     ├─ @radix-ui/react-alert-dialog@npm:1.1.1 → npm:1.1.1 [0be73]
│     ├─ @radix-ui/react-avatar@npm:1.1.0 → npm:1.1.0 [0be73]
│     ├─ @radix-ui/react-checkbox@npm:1.1.1 → npm:1.1.1 [0be73]
│     ├─ @radix-ui/react-dialog@npm:1.1.1 → npm:1.1.1 [0be73]
│     ├─ @radix-ui/react-dropdown-menu@npm:2.1.1 → npm:2.1.1 [0be73]
│     ├─ @radix-ui/react-label@npm:2.1.0 → npm:2.1.0 [0be73]
│     ├─ @radix-ui/react-popover@npm:1.1.1 → npm:1.1.1 [0be73]
│     ├─ @radix-ui/react-portal@npm:1.1.1 → npm:1.1.1 [0be73]
│     ├─ @radix-ui/react-radio-group@npm:1.2.0 → npm:1.2.0 [0be73]
│     ├─ @radix-ui/react-select@npm:2.1.1 → npm:2.1.1 [0be73]
│     ├─ @radix-ui/react-slot@npm:1.1.0 → npm:1.1.0 [0be73]
│     ├─ @radix-ui/react-switch@npm:1.1.0 → npm:1.1.0 [0be73]
│     ├─ @radix-ui/react-tabs@npm:1.1.0 → npm:1.1.0 [0be73]
│     ├─ @radix-ui/react-tooltip@npm:1.1.2 → npm:1.1.2 [0be73]
│     ├─ @storybook/addon-essentials@npm:^8.3.5 → npm:8.3.5 [0be73]
│     ├─ @storybook/addon-interactions@npm:^8.3.5 → npm:8.3.5 [0be73]
│     ├─ @storybook/addon-links@npm:^8.3.5 → npm:8.3.5 [0be73]
│     ├─ @storybook/addon-styling@npm:^1.3.7 → npm:1.3.7 [0be73]
│     ├─ @storybook/blocks@npm:^8.3.5 → npm:8.3.5 [0be73]
│     ├─ @storybook/react-vite@npm:^8.3.5 → npm:8.3.5 [0be73]
│     ├─ @storybook/react@npm:^8.3.5 → npm:8.3.5 [0be73]
│     ├─ @testing-library/react@npm:^14.0.0 → npm:14.3.1 [5b6b4]
│     ├─ @testing-library/user-event@npm:^14.4.0 → npm:14.5.2 [4b028]
│     ├─ @vitejs/plugin-react@npm:^4.0.1 → npm:4.2.1 [0be73]
│     ├─ @vitest/coverage-v8@npm:^0.32.2 → npm:0.32.4 [0be73]
│     ├─ autoprefixer@npm:^10.1.0 → npm:10.4.19 [e2971]
│     ├─ cva@npm:1.0.0-beta.1 → npm:1.0.0-beta.1 [0be73]
│     ├─ eslint-plugin-storybook@npm:^0.6.12 → npm:0.6.15 [0be73]
│     ├─ jsdom@npm:^22.1.0 → npm:22.1.0 [5b6b4]
│     ├─ prism-react-renderer@npm:^2.0.6 → npm:2.3.1 [0be73]
│     ├─ react-aria@npm:^3.33.1 → npm:3.33.1 [0be73]
│     ├─ react-currency-input-field@npm:^3.6.11 → npm:3.8.0 [02016]
│     ├─ react-dom@npm:^18.2.0 → npm:18.3.1 [02016]
│     ├─ react-stately@npm:^3.31.1 → npm:3.31.1 [0be73]
│     ├─ sonner@npm:^1.5.0 → npm:1.5.0 [0be73]
│     ├─ vite@npm:^4.3.9 → npm:4.5.3 [5b6b4]
│     └─ vitest@npm:^0.32.2 → npm:0.32.4 [5b6b4]
│
├─ @radix-ui/react-collapsible@npm:1.1.0
│  ├─ Instances: 1
│  ├─ Version: 1.1.0
│  │
│  └─ Dependencies
│     ├─ @radix-ui/primitive@npm:1.1.0 → npm:1.1.0
│     ├─ @radix-ui/react-compose-refs@npm:1.1.0 → npm:1.1.0
│     ├─ @radix-ui/react-context@npm:1.1.0 → npm:1.1.0
│     ├─ @radix-ui/react-id@npm:1.1.0 → npm:1.1.0
│     ├─ @radix-ui/react-presence@npm:1.1.0 → npm:1.1.0
│     ├─ @radix-ui/react-primitive@npm:2.0.0 → npm:2.0.0
│     ├─ @radix-ui/react-use-controllable-state@npm:1.1.0 → npm:1.1.0
│     └─ @radix-ui/react-use-layout-effect@npm:1.1.0 → npm:1.1.0
│
├─ @tanstack/react-query@npm:5.35.1
│  ├─ Instances: 1
│  ├─ Version: 5.35.1
│  │
│  └─ Dependencies
│     └─ @tanstack/query-core@npm:5.35.1 → npm:5.35.1
│
├─ @tanstack/react-table@npm:8.20.5
│  ├─ Instances: 1
│  ├─ Version: 8.20.5
│  │
│  └─ Dependencies
│     └─ @tanstack/table-core@npm:8.20.5 → npm:8.20.5
│
├─ @tanstack/react-virtual@npm:3.8.3
│  ├─ Instances: 1
│  ├─ Version: 3.8.3
│  │
│  └─ Dependencies
│     └─ @tanstack/virtual-core@npm:3.8.3 → npm:3.8.3
│
├─ @types/node@npm:20.12.10
│  ├─ Version: 20.12.10
│  │
│  └─ Dependencies
│     └─ undici-types@npm:~5.26.4 → npm:5.26.5
│
├─ @types/react-dom@npm:18.3.0
│  ├─ Version: 18.3.0
│  │
│  └─ Dependencies
│     └─ @types/react@npm:* → npm:18.3.1
│
├─ @types/react@npm:18.3.1
│  ├─ Version: 18.3.1
│  │
│  └─ Dependencies
│     ├─ @types/prop-types@npm:* → npm:15.7.12
│     └─ csstype@npm:^3.0.2 → npm:3.1.3
│
├─ @uiw/react-json-view@npm:2.0.0-alpha.24
│  ├─ Instances: 1
│  └─ Version: 2.0.0-alpha.24
│
├─ @vitejs/plugin-react@npm:4.2.1
│  ├─ Instances: 1
│  ├─ Version: 4.2.1
│  │
│  └─ Dependencies
│     ├─ @babel/core@npm:^7.23.5 → npm:7.24.5
│     ├─ @babel/plugin-transform-react-jsx-self@npm:^7.23.3 → npm:7.24.5
│     ├─ @babel/plugin-transform-react-jsx-source@npm:^7.23.3 → npm:7.24.1
│     ├─ @types/babel__core@npm:^7.20.5 → npm:7.20.5
│     └─ react-refresh@npm:^0.14.0 → npm:0.14.2
│
├─ ajv@npm:8.17.1
│  ├─ Version: 8.17.1
│  │
│  └─ Dependencies
│     ├─ fast-deep-equal@npm:^3.1.3 → npm:3.1.3
│     ├─ fast-uri@npm:^3.0.1 → npm:3.0.1
│     ├─ json-schema-traverse@npm:^1.0.0 → npm:1.0.0
│     └─ require-from-string@npm:^2.0.2 → npm:2.0.2
│
├─ autoprefixer@npm:10.4.19
│  ├─ Instances: 1
│  ├─ Version: 10.4.19
│  │
│  ├─ Exported Binaries
│  │  └─ autoprefixer
│  │
│  └─ Dependencies
│     ├─ browserslist@npm:^4.23.0 → npm:4.23.0
│     ├─ caniuse-lite@npm:^1.0.30001599 → npm:1.0.30001616
│     ├─ fraction.js@npm:^4.3.7 → npm:4.3.7
│     ├─ normalize-range@npm:^0.1.2 → npm:0.1.2
│     ├─ picocolors@npm:^1.0.0 → npm:1.0.0
│     └─ postcss-value-parser@npm:^4.2.0 → npm:4.2.0
│
├─ cmdk@npm:0.2.1
│  ├─ Instances: 1
│  ├─ Version: 0.2.1
│  │
│  └─ Dependencies
│     └─ @radix-ui/react-dialog@npm:1.0.0 → npm:1.0.0
│
├─ date-fns@npm:3.6.0
│  └─ Version: 3.6.0
│
├─ framer-motion@npm:11.1.8
│  ├─ Instances: 1
│  ├─ Version: 11.1.8
│  │
│  └─ Dependencies
│     └─ tslib@npm:^2.4.0 → npm:2.6.2
│
├─ i18next-browser-languagedetector@npm:7.2.0
│  ├─ Version: 7.2.0
│  │
│  └─ Dependencies
│     └─ @babel/runtime@npm:^7.23.2 → npm:7.24.5
│
├─ i18next-http-backend@npm:2.4.2
│  ├─ Version: 2.4.2
│  │
│  └─ Dependencies
│     └─ cross-fetch@npm:4.0.0 → npm:4.0.0
│
├─ i18next@npm:23.7.11
│  ├─ Version: 23.7.11
│  │
│  └─ Dependencies
│     └─ @babel/runtime@npm:^7.23.2 → npm:7.24.5
│
├─ lodash@npm:4.17.21
│  └─ Version: 4.17.21
│
├─ match-sorter@npm:6.3.4
│  ├─ Version: 6.3.4
│  │
│  └─ Dependencies
│     ├─ @babel/runtime@npm:^7.23.8 → npm:7.24.5
│     └─ remove-accents@npm:0.5.0 → npm:0.5.0
│
├─ postcss@npm:8.4.38
│  ├─ Version: 8.4.38
│  │
│  └─ Dependencies
│     ├─ nanoid@npm:^3.3.7 → npm:3.3.7
│     ├─ picocolors@npm:^1.0.0 → npm:1.0.0
│     └─ source-map-js@npm:^1.2.0 → npm:1.2.0
│
├─ prettier@npm:3.2.5
│  ├─ Version: 3.2.5
│  │
│  └─ Exported Binaries
│     └─ prettier
│
├─ qs@npm:6.12.1
│  ├─ Version: 6.12.1
│  │
│  └─ Dependencies
│     └─ side-channel@npm:^1.0.6 → npm:1.0.6
│
├─ react-country-flag@npm:3.1.0
│  ├─ Instances: 1
│  └─ Version: 3.1.0
│
├─ react-currency-input-field@npm:3.8.0
│  ├─ Instances: 1
│  └─ Version: 3.8.0
│
├─ react-dom@npm:18.3.1
│  ├─ Instances: 1
│  ├─ Version: 18.3.1
│  │
│  └─ Dependencies
│     ├─ loose-envify@npm:^1.1.0 → npm:1.4.0
│     └─ scheduler@npm:^0.23.2 → npm:0.23.2
│
├─ react-helmet-async@npm:2.0.5
│  ├─ Instances: 1
│  ├─ Version: 2.0.5
│  │
│  └─ Dependencies
│     ├─ invariant@npm:^2.2.4 → npm:2.2.4
│     ├─ react-fast-compare@npm:^3.2.2 → npm:3.2.2
│     └─ shallowequal@npm:^1.1.0 → npm:1.1.0
│
├─ react-hook-form@npm:7.49.1
│  ├─ Instances: 1
│  └─ Version: 7.49.1
│
├─ react-i18next@npm:13.5.0
│  ├─ Instances: 1
│  ├─ Version: 13.5.0
│  │
│  └─ Dependencies
│     ├─ @babel/runtime@npm:^7.22.5 → npm:7.24.5
│     └─ html-parse-stringify@npm:^3.0.1 → npm:3.0.1
│
├─ react-jwt@npm:1.2.1
│  ├─ Instances: 1
│  ├─ Version: 1.2.1
│  │
│  └─ Dependencies
│     └─ fsevents@patch:fsevents@^2.3.2#~builtin<compat/fsevents> → patch:fsevents@npm%3A2.3.3#~builtin<compat/fsevents>::version=2.3.3&hash=18f3a7
│
├─ react-router-dom@npm:6.20.1
│  ├─ Instances: 1
│  ├─ Version: 6.20.1
│  │
│  └─ Dependencies
│     ├─ @remix-run/router@npm:1.13.1 → npm:1.13.1
│     └─ react-router@npm:6.20.1 → npm:6.20.1
│
├─ react@npm:18.3.1
│  ├─ Version: 18.3.1
│  │
│  └─ Dependencies
│     └─ loose-envify@npm:^1.1.0 → npm:1.4.0
│
├─ tailwindcss@npm:3.4.3
│  ├─ Version: 3.4.3
│  │
│  ├─ Exported Binaries
│  │  ├─ tailwind
│  │  └─ tailwindcss
│  │
│  └─ Dependencies
│     ├─ @alloc/quick-lru@npm:^5.2.0 → npm:5.2.0
│     ├─ arg@npm:^5.0.2 → npm:5.0.2
│     ├─ chokidar@npm:^3.5.3 → npm:3.6.0
│     ├─ didyoumean@npm:^1.2.2 → npm:1.2.2
│     ├─ dlv@npm:^1.1.3 → npm:1.1.3
│     ├─ fast-glob@npm:^3.3.0 → npm:3.3.2
│     ├─ glob-parent@npm:^6.0.2 → npm:6.0.2
│     ├─ is-glob@npm:^4.0.3 → npm:4.0.3
│     ├─ jiti@npm:^1.21.0 → npm:1.21.0
│     ├─ lilconfig@npm:^2.1.0 → npm:2.1.0
│     ├─ micromatch@npm:^4.0.5 → npm:4.0.5
│     ├─ normalize-path@npm:^3.0.0 → npm:3.0.0
│     ├─ object-hash@npm:^3.0.0 → npm:3.0.0
│     ├─ picocolors@npm:^1.0.0 → npm:1.0.0
│     ├─ postcss-selector-parser@npm:^6.0.11 → npm:6.0.16
│     ├─ postcss@npm:^8.4.23 → npm:8.4.38
│     ├─ resolve@patch:resolve@^1.22.2#~builtin<compat/resolve> → patch:resolve@npm%3A1.22.8#~builtin<compat/resolve>::version=1.22.8&hash=07638b
│     ├─ sucrase@npm:^3.32.0 → npm:3.35.0
│     ├─ postcss-import@npm:^15.1.0 → npm:15.1.0 [deb88]
│     ├─ postcss-js@npm:^4.0.1 → npm:4.0.1 [deb88]
│     ├─ postcss-load-config@npm:^4.0.1 → npm:4.0.2 [deb88]
│     └─ postcss-nested@npm:^6.0.1 → npm:6.0.1 [deb88]
│
├─ tsup@npm:8.0.2
│  ├─ Instances: 1
│  ├─ Version: 8.0.2
│  │
│  ├─ Exported Binaries
│  │  ├─ tsup
│  │  └─ tsup-node
│  │
│  └─ Dependencies
│     ├─ bundle-require@npm:^4.0.0 → npm:4.1.0
│     ├─ cac@npm:^6.7.12 → npm:6.7.14
│     ├─ chokidar@npm:^3.5.1 → npm:3.6.0
│     ├─ debug@npm:^4.3.1 → npm:4.3.4
│     ├─ esbuild@npm:^0.19.2 → npm:0.19.12
│     ├─ execa@npm:^5.0.0 → npm:5.1.1
│     ├─ globby@npm:^11.0.3 → npm:11.1.0
│     ├─ joycon@npm:^3.0.1 → npm:3.1.1
│     ├─ postcss-load-config@npm:^4.0.1 → npm:4.0.2
│     ├─ resolve-from@npm:^5.0.0 → npm:5.0.0
│     ├─ rollup@npm:^4.0.2 → npm:4.17.2
│     ├─ source-map@npm:0.8.0-beta.0 → npm:0.8.0-beta.0
│     ├─ sucrase@npm:^3.20.3 → npm:3.35.0
│     └─ tree-kill@npm:^1.2.2 → npm:1.2.2
│
├─ typescript@patch:typescript@npm%3A5.2.2#~builtin<compat/typescript>::version=5.2.2&hash=7ad353
│  ├─ Version: 5.2.2
│  │
│  └─ Exported Binaries
│     ├─ tsc
│     └─ tsserver
│
├─ vite-plugin-inspect@npm:0.8.7
│  ├─ Instances: 1
│  ├─ Version: 0.8.7
│  │
│  └─ Dependencies
│     ├─ @antfu/utils@npm:^0.7.10 → npm:0.7.10
│     ├─ @rollup/pluginutils@npm:^5.1.0 → npm:5.1.0
│     ├─ debug@npm:^4.3.6 → npm:4.3.7
│     ├─ error-stack-parser-es@npm:^0.1.5 → npm:0.1.5
│     ├─ fs-extra@npm:^11.2.0 → npm:11.2.0
│     ├─ open@npm:^10.1.0 → npm:10.1.0
│     ├─ perfect-debounce@npm:^1.0.0 → npm:1.0.0
│     ├─ picocolors@npm:^1.0.1 → npm:1.1.0
│     └─ sirv@npm:^2.0.4 → npm:2.0.4
│
├─ vite@npm:5.2.11
│  ├─ Instances: 1
│  ├─ Version: 5.2.11
│  │
│  ├─ Exported Binaries
│  │  └─ vite
│  │
│  └─ Dependencies
│     ├─ esbuild@npm:^0.20.1 → npm:0.20.2
│     ├─ fsevents@patch:fsevents@~2.3.3#~builtin<compat/fsevents> → patch:fsevents@npm%3A2.3.3#~builtin<compat/fsevents>::version=2.3.3&hash=18f3a7
│     ├─ postcss@npm:^8.4.38 → npm:8.4.38
│     └─ rollup@npm:^4.13.0 → npm:4.17.2
│
├─ vitest@npm:2.1.4
│  ├─ Instances: 1
│  ├─ Version: 2.1.4
│  │
│  ├─ Exported Binaries
│  │  └─ vitest
│  │
│  └─ Dependencies
│     ├─ @vitest/expect@npm:2.1.4 → npm:2.1.4
│     ├─ @vitest/mocker@npm:2.1.4 → npm:2.1.4
│     ├─ @vitest/pretty-format@npm:^2.1.4 → npm:2.1.4
│     ├─ @vitest/runner@npm:2.1.4 → npm:2.1.4
│     ├─ @vitest/snapshot@npm:2.1.4 → npm:2.1.4
│     ├─ @vitest/spy@npm:2.1.4 → npm:2.1.4
│     ├─ @vitest/utils@npm:2.1.4 → npm:2.1.4
│     ├─ chai@npm:^5.1.2 → npm:5.1.2
│     ├─ debug@npm:^4.3.7 → npm:4.3.7
│     ├─ expect-type@npm:^1.1.0 → npm:1.1.0
│     ├─ magic-string@npm:^0.30.12 → npm:0.30.12
│     ├─ pathe@npm:^1.1.2 → npm:1.1.2
│     ├─ std-env@npm:^3.7.0 → npm:3.7.0
│     ├─ tinybench@npm:^2.9.0 → npm:2.9.0
│     ├─ tinyexec@npm:^0.3.1 → npm:0.3.1
│     ├─ tinypool@npm:^1.0.1 → npm:1.0.1
│     ├─ tinyrainbow@npm:^1.2.0 → npm:1.2.0
│     ├─ vite-node@npm:2.1.4 → npm:2.1.4
│     ├─ vite@npm:^5.0.0 → npm:5.4.9
│     └─ why-is-node-running@npm:^2.3.0 → npm:2.3.0
│
└─ zod@npm:3.22.4
   └─ Version: 3.22.4
