├─ @medusajs/file-local@workspace:packages/modules/providers/file-local
│  ├─ Version: 2.0.7
│  │
│  └─ Dependencies
│     ├─ rimraf@npm:^5.0.1 → npm:5.0.5
│     ├─ typescript@patch:typescript@^5.6.2#~builtin<compat/typescript> → patch:typescript@npm%3A5.6.2#~builtin<compat/typescript>::version=5.6.2&hash=7ad353
│     ├─ @medusajs/framework@^2.0.7 → workspace:packages/core/framework [eedab]
│     ├─ @swc/core@npm:^1.7.28 → npm:1.7.28 [161a1]
│     ├─ @swc/jest@npm:^0.2.36 → npm:0.2.36 [161a1]
│     └─ jest@npm:29.7.0 → npm:29.7.0 [36a01]
│
├─ @medusajs/framework@workspace:packages/core/framework
│  ├─ Instances: 1
│  ├─ Version: 2.0.7
│  │
│  ├─ Exported Binaries
│  │  └─ medusa-mikro-orm
│  │
│  └─ Dependencies
│     ├─ @jercle/yargonaut@npm:^1.1.5 → npm:1.1.5
│     ├─ @medusajs/telemetry@^2.0.7 → workspace:packages/medusa-telemetry
│     ├─ @opentelemetry/api@npm:^1.9.0 → npm:1.9.0
│     ├─ @types/express@npm:^4.17.17 → npm:4.17.21
│     ├─ @types/jsonwebtoken@npm:^8.5.9 → npm:8.5.9
│     ├─ awilix@npm:^8.0.1 → npm:8.0.1
│     ├─ connect-redis@npm:5.2.0 → npm:5.2.0
│     ├─ cookie-parser@npm:^1.4.6 → npm:1.4.6
│     ├─ cors@npm:^2.8.5 → npm:2.8.5
│     ├─ express-session@npm:^1.17.3 → npm:1.18.0
│     ├─ express@npm:^4.21.0 → npm:4.21.0
│     ├─ ioredis@npm:^5.4.1 → npm:5.4.1
│     ├─ jsonwebtoken@npm:^9.0.2 → npm:9.0.2
│     ├─ morgan@npm:^1.9.1 → npm:1.10.0
│     ├─ rimraf@npm:^3.0.2 → npm:3.0.2
│     ├─ supertest@npm:^4.0.2 → npm:4.0.2
│     ├─ tsconfig-paths@npm:^4.2.0 → npm:4.2.0
│     ├─ typescript@patch:typescript@^5.6.2#~builtin<compat/typescript> → patch:typescript@npm%3A5.6.2#~builtin<compat/typescript>::version=5.6.2&hash=7ad353
│     ├─ zod@npm:3.22.4 → npm:3.22.4
│     ├─ @medusajs/cli@^2.0.7 → workspace:packages/cli/medusa-cli [42f59]
│     ├─ @medusajs/modules-sdk@^2.0.7 → workspace:packages/core/modules-sdk [42f59]
│     ├─ @medusajs/orchestration@^2.0.7 → workspace:packages/core/orchestration [42f59]
│     ├─ @medusajs/types@^2.0.7 → workspace:packages/core/types [df0d7]
│     ├─ @medusajs/utils@^2.0.7 → workspace:packages/core/utils [42f59]
│     ├─ @medusajs/workflows-sdk@^2.0.7 → workspace:packages/core/workflows-sdk [42f59]
│     ├─ @mikro-orm/core@npm:5.9.7 → npm:5.9.7 [42f59]
│     ├─ @mikro-orm/knex@npm:5.9.7 → npm:5.9.7 [42f59]
│     ├─ @mikro-orm/migrations@npm:5.9.7 → npm:5.9.7 [42f59]
│     ├─ @mikro-orm/postgresql@npm:5.9.7 → npm:5.9.7 [42f59]
│     ├─ @swc/core@npm:^1.7.28 → npm:1.7.28 [161a1]
│     ├─ @swc/jest@npm:^0.2.36 → npm:0.2.36 [161a1]
│     ├─ jest@npm:29.7.0 → npm:29.7.0 [36a01]
│     ├─ pg@npm:8.11.3 → npm:8.11.3 [6c403]
│     └─ vite@npm:^5.2.11 → npm:5.2.11 [df0d7]
│
├─ @swc/core@npm:1.7.28
│  ├─ Instances: 1
│  ├─ Version: 1.7.28
│  │
│  └─ Dependencies
│     ├─ @swc/core-darwin-arm64@npm:1.7.28 → npm:1.7.28
│     ├─ @swc/core-darwin-x64@npm:1.7.28 → npm:1.7.28
│     ├─ @swc/core-linux-arm-gnueabihf@npm:1.7.28 → npm:1.7.28
│     ├─ @swc/core-linux-arm64-gnu@npm:1.7.28 → npm:1.7.28
│     ├─ @swc/core-linux-arm64-musl@npm:1.7.28 → npm:1.7.28
│     ├─ @swc/core-linux-x64-gnu@npm:1.7.28 → npm:1.7.28
│     ├─ @swc/core-linux-x64-musl@npm:1.7.28 → npm:1.7.28
│     ├─ @swc/core-win32-arm64-msvc@npm:1.7.28 → npm:1.7.28
│     ├─ @swc/core-win32-ia32-msvc@npm:1.7.28 → npm:1.7.28
│     ├─ @swc/core-win32-x64-msvc@npm:1.7.28 → npm:1.7.28
│     ├─ @swc/counter@npm:^0.1.3 → npm:0.1.3
│     └─ @swc/types@npm:^0.1.12 → npm:0.1.12
│
├─ @swc/jest@npm:0.2.36
│  ├─ Instances: 1
│  ├─ Version: 0.2.36
│  │
│  └─ Dependencies
│     ├─ @jest/create-cache-key-function@npm:^29.7.0 → npm:29.7.0
│     ├─ @swc/counter@npm:^0.1.3 → npm:0.1.3
│     └─ jsonc-parser@npm:^3.2.0 → npm:3.2.1
│
├─ jest@npm:29.7.0
│  ├─ Instances: 1
│  ├─ Version: 29.7.0
│  │
│  ├─ Exported Binaries
│  │  └─ jest
│  │
│  └─ Dependencies
│     ├─ @jest/core@npm:^29.7.0 → npm:29.7.0
│     ├─ @jest/types@npm:^29.6.3 → npm:29.6.3
│     ├─ import-local@npm:^3.0.2 → npm:3.1.0
│     └─ jest-cli@npm:^29.7.0 → npm:29.7.0
│
├─ rimraf@npm:5.0.5
│  ├─ Version: 5.0.5
│  │
│  ├─ Exported Binaries
│  │  └─ rimraf
│  │
│  └─ Dependencies
│     └─ glob@npm:^10.3.7 → npm:10.3.12
│
└─ typescript@patch:typescript@npm%3A5.6.2#~builtin<compat/typescript>::version=5.6.2&hash=7ad353
   ├─ Version: 5.6.2
   │
   └─ Exported Binaries
      ├─ tsc
      └─ tsserver
