├─ @atomico/rollup-plugin-sizes@npm:1.1.4
│  ├─ Instances: 1
│  ├─ Version: 1.1.4
│  │
│  └─ Dependencies
│     ├─ brotli-size@npm:^4.0.0 → npm:4.0.0
│     ├─ gzip-size@npm:^5.1.1 → npm:5.1.1
│     └─ simple-string-table@npm:^1.0.0 → npm:1.0.0
│
├─ @medusajs/icons@workspace:packages/design-system/icons
│  ├─ Version: 2.0.7
│  │
│  └─ Dependencies
│     ├─ @medusajs/toolbox@^2.0.7 → workspace:packages/design-system/toolbox
│     ├─ @testing-library/dom@npm:^9.3.1 → npm:9.3.4
│     ├─ @testing-library/jest-dom@npm:^5.16.5 → npm:5.17.0
│     ├─ @types/jsdom@npm:^21.1.1 → npm:21.1.6
│     ├─ @types/react-dom@npm:^18.2.6 → npm:18.3.0
│     ├─ @types/react@npm:^18.2.14 → npm:18.3.1
│     ├─ esbuild@npm:^0.18.11 → npm:0.18.20
│     ├─ eslint@npm:^7.32.0 → npm:7.32.0
│     ├─ react@npm:^18.2.0 → npm:18.3.1
│     ├─ resize-observer-polyfill@npm:^1.5.1 → npm:1.5.1
│     ├─ rimraf@npm:^5.0.1 → npm:5.0.5
│     ├─ rollup@npm:^3.26.0 → npm:3.29.4
│     ├─ typescript@patch:typescript@^5.1.6#~builtin<compat/typescript> → patch:typescript@npm%3A5.4.5#~builtin<compat/typescript>::version=5.4.5&hash=7ad353
│     ├─ @atomico/rollup-plugin-sizes@npm:^1.1.4 → npm:1.1.4 [5b6b4]
│     ├─ @rollup/plugin-node-resolve@npm:^15.1.0 → npm:15.2.3 [5b6b4]
│     ├─ @rollup/plugin-replace@npm:^5.0.2 → npm:5.0.5 [5b6b4]
│     ├─ @testing-library/react@npm:^14.0.0 → npm:14.3.1 [5b6b4]
│     ├─ jsdom@npm:^22.1.0 → npm:22.1.0 [5b6b4]
│     ├─ react-dom@npm:^18.2.0 → npm:18.3.1 [02016]
│     ├─ rollup-plugin-esbuild@npm:^5.0.0 → npm:5.0.0 [5b6b4]
│     ├─ rollup-plugin-license@npm:^3.0.1 → npm:3.3.1 [5b6b4]
│     ├─ rollup-plugin-ts@npm:^3.2.0 → npm:3.4.5 [5b6b4]
│     ├─ rollup-plugin-visualizer@npm:^5.9.2 → npm:5.12.0 [5b6b4]
│     ├─ vite@npm:^4.3.9 → npm:4.5.3 [5b6b4]
│     └─ vitest@npm:^0.32.2 → npm:0.32.4 [5b6b4]
│
├─ @medusajs/toolbox@workspace:packages/design-system/toolbox
│  ├─ Version: 2.0.7
│  │
│  ├─ Exported Binaries
│  │  └─ toolbox
│  │
│  └─ Dependencies
│     ├─ @svgr/core@npm:8.0.0 → npm:8.0.0
│     ├─ @types/fs-extra@npm:11.0.1 → npm:11.0.1
│     ├─ @types/react@npm:^18.2.14 → npm:18.3.1
│     ├─ axios-retry@npm:^3.1.9 → npm:3.9.1
│     ├─ axios@npm:^0.24.0 → npm:0.24.0
│     ├─ commander@npm:11.0.0 → npm:11.0.0
│     ├─ dotenv@npm:^16.4.5 → npm:16.4.5
│     ├─ eslint@npm:7.32.0 → npm:7.32.0
│     ├─ fs-extra@npm:11.1.1 → npm:11.1.1
│     ├─ picocolors@npm:^1.0.0 → npm:1.0.0
│     ├─ react@npm:^18.2.0 → npm:18.3.1
│     ├─ ts-dedent@npm:2.2.0 → npm:2.2.0
│     ├─ typescript@patch:typescript@5.1.6#~builtin<compat/typescript> → patch:typescript@npm%3A5.1.6#~builtin<compat/typescript>::version=5.1.6&hash=7ad353
│     ├─ @svgr/plugin-jsx@npm:8.0.1 → npm:8.0.1 [ce92a]
│     ├─ @svgr/plugin-prettier@npm:8.0.1 → npm:8.0.1 [ce92a]
│     ├─ @svgr/plugin-svgo@npm:8.0.1 → npm:8.0.1 [ce92a]
│     └─ tsup@npm:7.1.0 → npm:7.1.0 [ce92a]
│
├─ @rollup/plugin-node-resolve@npm:15.2.3
│  ├─ Instances: 1
│  ├─ Version: 15.2.3
│  │
│  └─ Dependencies
│     ├─ @rollup/pluginutils@npm:^5.0.1 → npm:5.1.0
│     ├─ @types/resolve@npm:1.20.2 → npm:1.20.2
│     ├─ deepmerge@npm:^4.2.2 → npm:4.3.1
│     ├─ is-builtin-module@npm:^3.2.1 → npm:3.2.1
│     ├─ is-module@npm:^1.0.0 → npm:1.0.0
│     └─ resolve@patch:resolve@^1.22.1#~builtin<compat/resolve> → patch:resolve@npm%3A1.22.8#~builtin<compat/resolve>::version=1.22.8&hash=07638b
│
├─ @rollup/plugin-replace@npm:5.0.5
│  ├─ Instances: 1
│  ├─ Version: 5.0.5
│  │
│  └─ Dependencies
│     ├─ @rollup/pluginutils@npm:^5.0.1 → npm:5.1.0
│     └─ magic-string@npm:^0.30.3 → npm:0.30.10
│
├─ @testing-library/dom@npm:9.3.4
│  ├─ Version: 9.3.4
│  │
│  └─ Dependencies
│     ├─ @babel/code-frame@npm:^7.10.4 → npm:7.24.2
│     ├─ @babel/runtime@npm:^7.12.5 → npm:7.24.5
│     ├─ @types/aria-query@npm:^5.0.1 → npm:5.0.4
│     ├─ aria-query@npm:5.1.3 → npm:5.1.3
│     ├─ chalk@npm:^4.1.0 → npm:4.1.2
│     ├─ dom-accessibility-api@npm:^0.5.9 → npm:0.5.16
│     ├─ lz-string@npm:^1.5.0 → npm:1.5.0
│     └─ pretty-format@npm:^27.0.2 → npm:27.5.1
│
├─ @testing-library/jest-dom@npm:5.17.0
│  ├─ Version: 5.17.0
│  │
│  └─ Dependencies
│     ├─ @adobe/css-tools@npm:^4.0.1 → npm:4.3.3
│     ├─ @babel/runtime@npm:^7.9.2 → npm:7.24.5
│     ├─ @types/testing-library__jest-dom@npm:^5.9.1 → npm:5.14.9
│     ├─ aria-query@npm:^5.0.0 → npm:5.3.0
│     ├─ chalk@npm:^3.0.0 → npm:3.0.0
│     ├─ css.escape@npm:^1.5.1 → npm:1.5.1
│     ├─ dom-accessibility-api@npm:^0.5.6 → npm:0.5.16
│     ├─ lodash@npm:^4.17.15 → npm:4.17.21
│     └─ redent@npm:^3.0.0 → npm:3.0.0
│
├─ @testing-library/react@npm:14.3.1
│  ├─ Instances: 1
│  ├─ Version: 14.3.1
│  │
│  └─ Dependencies
│     ├─ @babel/runtime@npm:^7.12.5 → npm:7.24.5
│     ├─ @testing-library/dom@npm:^9.0.0 → npm:9.3.4
│     └─ @types/react-dom@npm:^18.0.0 → npm:18.3.0
│
├─ @types/jsdom@npm:21.1.6
│  ├─ Version: 21.1.6
│  │
│  └─ Dependencies
│     ├─ @types/node@npm:* → npm:20.12.10
│     ├─ @types/tough-cookie@npm:* → npm:4.0.5
│     └─ parse5@npm:^7.0.0 → npm:7.1.2
│
├─ @types/react-dom@npm:18.3.0
│  ├─ Version: 18.3.0
│  │
│  └─ Dependencies
│     └─ @types/react@npm:* → npm:18.3.1
│
├─ @types/react@npm:18.3.1
│  ├─ Version: 18.3.1
│  │
│  └─ Dependencies
│     ├─ @types/prop-types@npm:* → npm:15.7.12
│     └─ csstype@npm:^3.0.2 → npm:3.1.3
│
├─ esbuild@npm:0.18.20
│  ├─ Version: 0.18.20
│  │
│  ├─ Exported Binaries
│  │  └─ esbuild
│  │
│  └─ Dependencies
│     ├─ @esbuild/android-arm64@npm:0.18.20 → npm:0.18.20
│     ├─ @esbuild/android-arm@npm:0.18.20 → npm:0.18.20
│     ├─ @esbuild/android-x64@npm:0.18.20 → npm:0.18.20
│     ├─ @esbuild/darwin-arm64@npm:0.18.20 → npm:0.18.20
│     ├─ @esbuild/darwin-x64@npm:0.18.20 → npm:0.18.20
│     ├─ @esbuild/freebsd-arm64@npm:0.18.20 → npm:0.18.20
│     ├─ @esbuild/freebsd-x64@npm:0.18.20 → npm:0.18.20
│     ├─ @esbuild/linux-arm64@npm:0.18.20 → npm:0.18.20
│     ├─ @esbuild/linux-arm@npm:0.18.20 → npm:0.18.20
│     ├─ @esbuild/linux-ia32@npm:0.18.20 → npm:0.18.20
│     ├─ @esbuild/linux-loong64@npm:0.18.20 → npm:0.18.20
│     ├─ @esbuild/linux-mips64el@npm:0.18.20 → npm:0.18.20
│     ├─ @esbuild/linux-ppc64@npm:0.18.20 → npm:0.18.20
│     ├─ @esbuild/linux-riscv64@npm:0.18.20 → npm:0.18.20
│     ├─ @esbuild/linux-s390x@npm:0.18.20 → npm:0.18.20
│     ├─ @esbuild/linux-x64@npm:0.18.20 → npm:0.18.20
│     ├─ @esbuild/netbsd-x64@npm:0.18.20 → npm:0.18.20
│     ├─ @esbuild/openbsd-x64@npm:0.18.20 → npm:0.18.20
│     ├─ @esbuild/sunos-x64@npm:0.18.20 → npm:0.18.20
│     ├─ @esbuild/win32-arm64@npm:0.18.20 → npm:0.18.20
│     ├─ @esbuild/win32-ia32@npm:0.18.20 → npm:0.18.20
│     └─ @esbuild/win32-x64@npm:0.18.20 → npm:0.18.20
│
├─ eslint@npm:7.32.0
│  ├─ Version: 7.32.0
│  │
│  ├─ Exported Binaries
│  │  └─ eslint
│  │
│  └─ Dependencies
│     ├─ @babel/code-frame@npm:7.12.11 → npm:7.12.11
│     ├─ @eslint/eslintrc@npm:^0.4.3 → npm:0.4.3
│     ├─ @humanwhocodes/config-array@npm:^0.5.0 → npm:0.5.0
│     ├─ ajv@npm:^6.10.0 → npm:6.12.6
│     ├─ chalk@npm:^4.0.0 → npm:4.1.2
│     ├─ cross-spawn@npm:^7.0.2 → npm:7.0.3
│     ├─ doctrine@npm:^3.0.0 → npm:3.0.0
│     ├─ enquirer@npm:^2.3.5 → npm:2.4.1
│     ├─ escape-string-regexp@npm:^4.0.0 → npm:4.0.0
│     ├─ eslint-scope@npm:^5.1.1 → npm:5.1.1
│     ├─ eslint-utils@npm:^2.1.0 → npm:2.1.0
│     ├─ eslint-visitor-keys@npm:^2.0.0 → npm:2.1.0
│     ├─ espree@npm:^7.3.1 → npm:7.3.1
│     ├─ esquery@npm:^1.4.0 → npm:1.5.0
│     ├─ esutils@npm:^2.0.2 → npm:2.0.3
│     ├─ fast-deep-equal@npm:^3.1.3 → npm:3.1.3
│     ├─ file-entry-cache@npm:^6.0.1 → npm:6.0.1
│     ├─ functional-red-black-tree@npm:^1.0.1 → npm:1.0.1
│     ├─ glob-parent@npm:^5.1.2 → npm:5.1.2
│     ├─ globals@npm:^13.6.0 → npm:13.24.0
│     ├─ ignore@npm:^4.0.6 → npm:4.0.6
│     ├─ import-fresh@npm:^3.0.0 → npm:3.3.0
│     ├─ imurmurhash@npm:^0.1.4 → npm:0.1.4
│     ├─ is-glob@npm:^4.0.0 → npm:4.0.3
│     ├─ js-yaml@npm:^3.13.1 → npm:3.14.1
│     ├─ json-stable-stringify-without-jsonify@npm:^1.0.1 → npm:1.0.1
│     ├─ levn@npm:^0.4.1 → npm:0.4.1
│     ├─ lodash.merge@npm:^4.6.2 → npm:4.6.2
│     ├─ minimatch@npm:^3.0.4 → npm:3.1.2
│     ├─ natural-compare@npm:^1.4.0 → npm:1.4.0
│     ├─ optionator@npm:^0.9.1 → npm:0.9.4
│     ├─ progress@npm:^2.0.0 → npm:2.0.3
│     ├─ regexpp@npm:^3.1.0 → npm:3.2.0
│     ├─ semver@npm:^7.2.1 → npm:7.6.0
│     ├─ strip-ansi@npm:^6.0.0 → npm:6.0.1
│     ├─ strip-json-comments@npm:^3.1.0 → npm:3.1.1
│     ├─ table@npm:^6.0.9 → npm:6.8.2
│     ├─ text-table@npm:^0.2.0 → npm:0.2.0
│     ├─ v8-compile-cache@npm:^2.0.3 → npm:2.4.0
│     └─ debug@npm:^4.3.2 → npm:4.3.4 [1ff4b]
│
├─ jsdom@npm:22.1.0
│  ├─ Instances: 1
│  ├─ Version: 22.1.0
│  │
│  └─ Dependencies
│     ├─ abab@npm:^2.0.6 → npm:2.0.6
│     ├─ cssstyle@npm:^3.0.0 → npm:3.0.0
│     ├─ data-urls@npm:^4.0.0 → npm:4.0.0
│     ├─ decimal.js@npm:^10.4.3 → npm:10.4.3
│     ├─ domexception@npm:^4.0.0 → npm:4.0.0
│     ├─ form-data@npm:^4.0.0 → npm:4.0.0
│     ├─ html-encoding-sniffer@npm:^3.0.0 → npm:3.0.0
│     ├─ http-proxy-agent@npm:^5.0.0 → npm:5.0.0
│     ├─ https-proxy-agent@npm:^5.0.1 → npm:5.0.1
│     ├─ is-potential-custom-element-name@npm:^1.0.1 → npm:1.0.1
│     ├─ nwsapi@npm:^2.2.4 → npm:2.2.9
│     ├─ parse5@npm:^7.1.2 → npm:7.1.2
│     ├─ rrweb-cssom@npm:^0.6.0 → npm:0.6.0
│     ├─ saxes@npm:^6.0.0 → npm:6.0.0
│     ├─ symbol-tree@npm:^3.2.4 → npm:3.2.4
│     ├─ tough-cookie@npm:^4.1.2 → npm:4.1.4
│     ├─ w3c-xmlserializer@npm:^4.0.0 → npm:4.0.0
│     ├─ webidl-conversions@npm:^7.0.0 → npm:7.0.0
│     ├─ whatwg-encoding@npm:^2.0.0 → npm:2.0.0
│     ├─ whatwg-mimetype@npm:^3.0.0 → npm:3.0.0
│     ├─ whatwg-url@npm:^12.0.1 → npm:12.0.1
│     ├─ ws@npm:^8.13.0 → npm:8.17.0
│     └─ xml-name-validator@npm:^4.0.0 → npm:4.0.0
│
├─ react-dom@npm:18.3.1
│  ├─ Instances: 1
│  ├─ Version: 18.3.1
│  │
│  └─ Dependencies
│     ├─ loose-envify@npm:^1.1.0 → npm:1.4.0
│     └─ scheduler@npm:^0.23.2 → npm:0.23.2
│
├─ react@npm:18.3.1
│  ├─ Version: 18.3.1
│  │
│  └─ Dependencies
│     └─ loose-envify@npm:^1.1.0 → npm:1.4.0
│
├─ resize-observer-polyfill@npm:1.5.1
│  └─ Version: 1.5.1
│
├─ rimraf@npm:5.0.5
│  ├─ Version: 5.0.5
│  │
│  ├─ Exported Binaries
│  │  └─ rimraf
│  │
│  └─ Dependencies
│     └─ glob@npm:^10.3.7 → npm:10.3.12
│
├─ rollup-plugin-esbuild@npm:5.0.0
│  ├─ Instances: 1
│  ├─ Version: 5.0.0
│  │
│  └─ Dependencies
│     ├─ @rollup/pluginutils@npm:^5.0.1 → npm:5.1.0
│     ├─ debug@npm:^4.3.4 → npm:4.3.4
│     ├─ es-module-lexer@npm:^1.0.5 → npm:1.5.2
│     ├─ joycon@npm:^3.1.1 → npm:3.1.1
│     └─ jsonc-parser@npm:^3.2.0 → npm:3.2.1
│
├─ rollup-plugin-license@npm:3.3.1
│  ├─ Instances: 1
│  ├─ Version: 3.3.1
│  │
│  └─ Dependencies
│     ├─ commenting@npm:~1.1.0 → npm:1.1.0
│     ├─ glob@npm:~7.2.0 → npm:7.2.3
│     ├─ lodash@npm:~4.17.21 → npm:4.17.21
│     ├─ magic-string@npm:~0.30.0 → npm:0.30.10
│     ├─ mkdirp@npm:~3.0.0 → npm:3.0.1
│     ├─ moment@npm:~2.30.1 → npm:2.30.1
│     ├─ package-name-regex@npm:~2.0.6 → npm:2.0.6
│     ├─ spdx-expression-validate@npm:~2.0.0 → npm:2.0.0
│     └─ spdx-satisfies@npm:~5.0.1 → npm:5.0.1
│
├─ rollup-plugin-ts@npm:3.4.5
│  ├─ Instances: 1
│  ├─ Version: 3.4.5
│  │
│  └─ Dependencies
│     ├─ @rollup/pluginutils@npm:^5.0.2 → npm:5.1.0
│     ├─ @wessberg/stringutil@npm:^1.0.19 → npm:1.0.19
│     ├─ ansi-colors@npm:^4.1.3 → npm:4.1.3
│     ├─ browserslist-generator@npm:^2.1.0 → npm:2.1.0
│     ├─ browserslist@npm:^4.21.10 → npm:4.23.0
│     ├─ compatfactory@npm:^3.0.0 → npm:3.0.0
│     ├─ crosspath@npm:^2.0.0 → npm:2.0.0
│     ├─ magic-string@npm:^0.30.2 → npm:0.30.10
│     ├─ ts-clone-node@npm:^3.0.0 → npm:3.0.0
│     └─ tslib@npm:^2.6.1 → npm:2.6.2
│
├─ rollup-plugin-visualizer@npm:5.12.0
│  ├─ Instances: 1
│  ├─ Version: 5.12.0
│  │
│  ├─ Exported Binaries
│  │  └─ rollup-plugin-visualizer
│  │
│  └─ Dependencies
│     ├─ open@npm:^8.4.0 → npm:8.4.2
│     ├─ picomatch@npm:^2.3.1 → npm:2.3.1
│     ├─ source-map@npm:^0.7.4 → npm:0.7.4
│     └─ yargs@npm:^17.5.1 → npm:17.7.2
│
├─ rollup@npm:3.29.4
│  ├─ Version: 3.29.4
│  │
│  ├─ Exported Binaries
│  │  └─ rollup
│  │
│  └─ Dependencies
│     └─ fsevents@patch:fsevents@~2.3.2#~builtin<compat/fsevents> → patch:fsevents@npm%3A2.3.3#~builtin<compat/fsevents>::version=2.3.3&hash=18f3a7
│
├─ typescript@patch:typescript@npm%3A5.4.5#~builtin<compat/typescript>::version=5.4.5&hash=7ad353
│  ├─ Version: 5.4.5
│  │
│  └─ Exported Binaries
│     ├─ tsc
│     └─ tsserver
│
├─ vite@npm:4.5.3
│  ├─ Instances: 1
│  ├─ Version: 4.5.3
│  │
│  ├─ Exported Binaries
│  │  └─ vite
│  │
│  └─ Dependencies
│     ├─ esbuild@npm:^0.18.10 → npm:0.18.20
│     ├─ fsevents@patch:fsevents@~2.3.2#~builtin<compat/fsevents> → patch:fsevents@npm%3A2.3.3#~builtin<compat/fsevents>::version=2.3.3&hash=18f3a7
│     ├─ postcss@npm:^8.4.27 → npm:8.4.38
│     └─ rollup@npm:^3.27.1 → npm:3.29.4
│
└─ vitest@npm:0.32.4
   ├─ Instances: 1
   ├─ Version: 0.32.4
   │
   ├─ Exported Binaries
   │  └─ vitest
   │
   └─ Dependencies
      ├─ @types/chai-subset@npm:^1.3.3 → npm:1.3.5
      ├─ @types/chai@npm:^4.3.5 → npm:4.3.16
      ├─ @types/node@npm:* → npm:20.12.10
      ├─ @vitest/expect@npm:0.32.4 → npm:0.32.4
      ├─ @vitest/runner@npm:0.32.4 → npm:0.32.4
      ├─ @vitest/snapshot@npm:0.32.4 → npm:0.32.4
      ├─ @vitest/spy@npm:0.32.4 → npm:0.32.4
      ├─ @vitest/utils@npm:0.32.4 → npm:0.32.4
      ├─ acorn-walk@npm:^8.2.0 → npm:8.3.2
      ├─ acorn@npm:^8.9.0 → npm:8.11.3
      ├─ cac@npm:^6.7.14 → npm:6.7.14
      ├─ chai@npm:^4.3.7 → npm:4.4.1
      ├─ debug@npm:^4.3.4 → npm:4.3.4
      ├─ local-pkg@npm:^0.4.3 → npm:0.4.3
      ├─ magic-string@npm:^0.30.0 → npm:0.30.10
      ├─ pathe@npm:^1.1.1 → npm:1.1.2
      ├─ picocolors@npm:^1.0.0 → npm:1.0.0
      ├─ std-env@npm:^3.3.3 → npm:3.7.0
      ├─ strip-literal@npm:^1.0.1 → npm:1.3.0
      ├─ tinybench@npm:^2.5.0 → npm:2.8.0
      ├─ tinypool@npm:^0.5.0 → npm:0.5.0
      ├─ vite-node@npm:0.32.4 → npm:0.32.4
      ├─ vite@npm:^3.0.0 || ^4.0.0 → npm:4.5.3
      └─ why-is-node-running@npm:^2.2.2 → npm:2.2.2
