├─ @medusajs/js-sdk@workspace:packages/core/js-sdk
│  ├─ Version: 2.0.7
│  │
│  └─ Dependencies
│     ├─ fetch-event-stream@npm:^0.1.5 → npm:0.1.5
│     ├─ qs@npm:^6.12.1 → npm:6.12.1
│     ├─ rimraf@npm:^5.0.1 → npm:5.0.5
│     ├─ typescript@patch:typescript@^5.6.2#~builtin<compat/typescript> → patch:typescript@npm%3A5.6.2#~builtin<compat/typescript>::version=5.6.2&hash=7ad353
│     ├─ @medusajs/types@^2.0.7 → workspace:packages/core/types [65b54]
│     ├─ jest@npm:29.7.0 → npm:29.7.0 [36a01]
│     └─ msw@npm:^2.3.0 → npm:2.3.0 [9e857]
│
├─ @medusajs/types@workspace:packages/core/types
│  ├─ Instances: 1
│  ├─ Version: 2.0.7
│  │
│  └─ Dependencies
│     ├─ awilix@npm:^8.0.1 → npm:8.0.1
│     ├─ bignumber.js@npm:^9.1.2 → npm:9.1.2
│     ├─ expect-type@npm:^0.20.0 → npm:0.20.0
│     ├─ ioredis@npm:^5.4.1 → npm:5.4.1
│     ├─ rimraf@npm:^5.0.1 → npm:5.0.5
│     ├─ typescript@patch:typescript@^5.6.2#~builtin<compat/typescript> → patch:typescript@npm%3A5.6.2#~builtin<compat/typescript>::version=5.6.2&hash=7ad353
│     └─ vite@npm:^5.2.11 → npm:5.2.11 [df0d7]
│
├─ fetch-event-stream@npm:0.1.5
│  └─ Version: 0.1.5
│
├─ jest@npm:29.7.0
│  ├─ Instances: 1
│  ├─ Version: 29.7.0
│  │
│  ├─ Exported Binaries
│  │  └─ jest
│  │
│  └─ Dependencies
│     ├─ @jest/core@npm:^29.7.0 → npm:29.7.0
│     ├─ @jest/types@npm:^29.6.3 → npm:29.6.3
│     ├─ import-local@npm:^3.0.2 → npm:3.1.0
│     └─ jest-cli@npm:^29.7.0 → npm:29.7.0
│
├─ msw@npm:2.3.0
│  ├─ Instances: 1
│  ├─ Version: 2.3.0
│  │
│  ├─ Exported Binaries
│  │  └─ msw
│  │
│  └─ Dependencies
│     ├─ @bundled-es-modules/cookie@npm:^2.0.0 → npm:2.0.0
│     ├─ @bundled-es-modules/statuses@npm:^1.0.1 → npm:1.0.1
│     ├─ @inquirer/confirm@npm:^3.0.0 → npm:3.1.7
│     ├─ @mswjs/cookies@npm:^1.1.0 → npm:1.1.0
│     ├─ @mswjs/interceptors@npm:^0.29.0 → npm:0.29.1
│     ├─ @open-draft/until@npm:^2.1.0 → npm:2.1.0
│     ├─ @types/cookie@npm:^0.6.0 → npm:0.6.0
│     ├─ @types/statuses@npm:^2.0.4 → npm:2.0.5
│     ├─ chalk@npm:^4.1.2 → npm:4.1.2
│     ├─ graphql@npm:^16.8.1 → npm:16.8.1
│     ├─ headers-polyfill@npm:^4.0.2 → npm:4.0.3
│     ├─ is-node-process@npm:^1.2.0 → npm:1.2.0
│     ├─ outvariant@npm:^1.4.2 → npm:1.4.2
│     ├─ path-to-regexp@npm:^6.2.0 → npm:6.2.2
│     ├─ strict-event-emitter@npm:^0.5.1 → npm:0.5.1
│     ├─ type-fest@npm:^4.9.0 → npm:4.18.2
│     └─ yargs@npm:^17.7.2 → npm:17.7.2
│
├─ qs@npm:6.12.1
│  ├─ Version: 6.12.1
│  │
│  └─ Dependencies
│     └─ side-channel@npm:^1.0.6 → npm:1.0.6
│
├─ rimraf@npm:5.0.5
│  ├─ Version: 5.0.5
│  │
│  ├─ Exported Binaries
│  │  └─ rimraf
│  │
│  └─ Dependencies
│     └─ glob@npm:^10.3.7 → npm:10.3.12
│
└─ typescript@patch:typescript@npm%3A5.6.2#~builtin<compat/typescript>::version=5.6.2&hash=7ad353
   ├─ Version: 5.6.2
   │
   └─ Exported Binaries
      ├─ tsc
      └─ tsserver
