├─ @inquirer/checkbox@npm:2.3.11
│  ├─ Version: 2.3.11
│  │
│  └─ Dependencies
│     ├─ @inquirer/core@npm:^9.0.3 → npm:9.0.3
│     ├─ @inquirer/figures@npm:^1.0.4 → npm:1.0.4
│     ├─ @inquirer/type@npm:^1.5.0 → npm:1.5.0
│     ├─ ansi-escapes@npm:^4.3.2 → npm:4.3.2
│     └─ yoctocolors-cjs@npm:^2.1.2 → npm:2.1.2
│
├─ @inquirer/input@npm:2.2.9
│  ├─ Version: 2.2.9
│  │
│  └─ Dependencies
│     ├─ @inquirer/core@npm:^9.0.10 → npm:9.0.10
│     └─ @inquirer/type@npm:^1.5.2 → npm:1.5.2
│
├─ @medusajs/admin-bundler@workspace:packages/admin/admin-bundler
│  ├─ Instances: 1
│  ├─ Version: 2.0.7
│  │
│  └─ Dependencies
│     ├─ @medusajs/admin-shared@2.0.7 → workspace:packages/admin/admin-shared
│     ├─ @medusajs/dashboard@2.0.7 → workspace:packages/admin/dashboard
│     ├─ @types/compression@npm:^1.7.5 → npm:1.7.5
│     ├─ compression@npm:^1.7.4 → npm:1.7.4
│     ├─ copyfiles@npm:^2.4.1 → npm:2.4.1
│     ├─ express@npm:^4.21.0 → npm:4.21.0
│     ├─ postcss@npm:^8.4.32 → npm:8.4.38
│     ├─ tailwindcss@npm:^3.3.6 → npm:3.4.3
│     ├─ typescript@patch:typescript@^5.3.3#~builtin<compat/typescript> → patch:typescript@npm%3A5.4.5#~builtin<compat/typescript>::version=5.4.5&hash=7ad353
│     ├─ @medusajs/admin-vite-plugin@2.0.7 → workspace:packages/admin/admin-vite-plugin [f414b]
│     ├─ @medusajs/types@^2.0.7 → workspace:packages/core/types [df0d7]
│     ├─ @vitejs/plugin-react@npm:^4.2.1 → npm:4.2.1 [f414b]
│     ├─ autoprefixer@npm:^10.1.0 → npm:10.4.19 [e2971]
│     ├─ tsup@npm:^8.0.1 → npm:8.0.2 [f414b]
│     └─ vite@npm:^5.2.11 → npm:5.2.11 [df0d7]
│
├─ @medusajs/api-key@workspace:packages/modules/api-key
│  ├─ Instances: 1
│  ├─ Version: 2.0.7
│  │
│  └─ Dependencies
│     ├─ rimraf@npm:^3.0.2 → npm:3.0.2
│     ├─ tsc-alias@npm:^1.8.6 → npm:1.8.8
│     ├─ typescript@patch:typescript@^5.6.2#~builtin<compat/typescript> → patch:typescript@npm%3A5.6.2#~builtin<compat/typescript>::version=5.6.2&hash=7ad353
│     ├─ @medusajs/framework@^2.0.7 → workspace:packages/core/framework [161a1]
│     ├─ @medusajs/test-utils@^2.0.7 → workspace:packages/medusa-test-utils [161a1]
│     ├─ @mikro-orm/cli@npm:5.9.7 → npm:5.9.7 [161a1]
│     ├─ @swc/core@npm:^1.7.28 → npm:1.7.28 [161a1]
│     ├─ @swc/jest@npm:^0.2.36 → npm:0.2.36 [161a1]
│     └─ jest@npm:29.7.0 → npm:29.7.0 [36a01]
│
├─ @medusajs/auth-emailpass@workspace:packages/modules/providers/auth-emailpass
│  ├─ Instances: 1
│  ├─ Version: 2.0.7
│  │
│  └─ Dependencies
│     ├─ rimraf@npm:^5.0.1 → npm:5.0.5
│     ├─ scrypt-kdf@npm:^2.0.1 → npm:2.0.1
│     ├─ typescript@patch:typescript@^5.6.2#~builtin<compat/typescript> → patch:typescript@npm%3A5.6.2#~builtin<compat/typescript>::version=5.6.2&hash=7ad353
│     ├─ @medusajs/framework@^2.0.7 → workspace:packages/core/framework [eedab]
│     ├─ @swc/core@npm:^1.7.28 → npm:1.7.28 [161a1]
│     ├─ @swc/jest@npm:^0.2.36 → npm:0.2.36 [161a1]
│     └─ jest@npm:29.7.0 → npm:29.7.0 [36a01]
│
├─ @medusajs/auth-github@workspace:packages/modules/providers/auth-github
│  ├─ Instances: 1
│  ├─ Version: 2.0.7
│  │
│  └─ Dependencies
│     ├─ rimraf@npm:^5.0.1 → npm:5.0.5
│     ├─ typescript@patch:typescript@^5.6.2#~builtin<compat/typescript> → patch:typescript@npm%3A5.6.2#~builtin<compat/typescript>::version=5.6.2&hash=7ad353
│     ├─ @medusajs/framework@^2.0.7 → workspace:packages/core/framework [eedab]
│     ├─ @swc/core@npm:^1.7.28 → npm:1.7.28 [161a1]
│     ├─ @swc/jest@npm:^0.2.36 → npm:0.2.36 [161a1]
│     ├─ jest@npm:29.7.0 → npm:29.7.0 [36a01]
│     └─ msw@npm:^2.3.0 → npm:2.3.0 [9e857]
│
├─ @medusajs/auth-google@workspace:packages/modules/providers/auth-google
│  ├─ Instances: 1
│  ├─ Version: 2.0.7
│  │
│  └─ Dependencies
│     ├─ jsonwebtoken@npm:^9.0.2 → npm:9.0.2
│     ├─ rimraf@npm:^5.0.1 → npm:5.0.5
│     ├─ typescript@patch:typescript@^5.6.2#~builtin<compat/typescript> → patch:typescript@npm%3A5.6.2#~builtin<compat/typescript>::version=5.6.2&hash=7ad353
│     ├─ @medusajs/framework@^2.0.7 → workspace:packages/core/framework [eedab]
│     ├─ @swc/core@npm:^1.7.28 → npm:1.7.28 [161a1]
│     ├─ @swc/jest@npm:^0.2.36 → npm:0.2.36 [161a1]
│     ├─ jest@npm:29.7.0 → npm:29.7.0 [36a01]
│     └─ msw@npm:^2.3.0 → npm:2.3.0 [9e857]
│
├─ @medusajs/auth@workspace:packages/modules/auth
│  ├─ Instances: 1
│  ├─ Version: 2.0.7
│  │
│  └─ Dependencies
│     ├─ rimraf@npm:^3.0.2 → npm:3.0.2
│     ├─ tsc-alias@npm:^1.8.6 → npm:1.8.8
│     ├─ typescript@patch:typescript@^5.6.2#~builtin<compat/typescript> → patch:typescript@npm%3A5.6.2#~builtin<compat/typescript>::version=5.6.2&hash=7ad353
│     ├─ @medusajs/framework@^2.0.7 → workspace:packages/core/framework [0c84c]
│     ├─ @medusajs/test-utils@^2.0.7 → workspace:packages/medusa-test-utils [0c84c]
│     ├─ @mikro-orm/cli@npm:5.9.7 → npm:5.9.7 [0c84c]
│     ├─ @mikro-orm/core@npm:5.9.7 → npm:5.9.7 [0c84c]
│     ├─ @mikro-orm/migrations@npm:5.9.7 → npm:5.9.7 [0c84c]
│     ├─ @mikro-orm/postgresql@npm:5.9.7 → npm:5.9.7 [0c84c]
│     ├─ @swc/core@npm:^1.7.28 → npm:1.7.28 [161a1]
│     ├─ @swc/jest@npm:^0.2.36 → npm:0.2.36 [161a1]
│     └─ jest@npm:29.7.0 → npm:29.7.0 [36a01]
│
├─ @medusajs/cache-inmemory@workspace:packages/modules/cache-inmemory
│  ├─ Instances: 1
│  ├─ Version: 2.0.7
│  │
│  └─ Dependencies
│     ├─ rimraf@npm:^5.0.1 → npm:5.0.5
│     ├─ typescript@patch:typescript@^5.6.2#~builtin<compat/typescript> → patch:typescript@npm%3A5.6.2#~builtin<compat/typescript>::version=5.6.2&hash=7ad353
│     ├─ @medusajs/framework@^2.0.7 → workspace:packages/core/framework [eedab]
│     ├─ @swc/core@npm:^1.7.28 → npm:1.7.28 [161a1]
│     ├─ @swc/jest@npm:^0.2.36 → npm:0.2.36 [161a1]
│     └─ jest@npm:29.7.0 → npm:29.7.0 [36a01]
│
├─ @medusajs/cache-redis@workspace:packages/modules/cache-redis
│  ├─ Instances: 1
│  ├─ Version: 2.0.7
│  │
│  └─ Dependencies
│     ├─ ioredis@npm:^5.4.1 → npm:5.4.1
│     ├─ rimraf@npm:^5.0.1 → npm:5.0.5
│     ├─ typescript@patch:typescript@^5.6.2#~builtin<compat/typescript> → patch:typescript@npm%3A5.6.2#~builtin<compat/typescript>::version=5.6.2&hash=7ad353
│     ├─ @medusajs/framework@^2.0.7 → workspace:packages/core/framework [eedab]
│     ├─ @swc/core@npm:^1.7.28 → npm:1.7.28 [161a1]
│     ├─ @swc/jest@npm:^0.2.36 → npm:0.2.36 [161a1]
│     └─ jest@npm:29.7.0 → npm:29.7.0 [36a01]
│
├─ @medusajs/cart@workspace:packages/modules/cart
│  ├─ Instances: 1
│  ├─ Version: 2.0.7
│  │
│  └─ Dependencies
│     ├─ rimraf@npm:^3.0.2 → npm:3.0.2
│     ├─ tsc-alias@npm:^1.8.6 → npm:1.8.8
│     ├─ typescript@patch:typescript@^5.6.2#~builtin<compat/typescript> → patch:typescript@npm%3A5.6.2#~builtin<compat/typescript>::version=5.6.2&hash=7ad353
│     ├─ @medusajs/framework@^2.0.7 → workspace:packages/core/framework [5475e]
│     ├─ @medusajs/test-utils@^2.0.7 → workspace:packages/medusa-test-utils [5475e]
│     ├─ @mikro-orm/cli@npm:5.9.7 → npm:5.9.7 [5475e]
│     ├─ @mikro-orm/core@npm:5.9.7 → npm:5.9.7 [5475e]
│     ├─ @mikro-orm/migrations@npm:5.9.7 → npm:5.9.7 [5475e]
│     ├─ @mikro-orm/postgresql@npm:5.9.7 → npm:5.9.7 [5475e]
│     ├─ @swc/core@npm:^1.7.28 → npm:1.7.28 [161a1]
│     ├─ @swc/jest@npm:^0.2.36 → npm:0.2.36 [161a1]
│     └─ jest@npm:29.7.0 → npm:29.7.0 [36a01]
│
├─ @medusajs/core-flows@workspace:packages/core/core-flows
│  ├─ Instances: 1
│  ├─ Version: 2.0.7
│  │
│  └─ Dependencies
│     ├─ awilix@npm:^8.0.1 → npm:8.0.1
│     ├─ expect-type@npm:^0.20.0 → npm:0.20.0
│     ├─ json-2-csv@npm:^5.5.4 → npm:5.5.4
│     ├─ rimraf@npm:^5.0.1 → npm:5.0.5
│     ├─ typescript@patch:typescript@^5.6.2#~builtin<compat/typescript> → patch:typescript@npm%3A5.6.2#~builtin<compat/typescript>::version=5.6.2&hash=7ad353
│     ├─ @medusajs/framework@^2.0.7 → workspace:packages/core/framework [b49e2]
│     ├─ @mikro-orm/core@npm:5.9.7 → npm:5.9.7 [b49e2]
│     ├─ @mikro-orm/knex@npm:5.9.7 → npm:5.9.7 [b49e2]
│     ├─ @mikro-orm/migrations@npm:5.9.7 → npm:5.9.7 [b49e2]
│     ├─ @mikro-orm/postgresql@npm:5.9.7 → npm:5.9.7 [b49e2]
│     ├─ @swc/core@npm:^1.7.28 → npm:1.7.28 [161a1]
│     ├─ @swc/jest@npm:^0.2.36 → npm:0.2.36 [161a1]
│     ├─ jest@npm:29.7.0 → npm:29.7.0 [36a01]
│     └─ pg@npm:8.11.3 → npm:8.11.3 [6c403]
│
├─ @medusajs/currency@workspace:packages/modules/currency
│  ├─ Instances: 1
│  ├─ Version: 2.0.7
│  │
│  └─ Dependencies
│     ├─ rimraf@npm:^3.0.2 → npm:3.0.2
│     ├─ tsc-alias@npm:^1.8.6 → npm:1.8.8
│     ├─ typescript@patch:typescript@^5.6.2#~builtin<compat/typescript> → patch:typescript@npm%3A5.6.2#~builtin<compat/typescript>::version=5.6.2&hash=7ad353
│     ├─ @medusajs/framework@^2.0.7 → workspace:packages/core/framework [ea97c]
│     ├─ @medusajs/test-utils@^2.0.7 → workspace:packages/medusa-test-utils [ea97c]
│     ├─ @mikro-orm/cli@npm:5.9.7 → npm:5.9.7 [ea97c]
│     ├─ @mikro-orm/core@npm:5.9.7 → npm:5.9.7 [ea97c]
│     ├─ @mikro-orm/migrations@npm:5.9.7 → npm:5.9.7 [ea97c]
│     ├─ @mikro-orm/postgresql@npm:5.9.7 → npm:5.9.7 [ea97c]
│     ├─ @swc/core@npm:^1.7.28 → npm:1.7.28 [161a1]
│     ├─ @swc/jest@npm:^0.2.36 → npm:0.2.36 [161a1]
│     └─ jest@npm:29.7.0 → npm:29.7.0 [36a01]
│
├─ @medusajs/customer@workspace:packages/modules/customer
│  ├─ Instances: 1
│  ├─ Version: 2.0.7
│  │
│  └─ Dependencies
│     ├─ rimraf@npm:^3.0.2 → npm:3.0.2
│     ├─ tsc-alias@npm:^1.8.6 → npm:1.8.8
│     ├─ typescript@patch:typescript@^5.6.2#~builtin<compat/typescript> → patch:typescript@npm%3A5.6.2#~builtin<compat/typescript>::version=5.6.2&hash=7ad353
│     ├─ @medusajs/framework@^2.0.7 → workspace:packages/core/framework [1e4d6]
│     ├─ @medusajs/test-utils@^2.0.7 → workspace:packages/medusa-test-utils [1e4d6]
│     ├─ @mikro-orm/cli@npm:5.9.7 → npm:5.9.7 [1e4d6]
│     ├─ @mikro-orm/core@npm:5.9.7 → npm:5.9.7 [1e4d6]
│     ├─ @mikro-orm/migrations@npm:5.9.7 → npm:5.9.7 [1e4d6]
│     ├─ @mikro-orm/postgresql@npm:5.9.7 → npm:5.9.7 [1e4d6]
│     ├─ @swc/core@npm:^1.7.28 → npm:1.7.28 [161a1]
│     ├─ @swc/jest@npm:^0.2.36 → npm:0.2.36 [161a1]
│     └─ jest@npm:29.7.0 → npm:29.7.0 [36a01]
│
├─ @medusajs/event-bus-local@workspace:packages/modules/event-bus-local
│  ├─ Instances: 1
│  ├─ Version: 2.0.7
│  │
│  └─ Dependencies
│     ├─ rimraf@npm:^5.0.1 → npm:5.0.5
│     ├─ typescript@patch:typescript@^5.6.2#~builtin<compat/typescript> → patch:typescript@npm%3A5.6.2#~builtin<compat/typescript>::version=5.6.2&hash=7ad353
│     ├─ ulid@npm:^2.3.0 → npm:2.3.0
│     ├─ @medusajs/framework@^2.0.7 → workspace:packages/core/framework [eedab]
│     ├─ @swc/core@npm:^1.7.28 → npm:1.7.28 [161a1]
│     ├─ @swc/jest@npm:^0.2.36 → npm:0.2.36 [161a1]
│     └─ jest@npm:29.7.0 → npm:29.7.0 [36a01]
│
├─ @medusajs/event-bus-redis@workspace:packages/modules/event-bus-redis
│  ├─ Instances: 1
│  ├─ Version: 2.0.7
│  │
│  └─ Dependencies
│     ├─ bullmq@npm:5.13.0 → npm:5.13.0
│     ├─ ioredis@npm:^5.4.1 → npm:5.4.1
│     ├─ rimraf@npm:^5.0.1 → npm:5.0.5
│     ├─ typescript@patch:typescript@^5.6.2#~builtin<compat/typescript> → patch:typescript@npm%3A5.6.2#~builtin<compat/typescript>::version=5.6.2&hash=7ad353
│     ├─ @medusajs/framework@^2.0.7 → workspace:packages/core/framework [eedab]
│     ├─ @swc/core@npm:^1.7.28 → npm:1.7.28 [161a1]
│     ├─ @swc/jest@npm:^0.2.36 → npm:0.2.36 [161a1]
│     └─ jest@npm:29.7.0 → npm:29.7.0 [36a01]
│
├─ @medusajs/file-local@workspace:packages/modules/providers/file-local
│  ├─ Instances: 1
│  ├─ Version: 2.0.7
│  │
│  └─ Dependencies
│     ├─ rimraf@npm:^5.0.1 → npm:5.0.5
│     ├─ typescript@patch:typescript@^5.6.2#~builtin<compat/typescript> → patch:typescript@npm%3A5.6.2#~builtin<compat/typescript>::version=5.6.2&hash=7ad353
│     ├─ @medusajs/framework@^2.0.7 → workspace:packages/core/framework [eedab]
│     ├─ @swc/core@npm:^1.7.28 → npm:1.7.28 [161a1]
│     ├─ @swc/jest@npm:^0.2.36 → npm:0.2.36 [161a1]
│     └─ jest@npm:29.7.0 → npm:29.7.0 [36a01]
│
├─ @medusajs/file-s3@workspace:packages/modules/providers/file-s3
│  ├─ Instances: 1
│  ├─ Version: 2.0.7
│  │
│  └─ Dependencies
│     ├─ @aws-sdk/client-s3@npm:^3.556.0 → npm:3.569.0
│     ├─ @aws-sdk/s3-request-presigner@npm:^3.556.0 → npm:3.569.0
│     ├─ axios@npm:^1.6.8 → npm:1.6.8
│     ├─ rimraf@npm:^5.0.1 → npm:5.0.5
│     ├─ typescript@patch:typescript@^5.6.2#~builtin<compat/typescript> → patch:typescript@npm%3A5.6.2#~builtin<compat/typescript>::version=5.6.2&hash=7ad353
│     ├─ ulid@npm:^2.3.0 → npm:2.3.0
│     ├─ @medusajs/framework@^2.0.7 → workspace:packages/core/framework [eedab]
│     ├─ @swc/core@npm:^1.7.28 → npm:1.7.28 [161a1]
│     ├─ @swc/jest@npm:^0.2.36 → npm:0.2.36 [161a1]
│     └─ jest@npm:29.7.0 → npm:29.7.0 [36a01]
│
├─ @medusajs/file@workspace:packages/modules/file
│  ├─ Instances: 1
│  ├─ Version: 2.0.7
│  │
│  └─ Dependencies
│     ├─ rimraf@npm:^3.0.2 → npm:3.0.2
│     ├─ tsc-alias@npm:^1.8.6 → npm:1.8.8
│     ├─ typescript@patch:typescript@^5.6.2#~builtin<compat/typescript> → patch:typescript@npm%3A5.6.2#~builtin<compat/typescript>::version=5.6.2&hash=7ad353
│     ├─ @medusajs/framework@^2.0.7 → workspace:packages/core/framework [06adf]
│     ├─ @medusajs/test-utils@^2.0.7 → workspace:packages/medusa-test-utils [06adf]
│     ├─ @mikro-orm/cli@npm:5.9.7 → npm:5.9.7 [06adf]
│     ├─ @mikro-orm/core@npm:5.9.7 → npm:5.9.7 [06adf]
│     ├─ @mikro-orm/migrations@npm:5.9.7 → npm:5.9.7 [06adf]
│     ├─ @mikro-orm/postgresql@npm:5.9.7 → npm:5.9.7 [06adf]
│     ├─ @swc/core@npm:^1.7.28 → npm:1.7.28 [161a1]
│     ├─ @swc/jest@npm:^0.2.36 → npm:0.2.36 [161a1]
│     └─ jest@npm:29.7.0 → npm:29.7.0 [36a01]
│
├─ @medusajs/framework@workspace:packages/core/framework
│  ├─ Instances: 1
│  ├─ Version: 2.0.7
│  │
│  ├─ Exported Binaries
│  │  └─ medusa-mikro-orm
│  │
│  └─ Dependencies
│     ├─ @jercle/yargonaut@npm:^1.1.5 → npm:1.1.5
│     ├─ @medusajs/telemetry@^2.0.7 → workspace:packages/medusa-telemetry
│     ├─ @opentelemetry/api@npm:^1.9.0 → npm:1.9.0
│     ├─ @types/express@npm:^4.17.17 → npm:4.17.21
│     ├─ @types/jsonwebtoken@npm:^8.5.9 → npm:8.5.9
│     ├─ awilix@npm:^8.0.1 → npm:8.0.1
│     ├─ connect-redis@npm:5.2.0 → npm:5.2.0
│     ├─ cookie-parser@npm:^1.4.6 → npm:1.4.6
│     ├─ cors@npm:^2.8.5 → npm:2.8.5
│     ├─ express-session@npm:^1.17.3 → npm:1.18.0
│     ├─ express@npm:^4.21.0 → npm:4.21.0
│     ├─ ioredis@npm:^5.4.1 → npm:5.4.1
│     ├─ jsonwebtoken@npm:^9.0.2 → npm:9.0.2
│     ├─ morgan@npm:^1.9.1 → npm:1.10.0
│     ├─ rimraf@npm:^3.0.2 → npm:3.0.2
│     ├─ supertest@npm:^4.0.2 → npm:4.0.2
│     ├─ tsconfig-paths@npm:^4.2.0 → npm:4.2.0
│     ├─ typescript@patch:typescript@^5.6.2#~builtin<compat/typescript> → patch:typescript@npm%3A5.6.2#~builtin<compat/typescript>::version=5.6.2&hash=7ad353
│     ├─ zod@npm:3.22.4 → npm:3.22.4
│     ├─ @medusajs/cli@^2.0.7 → workspace:packages/cli/medusa-cli [42f59]
│     ├─ @medusajs/modules-sdk@^2.0.7 → workspace:packages/core/modules-sdk [42f59]
│     ├─ @medusajs/orchestration@^2.0.7 → workspace:packages/core/orchestration [42f59]
│     ├─ @medusajs/types@^2.0.7 → workspace:packages/core/types [df0d7]
│     ├─ @medusajs/utils@^2.0.7 → workspace:packages/core/utils [42f59]
│     ├─ @medusajs/workflows-sdk@^2.0.7 → workspace:packages/core/workflows-sdk [42f59]
│     ├─ @mikro-orm/core@npm:5.9.7 → npm:5.9.7 [42f59]
│     ├─ @mikro-orm/knex@npm:5.9.7 → npm:5.9.7 [42f59]
│     ├─ @mikro-orm/migrations@npm:5.9.7 → npm:5.9.7 [42f59]
│     ├─ @mikro-orm/postgresql@npm:5.9.7 → npm:5.9.7 [42f59]
│     ├─ @swc/core@npm:^1.7.28 → npm:1.7.28 [161a1]
│     ├─ @swc/jest@npm:^0.2.36 → npm:0.2.36 [161a1]
│     ├─ jest@npm:29.7.0 → npm:29.7.0 [36a01]
│     ├─ pg@npm:8.11.3 → npm:8.11.3 [6c403]
│     └─ vite@npm:^5.2.11 → npm:5.2.11 [df0d7]
│
├─ @medusajs/fulfillment-manual@workspace:packages/modules/providers/fulfillment-manual
│  ├─ Instances: 1
│  ├─ Version: 2.0.7
│  │
│  └─ Dependencies
│     ├─ rimraf@npm:^5.0.1 → npm:5.0.5
│     ├─ typescript@patch:typescript@^5.6.2#~builtin<compat/typescript> → patch:typescript@npm%3A5.6.2#~builtin<compat/typescript>::version=5.6.2&hash=7ad353
│     ├─ @medusajs/framework@^2.0.7 → workspace:packages/core/framework [eedab]
│     ├─ @swc/core@npm:^1.7.28 → npm:1.7.28 [161a1]
│     ├─ @swc/jest@npm:^0.2.36 → npm:0.2.36 [161a1]
│     └─ jest@npm:29.7.0 → npm:29.7.0 [36a01]
│
├─ @medusajs/fulfillment@workspace:packages/modules/fulfillment
│  ├─ Instances: 1
│  ├─ Version: 2.0.7
│  │
│  └─ Dependencies
│     ├─ rimraf@npm:^3.0.2 → npm:3.0.2
│     ├─ tsc-alias@npm:^1.8.6 → npm:1.8.8
│     ├─ typescript@patch:typescript@^5.6.2#~builtin<compat/typescript> → patch:typescript@npm%3A5.6.2#~builtin<compat/typescript>::version=5.6.2&hash=7ad353
│     ├─ @medusajs/framework@^2.0.7 → workspace:packages/core/framework [4667b]
│     ├─ @medusajs/test-utils@^2.0.7 → workspace:packages/medusa-test-utils [4667b]
│     ├─ @mikro-orm/cli@npm:5.9.7 → npm:5.9.7 [4667b]
│     ├─ @mikro-orm/core@npm:5.9.7 → npm:5.9.7 [4667b]
│     ├─ @mikro-orm/migrations@npm:5.9.7 → npm:5.9.7 [4667b]
│     ├─ @mikro-orm/postgresql@npm:5.9.7 → npm:5.9.7 [4667b]
│     ├─ @swc/core@npm:^1.7.28 → npm:1.7.28 [161a1]
│     ├─ @swc/jest@npm:^0.2.36 → npm:0.2.36 [161a1]
│     └─ jest@npm:29.7.0 → npm:29.7.0 [36a01]
│
├─ @medusajs/index@workspace:packages/modules/index
│  ├─ Instances: 1
│  ├─ Version: 2.0.7
│  │
│  └─ Dependencies
│     ├─ rimraf@npm:^3.0.2 → npm:3.0.2
│     ├─ tsc-alias@npm:^1.8.6 → npm:1.8.8
│     ├─ typescript@patch:typescript@^5.6.2#~builtin<compat/typescript> → patch:typescript@npm%3A5.6.2#~builtin<compat/typescript>::version=5.6.2&hash=7ad353
│     ├─ @medusajs/framework@^2.0.7 → workspace:packages/core/framework [145a2]
│     ├─ @medusajs/test-utils@^2.0.7 → workspace:packages/medusa-test-utils [145a2]
│     ├─ @mikro-orm/cli@npm:5.9.7 → npm:5.9.7 [145a2]
│     ├─ @mikro-orm/core@npm:5.9.7 → npm:5.9.7 [145a2]
│     ├─ @mikro-orm/knex@npm:5.9.7 → npm:5.9.7 [145a2]
│     ├─ @mikro-orm/migrations@npm:5.9.7 → npm:5.9.7 [145a2]
│     ├─ @mikro-orm/postgresql@npm:5.9.7 → npm:5.9.7 [145a2]
│     ├─ @swc/core@npm:^1.7.28 → npm:1.7.28 [161a1]
│     ├─ @swc/jest@npm:^0.2.36 → npm:0.2.36 [161a1]
│     └─ jest@npm:29.7.0 → npm:29.7.0 [36a01]
│
├─ @medusajs/inventory@workspace:packages/modules/inventory
│  ├─ Instances: 1
│  ├─ Version: 2.0.7
│  │
│  └─ Dependencies
│     ├─ rimraf@npm:^5.0.1 → npm:5.0.5
│     ├─ tsc-alias@npm:^1.8.6 → npm:1.8.8
│     ├─ typescript@patch:typescript@^5.6.2#~builtin<compat/typescript> → patch:typescript@npm%3A5.6.2#~builtin<compat/typescript>::version=5.6.2&hash=7ad353
│     ├─ @medusajs/framework@^2.0.7 → workspace:packages/core/framework [4a3d2]
│     ├─ @medusajs/test-utils@^2.0.7 → workspace:packages/medusa-test-utils [4a3d2]
│     ├─ @mikro-orm/cli@npm:5.9.7 → npm:5.9.7 [4a3d2]
│     ├─ @mikro-orm/core@npm:5.9.7 → npm:5.9.7 [4a3d2]
│     ├─ @mikro-orm/migrations@npm:5.9.7 → npm:5.9.7 [4a3d2]
│     ├─ @mikro-orm/postgresql@npm:5.9.7 → npm:5.9.7 [4a3d2]
│     ├─ @swc/core@npm:^1.7.28 → npm:1.7.28 [161a1]
│     ├─ @swc/jest@npm:^0.2.36 → npm:0.2.36 [161a1]
│     └─ jest@npm:29.7.0 → npm:29.7.0 [36a01]
│
├─ @medusajs/link-modules@workspace:packages/modules/link-modules
│  ├─ Instances: 1
│  ├─ Version: 2.0.7
│  │
│  └─ Dependencies
│     ├─ cross-env@npm:^5.2.1 → npm:5.2.1
│     ├─ rimraf@npm:^5.0.1 → npm:5.0.5
│     ├─ tsc-alias@npm:^1.8.6 → npm:1.8.8
│     ├─ typescript@patch:typescript@^5.6.2#~builtin<compat/typescript> → patch:typescript@npm%3A5.6.2#~builtin<compat/typescript>::version=5.6.2&hash=7ad353
│     ├─ @medusajs/framework@^2.0.7 → workspace:packages/core/framework [11c02]
│     ├─ @medusajs/test-utils@^2.0.7 → workspace:packages/medusa-test-utils [11c02]
│     ├─ @mikro-orm/core@npm:5.9.7 → npm:5.9.7 [11c02]
│     ├─ @mikro-orm/migrations@npm:5.9.7 → npm:5.9.7 [11c02]
│     ├─ @mikro-orm/postgresql@npm:5.9.7 → npm:5.9.7 [11c02]
│     ├─ @swc/core@npm:^1.7.28 → npm:1.7.28 [161a1]
│     ├─ @swc/jest@npm:^0.2.36 → npm:0.2.36 [161a1]
│     └─ jest@npm:29.7.0 → npm:29.7.0 [36a01]
│
├─ @medusajs/locking-postgres@workspace:packages/modules/providers/locking-postgres
│  ├─ Instances: 1
│  ├─ Version: 2.0.7
│  │
│  └─ Dependencies
│     ├─ rimraf@npm:^5.0.1 → npm:5.0.5
│     ├─ typescript@patch:typescript@^5.6.2#~builtin<compat/typescript> → patch:typescript@npm%3A5.6.2#~builtin<compat/typescript>::version=5.6.2&hash=7ad353
│     ├─ @medusajs/framework@^2.0.7 → workspace:packages/core/framework [1dff9]
│     ├─ @mikro-orm/cli@npm:5.9.7 → npm:5.9.7 [1dff9]
│     ├─ @mikro-orm/core@npm:5.9.7 → npm:5.9.7 [1dff9]
│     ├─ @mikro-orm/migrations@npm:5.9.7 → npm:5.9.7 [1dff9]
│     ├─ @mikro-orm/postgresql@npm:5.9.7 → npm:5.9.7 [1dff9]
│     ├─ @swc/core@npm:^1.7.28 → npm:1.7.28 [161a1]
│     ├─ @swc/jest@npm:^0.2.36 → npm:0.2.36 [161a1]
│     └─ jest@npm:29.7.0 → npm:29.7.0 [36a01]
│
├─ @medusajs/locking-redis@workspace:packages/modules/providers/locking-redis
│  ├─ Instances: 1
│  ├─ Version: 2.0.7
│  │
│  └─ Dependencies
│     ├─ ioredis@npm:^5.4.1 → npm:5.4.1
│     ├─ rimraf@npm:^5.0.1 → npm:5.0.5
│     ├─ typescript@patch:typescript@^5.6.2#~builtin<compat/typescript> → patch:typescript@npm%3A5.6.2#~builtin<compat/typescript>::version=5.6.2&hash=7ad353
│     ├─ @medusajs/framework@^2.0.7 → workspace:packages/core/framework [eedab]
│     ├─ @swc/core@npm:^1.7.28 → npm:1.7.28 [161a1]
│     ├─ @swc/jest@npm:^0.2.36 → npm:0.2.36 [161a1]
│     └─ jest@npm:29.7.0 → npm:29.7.0 [36a01]
│
├─ @medusajs/locking@workspace:packages/modules/locking
│  ├─ Instances: 1
│  ├─ Version: 2.0.7
│  │
│  └─ Dependencies
│     ├─ rimraf@npm:^3.0.2 → npm:3.0.2
│     ├─ tsc-alias@npm:^1.8.6 → npm:1.8.8
│     ├─ typescript@patch:typescript@^5.6.2#~builtin<compat/typescript> → patch:typescript@npm%3A5.6.2#~builtin<compat/typescript>::version=5.6.2&hash=7ad353
│     ├─ @medusajs/framework@^2.0.7 → workspace:packages/core/framework [93b14]
│     ├─ @medusajs/test-utils@^2.0.7 → workspace:packages/medusa-test-utils [93b14]
│     ├─ @mikro-orm/cli@npm:5.9.7 → npm:5.9.7 [93b14]
│     ├─ @mikro-orm/core@npm:5.9.7 → npm:5.9.7 [93b14]
│     ├─ @mikro-orm/migrations@npm:5.9.7 → npm:5.9.7 [93b14]
│     ├─ @mikro-orm/postgresql@npm:5.9.7 → npm:5.9.7 [93b14]
│     ├─ @swc/core@npm:^1.7.28 → npm:1.7.28 [161a1]
│     ├─ @swc/jest@npm:^0.2.36 → npm:0.2.36 [161a1]
│     └─ jest@npm:29.7.0 → npm:29.7.0 [36a01]
│
├─ @medusajs/medusa@workspace:packages/medusa
│  ├─ Version: 2.0.7
│  │
│  └─ Dependencies
│     ├─ @inquirer/checkbox@npm:^2.3.11 → npm:2.3.11
│     ├─ @inquirer/input@npm:^2.2.9 → npm:2.2.9
│     ├─ @medusajs/telemetry@^2.0.7 → workspace:packages/medusa-telemetry
│     ├─ @opentelemetry/api@npm:^1.9.0 → npm:1.9.0
│     ├─ @swc/helpers@npm:^0.5.11 → npm:0.5.11
│     ├─ @types/express@npm:^4.17.17 → npm:4.17.21
│     ├─ @types/jsonwebtoken@npm:^8.5.9 → npm:8.5.9
│     ├─ @types/lodash@npm:^4.14.191 → npm:4.17.1
│     ├─ @types/multer@npm:^1.4.7 → npm:1.4.11
│     ├─ boxen@npm:^5.0.1 → npm:5.1.2
│     ├─ chalk@npm:^4.0.0 → npm:4.1.2
│     ├─ chokidar@npm:^3.4.2 → npm:3.6.0
│     ├─ compression@npm:^1.7.4 → npm:1.7.4
│     ├─ express@npm:^4.21.0 → npm:4.21.0
│     ├─ fs-exists-cached@npm:^1.0.0 → npm:1.0.0
│     ├─ jsonwebtoken@npm:^9.0.2 → npm:9.0.2
│     ├─ lodash@npm:^4.17.21 → npm:4.17.21
│     ├─ multer@npm:^1.4.5-lts.1 → npm:1.4.5-lts.1
│     ├─ node-schedule@npm:^2.1.1 → npm:2.1.1
│     ├─ qs@npm:^6.11.2 → npm:6.12.1
│     ├─ request-ip@npm:^3.3.0 → npm:3.3.0
│     ├─ rimraf@npm:^5.0.1 → npm:5.0.5
│     ├─ slugify@npm:^1.6.6 → npm:1.6.6
│     ├─ typescript@patch:typescript@^5.6.2#~builtin<compat/typescript> → patch:typescript@npm%3A5.6.2#~builtin<compat/typescript>::version=5.6.2&hash=7ad353
│     ├─ uuid@npm:^9.0.0 → npm:9.0.1
│     ├─ zod@npm:3.22.4 → npm:3.22.4
│     ├─ @medusajs/admin-bundler@^2.0.7 → workspace:packages/admin/admin-bundler [b42cd]
│     ├─ @medusajs/api-key@^2.0.7 → workspace:packages/modules/api-key [b42cd]
│     ├─ @medusajs/auth-emailpass@^2.0.7 → workspace:packages/modules/providers/auth-emailpass [b42cd]
│     ├─ @medusajs/auth-github@^2.0.7 → workspace:packages/modules/providers/auth-github [b42cd]
│     ├─ @medusajs/auth-google@^2.0.7 → workspace:packages/modules/providers/auth-google [b42cd]
│     ├─ @medusajs/auth@^2.0.7 → workspace:packages/modules/auth [b42cd]
│     ├─ @medusajs/cache-inmemory@^2.0.7 → workspace:packages/modules/cache-inmemory [b42cd]
│     ├─ @medusajs/cache-redis@^2.0.7 → workspace:packages/modules/cache-redis [b42cd]
│     ├─ @medusajs/cart@^2.0.7 → workspace:packages/modules/cart [b42cd]
│     ├─ @medusajs/core-flows@^2.0.7 → workspace:packages/core/core-flows [b42cd]
│     ├─ @medusajs/currency@^2.0.7 → workspace:packages/modules/currency [b42cd]
│     ├─ @medusajs/customer@^2.0.7 → workspace:packages/modules/customer [b42cd]
│     ├─ @medusajs/event-bus-local@^2.0.7 → workspace:packages/modules/event-bus-local [b42cd]
│     ├─ @medusajs/event-bus-redis@^2.0.7 → workspace:packages/modules/event-bus-redis [b42cd]
│     ├─ @medusajs/file-local@^2.0.7 → workspace:packages/modules/providers/file-local [b42cd]
│     ├─ @medusajs/file-s3@^2.0.7 → workspace:packages/modules/providers/file-s3 [b42cd]
│     ├─ @medusajs/file@^2.0.7 → workspace:packages/modules/file [b42cd]
│     ├─ @medusajs/framework@^2.0.7 → workspace:packages/core/framework [eedab]
│     ├─ @medusajs/fulfillment-manual@^2.0.7 → workspace:packages/modules/providers/fulfillment-manual [b42cd]
│     ├─ @medusajs/fulfillment@^2.0.7 → workspace:packages/modules/fulfillment [b42cd]
│     ├─ @medusajs/index@^2.0.7 → workspace:packages/modules/index [b42cd]
│     ├─ @medusajs/inventory@^2.0.7 → workspace:packages/modules/inventory [b42cd]
│     ├─ @medusajs/link-modules@^2.0.7 → workspace:packages/modules/link-modules [b42cd]
│     ├─ @medusajs/locking-postgres@^2.0.7 → workspace:packages/modules/providers/locking-postgres [b42cd]
│     ├─ @medusajs/locking-redis@^2.0.7 → workspace:packages/modules/providers/locking-redis [b42cd]
│     ├─ @medusajs/locking@^2.0.7 → workspace:packages/modules/locking [b42cd]
│     ├─ @medusajs/notification-local@^2.0.7 → workspace:packages/modules/providers/notification-local [b42cd]
│     ├─ @medusajs/notification-sendgrid@^2.0.7 → workspace:packages/modules/providers/notification-sendgrid [b42cd]
│     ├─ @medusajs/notification@^2.0.7 → workspace:packages/modules/notification [b42cd]
│     ├─ @medusajs/order@^2.0.7 → workspace:packages/modules/order [b42cd]
│     ├─ @medusajs/payment-stripe@^2.0.7 → workspace:packages/modules/providers/payment-stripe [b42cd]
│     ├─ @medusajs/payment@^2.0.7 → workspace:packages/modules/payment [b42cd]
│     ├─ @medusajs/pricing@^2.0.7 → workspace:packages/modules/pricing [b42cd]
│     ├─ @medusajs/product@^2.0.7 → workspace:packages/modules/product [b42cd]
│     ├─ @medusajs/promotion@^2.0.7 → workspace:packages/modules/promotion [b42cd]
│     ├─ @medusajs/region@^2.0.7 → workspace:packages/modules/region [b42cd]
│     ├─ @medusajs/sales-channel@^2.0.7 → workspace:packages/modules/sales-channel [b42cd]
│     ├─ @medusajs/stock-location@^2.0.7 → workspace:packages/modules/stock-location [b42cd]
│     ├─ @medusajs/store@^2.0.7 → workspace:packages/modules/store [b42cd]
│     ├─ @medusajs/tax@^2.0.7 → workspace:packages/modules/tax [b42cd]
│     ├─ @medusajs/user@^2.0.7 → workspace:packages/modules/user [b42cd]
│     ├─ @medusajs/workflow-engine-inmemory@^2.0.7 → workspace:packages/modules/workflow-engine-inmemory [b42cd]
│     ├─ @medusajs/workflow-engine-redis@^2.0.7 → workspace:packages/modules/workflow-engine-redis [b42cd]
│     ├─ @opentelemetry/instrumentation-pg@npm:^0.44.0 → npm:0.44.0 [b42cd]
│     ├─ @opentelemetry/instrumentation@npm:^0.53.0 → npm:0.53.0 [b42cd]
│     ├─ @opentelemetry/resources@npm:^1.26.0 → npm:1.26.0 [b42cd]
│     ├─ @opentelemetry/sdk-node@npm:^0.53.0 → npm:0.53.0 [b42cd]
│     ├─ @opentelemetry/sdk-trace-node@npm:^1.26.0 → npm:1.26.0 [b42cd]
│     ├─ @swc/core@npm:^1.7.28 → npm:1.7.28 [b42cd]
│     ├─ @swc/jest@npm:^0.2.36 → npm:0.2.36 [b42cd]
│     └─ jest@npm:29.7.0 → npm:29.7.0 [36a01]
│
├─ @medusajs/notification-local@workspace:packages/modules/providers/notification-local
│  ├─ Instances: 1
│  ├─ Version: 2.0.7
│  │
│  └─ Dependencies
│     ├─ rimraf@npm:^5.0.1 → npm:5.0.5
│     ├─ typescript@patch:typescript@^5.6.2#~builtin<compat/typescript> → patch:typescript@npm%3A5.6.2#~builtin<compat/typescript>::version=5.6.2&hash=7ad353
│     ├─ @medusajs/framework@^2.0.7 → workspace:packages/core/framework [eedab]
│     ├─ @swc/core@npm:^1.7.28 → npm:1.7.28 [161a1]
│     ├─ @swc/jest@npm:^0.2.36 → npm:0.2.36 [161a1]
│     └─ jest@npm:29.7.0 → npm:29.7.0 [36a01]
│
├─ @medusajs/notification-sendgrid@workspace:packages/modules/providers/notification-sendgrid
│  ├─ Instances: 1
│  ├─ Version: 2.0.7
│  │
│  └─ Dependencies
│     ├─ @sendgrid/mail@npm:^8.1.3 → npm:8.1.3
│     ├─ rimraf@npm:^5.0.1 → npm:5.0.5
│     ├─ typescript@patch:typescript@^5.6.2#~builtin<compat/typescript> → patch:typescript@npm%3A5.6.2#~builtin<compat/typescript>::version=5.6.2&hash=7ad353
│     ├─ @medusajs/framework@^2.0.7 → workspace:packages/core/framework [eedab]
│     ├─ @swc/core@npm:^1.7.28 → npm:1.7.28 [161a1]
│     ├─ @swc/jest@npm:^0.2.36 → npm:0.2.36 [161a1]
│     └─ jest@npm:29.7.0 → npm:29.7.0 [36a01]
│
├─ @medusajs/notification@workspace:packages/modules/notification
│  ├─ Instances: 1
│  ├─ Version: 2.0.7
│  │
│  └─ Dependencies
│     ├─ rimraf@npm:^3.0.2 → npm:3.0.2
│     ├─ tsc-alias@npm:^1.8.6 → npm:1.8.8
│     ├─ typescript@patch:typescript@^5.6.2#~builtin<compat/typescript> → patch:typescript@npm%3A5.6.2#~builtin<compat/typescript>::version=5.6.2&hash=7ad353
│     ├─ @medusajs/framework@^2.0.7 → workspace:packages/core/framework [a4024]
│     ├─ @medusajs/test-utils@^2.0.7 → workspace:packages/medusa-test-utils [a4024]
│     ├─ @mikro-orm/cli@npm:5.9.7 → npm:5.9.7 [a4024]
│     ├─ @mikro-orm/core@npm:5.9.7 → npm:5.9.7 [a4024]
│     ├─ @mikro-orm/migrations@npm:5.9.7 → npm:5.9.7 [a4024]
│     ├─ @mikro-orm/postgresql@npm:5.9.7 → npm:5.9.7 [a4024]
│     ├─ @swc/core@npm:^1.7.28 → npm:1.7.28 [161a1]
│     ├─ @swc/jest@npm:^0.2.36 → npm:0.2.36 [161a1]
│     └─ jest@npm:29.7.0 → npm:29.7.0 [36a01]
│
├─ @medusajs/order@workspace:packages/modules/order
│  ├─ Instances: 1
│  ├─ Version: 2.0.7
│  │
│  └─ Dependencies
│     ├─ rimraf@npm:^3.0.2 → npm:3.0.2
│     ├─ tsc-alias@npm:^1.8.6 → npm:1.8.8
│     ├─ typescript@patch:typescript@^5.6.2#~builtin<compat/typescript> → patch:typescript@npm%3A5.6.2#~builtin<compat/typescript>::version=5.6.2&hash=7ad353
│     ├─ @medusajs/framework@^2.0.7 → workspace:packages/core/framework [dc8d1]
│     ├─ @medusajs/test-utils@^2.0.7 → workspace:packages/medusa-test-utils [dc8d1]
│     ├─ @mikro-orm/cli@npm:5.9.7 → npm:5.9.7 [dc8d1]
│     ├─ @mikro-orm/core@npm:5.9.7 → npm:5.9.7 [dc8d1]
│     ├─ @mikro-orm/migrations@npm:5.9.7 → npm:5.9.7 [dc8d1]
│     ├─ @mikro-orm/postgresql@npm:5.9.7 → npm:5.9.7 [dc8d1]
│     ├─ @swc/core@npm:^1.7.28 → npm:1.7.28 [161a1]
│     ├─ @swc/jest@npm:^0.2.36 → npm:0.2.36 [161a1]
│     └─ jest@npm:29.7.0 → npm:29.7.0 [36a01]
│
├─ @medusajs/payment-stripe@workspace:packages/modules/providers/payment-stripe
│  ├─ Instances: 1
│  ├─ Version: 2.0.7
│  │
│  └─ Dependencies
│     ├─ rimraf@npm:^5.0.1 → npm:5.0.5
│     ├─ stripe@npm:^15.5.0 → npm:15.12.0
│     ├─ typescript@patch:typescript@^5.6.2#~builtin<compat/typescript> → patch:typescript@npm%3A5.6.2#~builtin<compat/typescript>::version=5.6.2&hash=7ad353
│     ├─ @medusajs/framework@^2.0.7 → workspace:packages/core/framework [eedab]
│     ├─ @swc/core@npm:^1.7.28 → npm:1.7.28 [161a1]
│     ├─ @swc/jest@npm:^0.2.36 → npm:0.2.36 [161a1]
│     └─ jest@npm:29.7.0 → npm:29.7.0 [36a01]
│
├─ @medusajs/payment@workspace:packages/modules/payment
│  ├─ Instances: 1
│  ├─ Version: 2.0.7
│  │
│  └─ Dependencies
│     ├─ rimraf@npm:^3.0.2 → npm:3.0.2
│     ├─ tsc-alias@npm:^1.8.6 → npm:1.8.8
│     ├─ typescript@patch:typescript@^5.6.2#~builtin<compat/typescript> → patch:typescript@npm%3A5.6.2#~builtin<compat/typescript>::version=5.6.2&hash=7ad353
│     ├─ @medusajs/framework@^2.0.7 → workspace:packages/core/framework [2f4d9]
│     ├─ @medusajs/test-utils@^2.0.7 → workspace:packages/medusa-test-utils [2f4d9]
│     ├─ @mikro-orm/cli@npm:5.9.7 → npm:5.9.7 [2f4d9]
│     ├─ @mikro-orm/core@npm:5.9.7 → npm:5.9.7 [2f4d9]
│     ├─ @mikro-orm/migrations@npm:5.9.7 → npm:5.9.7 [2f4d9]
│     ├─ @mikro-orm/postgresql@npm:5.9.7 → npm:5.9.7 [2f4d9]
│     ├─ @swc/core@npm:^1.7.28 → npm:1.7.28 [161a1]
│     ├─ @swc/jest@npm:^0.2.36 → npm:0.2.36 [161a1]
│     └─ jest@npm:29.7.0 → npm:29.7.0 [36a01]
│
├─ @medusajs/pricing@workspace:packages/modules/pricing
│  ├─ Instances: 1
│  ├─ Version: 2.0.7
│  │
│  └─ Dependencies
│     ├─ rimraf@npm:^3.0.2 → npm:3.0.2
│     ├─ tsc-alias@npm:^1.8.6 → npm:1.8.8
│     ├─ typescript@patch:typescript@^5.6.2#~builtin<compat/typescript> → patch:typescript@npm%3A5.6.2#~builtin<compat/typescript>::version=5.6.2&hash=7ad353
│     ├─ @medusajs/framework@^2.0.7 → workspace:packages/core/framework [6c5ce]
│     ├─ @medusajs/test-utils@^2.0.7 → workspace:packages/medusa-test-utils [6c5ce]
│     ├─ @mikro-orm/cli@npm:5.9.7 → npm:5.9.7 [6c5ce]
│     ├─ @mikro-orm/core@npm:5.9.7 → npm:5.9.7 [6c5ce]
│     ├─ @mikro-orm/migrations@npm:5.9.7 → npm:5.9.7 [6c5ce]
│     ├─ @mikro-orm/postgresql@npm:5.9.7 → npm:5.9.7 [6c5ce]
│     ├─ @swc/core@npm:^1.7.28 → npm:1.7.28 [161a1]
│     ├─ @swc/jest@npm:^0.2.36 → npm:0.2.36 [161a1]
│     └─ jest@npm:29.7.0 → npm:29.7.0 [36a01]
│
├─ @medusajs/product@workspace:packages/modules/product
│  ├─ Instances: 1
│  ├─ Version: 2.0.7
│  │
│  └─ Dependencies
│     ├─ faker@npm:^5.5.3 → npm:5.5.3
│     ├─ rimraf@npm:^3.0.2 → npm:3.0.2
│     ├─ tsc-alias@npm:^1.8.6 → npm:1.8.8
│     ├─ typescript@patch:typescript@^5.6.2#~builtin<compat/typescript> → patch:typescript@npm%3A5.6.2#~builtin<compat/typescript>::version=5.6.2&hash=7ad353
│     ├─ @medusajs/framework@^2.0.7 → workspace:packages/core/framework [e576e]
│     ├─ @medusajs/test-utils@^2.0.7 → workspace:packages/medusa-test-utils [e576e]
│     ├─ @mikro-orm/cli@npm:5.9.7 → npm:5.9.7 [e576e]
│     ├─ @mikro-orm/core@npm:5.9.7 → npm:5.9.7 [e576e]
│     ├─ @mikro-orm/migrations@npm:5.9.7 → npm:5.9.7 [e576e]
│     ├─ @mikro-orm/postgresql@npm:5.9.7 → npm:5.9.7 [e576e]
│     ├─ @swc/core@npm:^1.7.28 → npm:1.7.28 [161a1]
│     ├─ @swc/jest@npm:^0.2.36 → npm:0.2.36 [161a1]
│     └─ jest@npm:29.7.0 → npm:29.7.0 [36a01]
│
├─ @medusajs/promotion@workspace:packages/modules/promotion
│  ├─ Instances: 1
│  ├─ Version: 2.0.7
│  │
│  └─ Dependencies
│     ├─ rimraf@npm:^3.0.2 → npm:3.0.2
│     ├─ tsc-alias@npm:^1.8.6 → npm:1.8.8
│     ├─ typescript@patch:typescript@^5.6.2#~builtin<compat/typescript> → patch:typescript@npm%3A5.6.2#~builtin<compat/typescript>::version=5.6.2&hash=7ad353
│     ├─ @medusajs/framework@^2.0.7 → workspace:packages/core/framework [66637]
│     ├─ @medusajs/test-utils@^2.0.7 → workspace:packages/medusa-test-utils [66637]
│     ├─ @mikro-orm/cli@npm:5.9.7 → npm:5.9.7 [66637]
│     ├─ @mikro-orm/core@npm:5.9.7 → npm:5.9.7 [66637]
│     ├─ @mikro-orm/migrations@npm:5.9.7 → npm:5.9.7 [66637]
│     ├─ @mikro-orm/postgresql@npm:5.9.7 → npm:5.9.7 [66637]
│     ├─ @swc/core@npm:^1.7.28 → npm:1.7.28 [161a1]
│     ├─ @swc/jest@npm:^0.2.36 → npm:0.2.36 [161a1]
│     └─ jest@npm:29.7.0 → npm:29.7.0 [36a01]
│
├─ @medusajs/region@workspace:packages/modules/region
│  ├─ Instances: 1
│  ├─ Version: 2.0.7
│  │
│  └─ Dependencies
│     ├─ rimraf@npm:^3.0.2 → npm:3.0.2
│     ├─ tsc-alias@npm:^1.8.6 → npm:1.8.8
│     ├─ typescript@patch:typescript@^5.6.2#~builtin<compat/typescript> → patch:typescript@npm%3A5.6.2#~builtin<compat/typescript>::version=5.6.2&hash=7ad353
│     ├─ @medusajs/framework@^2.0.7 → workspace:packages/core/framework [28181]
│     ├─ @medusajs/test-utils@^2.0.7 → workspace:packages/medusa-test-utils [28181]
│     ├─ @mikro-orm/cli@npm:5.9.7 → npm:5.9.7 [28181]
│     ├─ @mikro-orm/core@npm:5.9.7 → npm:5.9.7 [28181]
│     ├─ @mikro-orm/migrations@npm:5.9.7 → npm:5.9.7 [28181]
│     ├─ @mikro-orm/postgresql@npm:5.9.7 → npm:5.9.7 [28181]
│     ├─ @swc/core@npm:^1.7.28 → npm:1.7.28 [161a1]
│     ├─ @swc/jest@npm:^0.2.36 → npm:0.2.36 [161a1]
│     └─ jest@npm:29.7.0 → npm:29.7.0 [36a01]
│
├─ @medusajs/sales-channel@workspace:packages/modules/sales-channel
│  ├─ Instances: 1
│  ├─ Version: 2.0.7
│  │
│  └─ Dependencies
│     ├─ rimraf@npm:^3.0.2 → npm:3.0.2
│     ├─ tsc-alias@npm:^1.8.6 → npm:1.8.8
│     ├─ typescript@patch:typescript@^5.6.2#~builtin<compat/typescript> → patch:typescript@npm%3A5.6.2#~builtin<compat/typescript>::version=5.6.2&hash=7ad353
│     ├─ @medusajs/framework@^2.0.7 → workspace:packages/core/framework [85406]
│     ├─ @medusajs/test-utils@^2.0.7 → workspace:packages/medusa-test-utils [85406]
│     ├─ @mikro-orm/cli@npm:5.9.7 → npm:5.9.7 [85406]
│     ├─ @mikro-orm/core@npm:5.9.7 → npm:5.9.7 [85406]
│     ├─ @mikro-orm/migrations@npm:5.9.7 → npm:5.9.7 [85406]
│     ├─ @mikro-orm/postgresql@npm:5.9.7 → npm:5.9.7 [85406]
│     ├─ @swc/core@npm:^1.7.28 → npm:1.7.28 [161a1]
│     ├─ @swc/jest@npm:^0.2.36 → npm:0.2.36 [161a1]
│     └─ jest@npm:29.7.0 → npm:29.7.0 [36a01]
│
├─ @medusajs/stock-location@workspace:packages/modules/stock-location
│  ├─ Instances: 1
│  ├─ Version: 2.0.7
│  │
│  └─ Dependencies
│     ├─ rimraf@npm:^5.0.1 → npm:5.0.5
│     ├─ tsc-alias@npm:^1.8.6 → npm:1.8.8
│     ├─ typescript@patch:typescript@^5.6.2#~builtin<compat/typescript> → patch:typescript@npm%3A5.6.2#~builtin<compat/typescript>::version=5.6.2&hash=7ad353
│     ├─ @medusajs/framework@^2.0.7 → workspace:packages/core/framework [bac17]
│     ├─ @medusajs/test-utils@^2.0.7 → workspace:packages/medusa-test-utils [bac17]
│     ├─ @mikro-orm/cli@npm:5.9.7 → npm:5.9.7 [bac17]
│     ├─ @mikro-orm/core@npm:5.9.7 → npm:5.9.7 [bac17]
│     ├─ @mikro-orm/migrations@npm:5.9.7 → npm:5.9.7 [bac17]
│     ├─ @mikro-orm/postgresql@npm:5.9.7 → npm:5.9.7 [bac17]
│     ├─ @swc/core@npm:^1.7.28 → npm:1.7.28 [161a1]
│     ├─ @swc/jest@npm:^0.2.36 → npm:0.2.36 [161a1]
│     └─ jest@npm:29.7.0 → npm:29.7.0 [36a01]
│
├─ @medusajs/store@workspace:packages/modules/store
│  ├─ Instances: 1
│  ├─ Version: 2.0.7
│  │
│  └─ Dependencies
│     ├─ rimraf@npm:^3.0.2 → npm:3.0.2
│     ├─ tsc-alias@npm:^1.8.6 → npm:1.8.8
│     ├─ typescript@patch:typescript@^5.6.2#~builtin<compat/typescript> → patch:typescript@npm%3A5.6.2#~builtin<compat/typescript>::version=5.6.2&hash=7ad353
│     ├─ @medusajs/framework@^2.0.7 → workspace:packages/core/framework [ad08c]
│     ├─ @medusajs/test-utils@^2.0.7 → workspace:packages/medusa-test-utils [ad08c]
│     ├─ @mikro-orm/cli@npm:5.9.7 → npm:5.9.7 [ad08c]
│     ├─ @mikro-orm/core@npm:5.9.7 → npm:5.9.7 [ad08c]
│     ├─ @mikro-orm/migrations@npm:5.9.7 → npm:5.9.7 [ad08c]
│     ├─ @mikro-orm/postgresql@npm:5.9.7 → npm:5.9.7 [ad08c]
│     ├─ @swc/core@npm:^1.7.28 → npm:1.7.28 [161a1]
│     ├─ @swc/jest@npm:^0.2.36 → npm:0.2.36 [161a1]
│     └─ jest@npm:29.7.0 → npm:29.7.0 [36a01]
│
├─ @medusajs/tax@workspace:packages/modules/tax
│  ├─ Instances: 1
│  ├─ Version: 2.0.7
│  │
│  └─ Dependencies
│     ├─ rimraf@npm:^3.0.2 → npm:3.0.2
│     ├─ tsc-alias@npm:^1.8.6 → npm:1.8.8
│     ├─ typescript@patch:typescript@^5.6.2#~builtin<compat/typescript> → patch:typescript@npm%3A5.6.2#~builtin<compat/typescript>::version=5.6.2&hash=7ad353
│     ├─ @medusajs/framework@^2.0.7 → workspace:packages/core/framework [c4022]
│     ├─ @medusajs/test-utils@^2.0.7 → workspace:packages/medusa-test-utils [c4022]
│     ├─ @mikro-orm/cli@npm:5.9.7 → npm:5.9.7 [c4022]
│     ├─ @mikro-orm/core@npm:5.9.7 → npm:5.9.7 [c4022]
│     ├─ @mikro-orm/migrations@npm:5.9.7 → npm:5.9.7 [c4022]
│     ├─ @mikro-orm/postgresql@npm:5.9.7 → npm:5.9.7 [c4022]
│     ├─ @swc/core@npm:^1.7.28 → npm:1.7.28 [161a1]
│     ├─ @swc/jest@npm:^0.2.36 → npm:0.2.36 [161a1]
│     └─ jest@npm:29.7.0 → npm:29.7.0 [36a01]
│
├─ @medusajs/telemetry@workspace:packages/medusa-telemetry
│  ├─ Version: 2.0.7
│  │
│  └─ Dependencies
│     ├─ @babel/runtime@npm:^7.22.10 → npm:7.24.5
│     ├─ axios-retry@npm:^3.1.9 → npm:3.9.1
│     ├─ axios@npm:^0.21.4 → npm:0.21.4
│     ├─ boxen@npm:^5.0.1 → npm:5.1.2
│     ├─ ci-info@npm:^3.2.0 → npm:3.9.0
│     ├─ configstore@npm:5.0.1 → npm:5.0.1
│     ├─ cross-env@npm:^5.2.1 → npm:5.2.1
│     ├─ global@npm:^4.4.0 → npm:4.4.0
│     ├─ is-docker@npm:^2.2.1 → npm:2.2.1
│     ├─ nodemon@npm:^2.0.20 → npm:2.0.22
│     ├─ remove-trailing-slash@npm:^0.1.1 → npm:0.1.1
│     ├─ rimraf@npm:^3.0.2 → npm:3.0.2
│     ├─ typescript@patch:typescript@^5.6.2#~builtin<compat/typescript> → patch:typescript@npm%3A5.6.2#~builtin<compat/typescript>::version=5.6.2&hash=7ad353
│     ├─ uuid@npm:^8.3.2 → npm:8.3.2
│     └─ jest@npm:29.7.0 → npm:29.7.0 [36a01]
│
├─ @medusajs/user@workspace:packages/modules/user
│  ├─ Instances: 1
│  ├─ Version: 2.0.7
│  │
│  └─ Dependencies
│     ├─ jsonwebtoken@npm:^9.0.2 → npm:9.0.2
│     ├─ rimraf@npm:^3.0.2 → npm:3.0.2
│     ├─ tsc-alias@npm:^1.8.6 → npm:1.8.8
│     ├─ typescript@patch:typescript@^5.6.2#~builtin<compat/typescript> → patch:typescript@npm%3A5.6.2#~builtin<compat/typescript>::version=5.6.2&hash=7ad353
│     ├─ @medusajs/framework@^2.0.7 → workspace:packages/core/framework [f45e8]
│     ├─ @medusajs/test-utils@^2.0.7 → workspace:packages/medusa-test-utils [f45e8]
│     ├─ @mikro-orm/cli@npm:5.9.7 → npm:5.9.7 [f45e8]
│     ├─ @mikro-orm/core@npm:5.9.7 → npm:5.9.7 [f45e8]
│     ├─ @mikro-orm/migrations@npm:5.9.7 → npm:5.9.7 [f45e8]
│     ├─ @mikro-orm/postgresql@npm:5.9.7 → npm:5.9.7 [f45e8]
│     ├─ @swc/core@npm:^1.7.28 → npm:1.7.28 [161a1]
│     ├─ @swc/jest@npm:^0.2.36 → npm:0.2.36 [161a1]
│     └─ jest@npm:29.7.0 → npm:29.7.0 [36a01]
│
├─ @medusajs/workflow-engine-inmemory@workspace:packages/modules/workflow-engine-inmemory
│  ├─ Instances: 1
│  ├─ Version: 2.0.7
│  │
│  └─ Dependencies
│     ├─ cron-parser@npm:^4.9.0 → npm:4.9.0
│     ├─ rimraf@npm:^3.0.2 → npm:3.0.2
│     ├─ tsc-alias@npm:^1.8.6 → npm:1.8.8
│     ├─ typescript@patch:typescript@^5.6.2#~builtin<compat/typescript> → patch:typescript@npm%3A5.6.2#~builtin<compat/typescript>::version=5.6.2&hash=7ad353
│     ├─ ulid@npm:^2.3.0 → npm:2.3.0
│     ├─ @medusajs/framework@^2.0.7 → workspace:packages/core/framework [92378]
│     ├─ @medusajs/test-utils@^2.0.7 → workspace:packages/medusa-test-utils [92378]
│     ├─ @mikro-orm/cli@npm:5.9.7 → npm:5.9.7 [92378]
│     ├─ @mikro-orm/core@npm:5.9.7 → npm:5.9.7 [92378]
│     ├─ @mikro-orm/migrations@npm:5.9.7 → npm:5.9.7 [92378]
│     ├─ @mikro-orm/postgresql@npm:5.9.7 → npm:5.9.7 [92378]
│     ├─ @swc/core@npm:^1.7.28 → npm:1.7.28 [161a1]
│     ├─ @swc/jest@npm:^0.2.36 → npm:0.2.36 [161a1]
│     └─ jest@npm:29.7.0 → npm:29.7.0 [36a01]
│
├─ @medusajs/workflow-engine-redis@workspace:packages/modules/workflow-engine-redis
│  ├─ Instances: 1
│  ├─ Version: 2.0.7
│  │
│  └─ Dependencies
│     ├─ bullmq@npm:5.13.0 → npm:5.13.0
│     ├─ ioredis@npm:^5.4.1 → npm:5.4.1
│     ├─ rimraf@npm:^3.0.2 → npm:3.0.2
│     ├─ tsc-alias@npm:^1.8.6 → npm:1.8.8
│     ├─ typescript@patch:typescript@^5.6.2#~builtin<compat/typescript> → patch:typescript@npm%3A5.6.2#~builtin<compat/typescript>::version=5.6.2&hash=7ad353
│     ├─ ulid@npm:^2.3.0 → npm:2.3.0
│     ├─ @medusajs/framework@^2.0.7 → workspace:packages/core/framework [db63e]
│     ├─ @medusajs/test-utils@^2.0.7 → workspace:packages/medusa-test-utils [db63e]
│     ├─ @mikro-orm/cli@npm:5.9.7 → npm:5.9.7 [db63e]
│     ├─ @mikro-orm/core@npm:5.9.7 → npm:5.9.7 [db63e]
│     ├─ @mikro-orm/migrations@npm:5.9.7 → npm:5.9.7 [db63e]
│     ├─ @mikro-orm/postgresql@npm:5.9.7 → npm:5.9.7 [db63e]
│     ├─ @swc/core@npm:^1.7.28 → npm:1.7.28 [161a1]
│     ├─ @swc/jest@npm:^0.2.36 → npm:0.2.36 [161a1]
│     └─ jest@npm:29.7.0 → npm:29.7.0 [36a01]
│
├─ @opentelemetry/api@npm:1.9.0
│  └─ Version: 1.9.0
│
├─ @opentelemetry/instrumentation-pg@npm:0.44.0
│  ├─ Instances: 1
│  ├─ Version: 0.44.0
│  │
│  └─ Dependencies
│     ├─ @opentelemetry/instrumentation@npm:^0.53.0 → npm:0.53.0
│     ├─ @opentelemetry/semantic-conventions@npm:^1.27.0 → npm:1.27.0
│     ├─ @opentelemetry/sql-common@npm:^0.40.1 → npm:0.40.1
│     ├─ @types/pg-pool@npm:2.0.6 → npm:2.0.6
│     └─ @types/pg@npm:8.6.1 → npm:8.6.1
│
├─ @opentelemetry/instrumentation@npm:0.53.0
│  ├─ Instances: 1
│  ├─ Version: 0.53.0
│  │
│  └─ Dependencies
│     ├─ @opentelemetry/api-logs@npm:0.53.0 → npm:0.53.0
│     ├─ @types/shimmer@npm:^1.2.0 → npm:1.2.0
│     ├─ import-in-the-middle@npm:^1.8.1 → npm:1.11.0
│     ├─ require-in-the-middle@npm:^7.1.1 → npm:7.4.0
│     ├─ semver@npm:^7.5.2 → npm:7.6.0
│     └─ shimmer@npm:^1.2.1 → npm:1.2.1
│
├─ @opentelemetry/resources@npm:1.26.0
│  ├─ Instances: 1
│  ├─ Version: 1.26.0
│  │
│  └─ Dependencies
│     ├─ @opentelemetry/core@npm:1.26.0 → npm:1.26.0
│     └─ @opentelemetry/semantic-conventions@npm:1.27.0 → npm:1.27.0
│
├─ @opentelemetry/sdk-node@npm:0.53.0
│  ├─ Instances: 1
│  ├─ Version: 0.53.0
│  │
│  └─ Dependencies
│     ├─ @opentelemetry/api-logs@npm:0.53.0 → npm:0.53.0
│     ├─ @opentelemetry/core@npm:1.26.0 → npm:1.26.0
│     ├─ @opentelemetry/exporter-logs-otlp-grpc@npm:0.53.0 → npm:0.53.0
│     ├─ @opentelemetry/exporter-logs-otlp-http@npm:0.53.0 → npm:0.53.0
│     ├─ @opentelemetry/exporter-logs-otlp-proto@npm:0.53.0 → npm:0.53.0
│     ├─ @opentelemetry/exporter-trace-otlp-grpc@npm:0.53.0 → npm:0.53.0
│     ├─ @opentelemetry/exporter-trace-otlp-http@npm:0.53.0 → npm:0.53.0
│     ├─ @opentelemetry/exporter-trace-otlp-proto@npm:0.53.0 → npm:0.53.0
│     ├─ @opentelemetry/exporter-zipkin@npm:1.26.0 → npm:1.26.0
│     ├─ @opentelemetry/instrumentation@npm:0.53.0 → npm:0.53.0
│     ├─ @opentelemetry/resources@npm:1.26.0 → npm:1.26.0
│     ├─ @opentelemetry/sdk-logs@npm:0.53.0 → npm:0.53.0
│     ├─ @opentelemetry/sdk-metrics@npm:1.26.0 → npm:1.26.0
│     ├─ @opentelemetry/sdk-trace-base@npm:1.26.0 → npm:1.26.0
│     ├─ @opentelemetry/sdk-trace-node@npm:1.26.0 → npm:1.26.0
│     └─ @opentelemetry/semantic-conventions@npm:1.27.0 → npm:1.27.0
│
├─ @opentelemetry/sdk-trace-node@npm:1.26.0
│  ├─ Instances: 1
│  ├─ Version: 1.26.0
│  │
│  └─ Dependencies
│     ├─ @opentelemetry/context-async-hooks@npm:1.26.0 → npm:1.26.0
│     ├─ @opentelemetry/core@npm:1.26.0 → npm:1.26.0
│     ├─ @opentelemetry/propagator-b3@npm:1.26.0 → npm:1.26.0
│     ├─ @opentelemetry/propagator-jaeger@npm:1.26.0 → npm:1.26.0
│     ├─ @opentelemetry/sdk-trace-base@npm:1.26.0 → npm:1.26.0
│     └─ semver@npm:^7.5.2 → npm:7.6.0
│
├─ @swc/core@npm:1.7.28
│  ├─ Instances: 1
│  ├─ Version: 1.7.28
│  │
│  └─ Dependencies
│     ├─ @swc/core-darwin-arm64@npm:1.7.28 → npm:1.7.28
│     ├─ @swc/core-darwin-x64@npm:1.7.28 → npm:1.7.28
│     ├─ @swc/core-linux-arm-gnueabihf@npm:1.7.28 → npm:1.7.28
│     ├─ @swc/core-linux-arm64-gnu@npm:1.7.28 → npm:1.7.28
│     ├─ @swc/core-linux-arm64-musl@npm:1.7.28 → npm:1.7.28
│     ├─ @swc/core-linux-x64-gnu@npm:1.7.28 → npm:1.7.28
│     ├─ @swc/core-linux-x64-musl@npm:1.7.28 → npm:1.7.28
│     ├─ @swc/core-win32-arm64-msvc@npm:1.7.28 → npm:1.7.28
│     ├─ @swc/core-win32-ia32-msvc@npm:1.7.28 → npm:1.7.28
│     ├─ @swc/core-win32-x64-msvc@npm:1.7.28 → npm:1.7.28
│     ├─ @swc/counter@npm:^0.1.3 → npm:0.1.3
│     └─ @swc/types@npm:^0.1.12 → npm:0.1.12
│
├─ @swc/helpers@npm:0.5.11
│  ├─ Version: 0.5.11
│  │
│  └─ Dependencies
│     └─ tslib@npm:^2.4.0 → npm:2.6.2
│
├─ @swc/jest@npm:0.2.36
│  ├─ Instances: 1
│  ├─ Version: 0.2.36
│  │
│  └─ Dependencies
│     ├─ @jest/create-cache-key-function@npm:^29.7.0 → npm:29.7.0
│     ├─ @swc/counter@npm:^0.1.3 → npm:0.1.3
│     └─ jsonc-parser@npm:^3.2.0 → npm:3.2.1
│
├─ @types/express@npm:4.17.21
│  ├─ Version: 4.17.21
│  │
│  └─ Dependencies
│     ├─ @types/body-parser@npm:* → npm:1.19.5
│     ├─ @types/express-serve-static-core@npm:^4.17.33 → npm:4.19.0
│     ├─ @types/qs@npm:* → npm:6.9.15
│     └─ @types/serve-static@npm:* → npm:1.15.7
│
├─ @types/jsonwebtoken@npm:8.5.9
│  ├─ Version: 8.5.9
│  │
│  └─ Dependencies
│     └─ @types/node@npm:* → npm:20.12.10
│
├─ @types/lodash@npm:4.17.1
│  └─ Version: 4.17.1
│
├─ @types/multer@npm:1.4.11
│  ├─ Version: 1.4.11
│  │
│  └─ Dependencies
│     └─ @types/express@npm:* → npm:4.17.21
│
├─ boxen@npm:5.1.2
│  ├─ Version: 5.1.2
│  │
│  └─ Dependencies
│     ├─ ansi-align@npm:^3.0.0 → npm:3.0.1
│     ├─ camelcase@npm:^6.2.0 → npm:6.3.0
│     ├─ chalk@npm:^4.1.0 → npm:4.1.2
│     ├─ cli-boxes@npm:^2.2.1 → npm:2.2.1
│     ├─ string-width@npm:^4.2.2 → npm:4.2.3
│     ├─ type-fest@npm:^0.20.2 → npm:0.20.2
│     ├─ widest-line@npm:^3.1.0 → npm:3.1.0
│     └─ wrap-ansi@npm:^7.0.0 → npm:7.0.0
│
├─ chalk@npm:4.1.2
│  ├─ Version: 4.1.2
│  │
│  └─ Dependencies
│     ├─ ansi-styles@npm:^4.1.0 → npm:4.3.0
│     └─ supports-color@npm:^7.1.0 → npm:7.2.0
│
├─ chokidar@npm:3.6.0
│  ├─ Version: 3.6.0
│  │
│  └─ Dependencies
│     ├─ anymatch@npm:~3.1.2 → npm:3.1.3
│     ├─ braces@npm:~3.0.2 → npm:3.0.2
│     ├─ fsevents@patch:fsevents@~2.3.2#~builtin<compat/fsevents> → patch:fsevents@npm%3A2.3.3#~builtin<compat/fsevents>::version=2.3.3&hash=18f3a7
│     ├─ glob-parent@npm:~5.1.2 → npm:5.1.2
│     ├─ is-binary-path@npm:~2.1.0 → npm:2.1.0
│     ├─ is-glob@npm:~4.0.1 → npm:4.0.3
│     ├─ normalize-path@npm:~3.0.0 → npm:3.0.0
│     └─ readdirp@npm:~3.6.0 → npm:3.6.0
│
├─ compression@npm:1.7.4
│  ├─ Version: 1.7.4
│  │
│  └─ Dependencies
│     ├─ accepts@npm:~1.3.5 → npm:1.3.8
│     ├─ bytes@npm:3.0.0 → npm:3.0.0
│     ├─ compressible@npm:~2.0.16 → npm:2.0.18
│     ├─ on-headers@npm:~1.0.2 → npm:1.0.2
│     ├─ safe-buffer@npm:5.1.2 → npm:5.1.2
│     ├─ vary@npm:~1.1.2 → npm:1.1.2
│     └─ debug@npm:2.6.9 → npm:2.6.9 [44738]
│
├─ express@npm:4.21.0
│  ├─ Version: 4.21.0
│  │
│  └─ Dependencies
│     ├─ accepts@npm:~1.3.8 → npm:1.3.8
│     ├─ array-flatten@npm:1.1.1 → npm:1.1.1
│     ├─ body-parser@npm:1.20.3 → npm:1.20.3
│     ├─ content-disposition@npm:0.5.4 → npm:0.5.4
│     ├─ content-type@npm:~1.0.4 → npm:1.0.5
│     ├─ cookie-signature@npm:1.0.6 → npm:1.0.6
│     ├─ cookie@npm:0.6.0 → npm:0.6.0
│     ├─ depd@npm:2.0.0 → npm:2.0.0
│     ├─ encodeurl@npm:~2.0.0 → npm:2.0.0
│     ├─ escape-html@npm:~1.0.3 → npm:1.0.3
│     ├─ etag@npm:~1.8.1 → npm:1.8.1
│     ├─ finalhandler@npm:1.3.1 → npm:1.3.1
│     ├─ fresh@npm:0.5.2 → npm:0.5.2
│     ├─ http-errors@npm:2.0.0 → npm:2.0.0
│     ├─ merge-descriptors@npm:1.0.3 → npm:1.0.3
│     ├─ methods@npm:~1.1.2 → npm:1.1.2
│     ├─ on-finished@npm:2.4.1 → npm:2.4.1
│     ├─ parseurl@npm:~1.3.3 → npm:1.3.3
│     ├─ path-to-regexp@npm:0.1.10 → npm:0.1.10
│     ├─ proxy-addr@npm:~2.0.7 → npm:2.0.7
│     ├─ qs@npm:6.13.0 → npm:6.13.0
│     ├─ range-parser@npm:~1.2.1 → npm:1.2.1
│     ├─ safe-buffer@npm:5.2.1 → npm:5.2.1
│     ├─ send@npm:0.19.0 → npm:0.19.0
│     ├─ serve-static@npm:1.16.2 → npm:1.16.2
│     ├─ setprototypeof@npm:1.2.0 → npm:1.2.0
│     ├─ statuses@npm:2.0.1 → npm:2.0.1
│     ├─ type-is@npm:~1.6.18 → npm:1.6.18
│     ├─ utils-merge@npm:1.0.1 → npm:1.0.1
│     ├─ vary@npm:~1.1.2 → npm:1.1.2
│     └─ debug@npm:2.6.9 → npm:2.6.9 [44738]
│
├─ fs-exists-cached@npm:1.0.0
│  └─ Version: 1.0.0
│
├─ jest@npm:29.7.0
│  ├─ Instances: 1
│  ├─ Version: 29.7.0
│  │
│  ├─ Exported Binaries
│  │  └─ jest
│  │
│  └─ Dependencies
│     ├─ @jest/core@npm:^29.7.0 → npm:29.7.0
│     ├─ @jest/types@npm:^29.6.3 → npm:29.6.3
│     ├─ import-local@npm:^3.0.2 → npm:3.1.0
│     └─ jest-cli@npm:^29.7.0 → npm:29.7.0
│
├─ jsonwebtoken@npm:9.0.2
│  ├─ Version: 9.0.2
│  │
│  └─ Dependencies
│     ├─ jws@npm:^3.2.2 → npm:3.2.2
│     ├─ lodash.includes@npm:^4.3.0 → npm:4.3.0
│     ├─ lodash.isboolean@npm:^3.0.3 → npm:3.0.3
│     ├─ lodash.isinteger@npm:^4.0.4 → npm:4.0.4
│     ├─ lodash.isnumber@npm:^3.0.3 → npm:3.0.3
│     ├─ lodash.isplainobject@npm:^4.0.6 → npm:4.0.6
│     ├─ lodash.isstring@npm:^4.0.1 → npm:4.0.1
│     ├─ lodash.once@npm:^4.0.0 → npm:4.1.1
│     ├─ ms@npm:^2.1.1 → npm:2.1.3
│     └─ semver@npm:^7.5.4 → npm:7.6.0
│
├─ lodash@npm:4.17.21
│  └─ Version: 4.17.21
│
├─ multer@npm:1.4.5-lts.1
│  ├─ Version: 1.4.5-lts.1
│  │
│  └─ Dependencies
│     ├─ append-field@npm:^1.0.0 → npm:1.0.0
│     ├─ busboy@npm:^1.0.0 → npm:1.6.0
│     ├─ concat-stream@npm:^1.5.2 → npm:1.6.2
│     ├─ mkdirp@npm:^0.5.4 → npm:0.5.6
│     ├─ object-assign@npm:^4.1.1 → npm:4.1.1
│     ├─ type-is@npm:^1.6.4 → npm:1.6.18
│     └─ xtend@npm:^4.0.0 → npm:4.0.2
│
├─ node-schedule@npm:2.1.1
│  ├─ Version: 2.1.1
│  │
│  └─ Dependencies
│     ├─ cron-parser@npm:^4.2.0 → npm:4.9.0
│     ├─ long-timeout@npm:0.1.1 → npm:0.1.1
│     └─ sorted-array-functions@npm:^1.3.0 → npm:1.3.0
│
├─ qs@npm:6.12.1
│  ├─ Version: 6.12.1
│  │
│  └─ Dependencies
│     └─ side-channel@npm:^1.0.6 → npm:1.0.6
│
├─ request-ip@npm:3.3.0
│  └─ Version: 3.3.0
│
├─ rimraf@npm:5.0.5
│  ├─ Version: 5.0.5
│  │
│  ├─ Exported Binaries
│  │  └─ rimraf
│  │
│  └─ Dependencies
│     └─ glob@npm:^10.3.7 → npm:10.3.12
│
├─ slugify@npm:1.6.6
│  └─ Version: 1.6.6
│
├─ typescript@patch:typescript@npm%3A5.6.2#~builtin<compat/typescript>::version=5.6.2&hash=7ad353
│  ├─ Version: 5.6.2
│  │
│  └─ Exported Binaries
│     ├─ tsc
│     └─ tsserver
│
├─ uuid@npm:9.0.1
│  ├─ Version: 9.0.1
│  │
│  └─ Exported Binaries
│     └─ uuid
│
└─ zod@npm:3.22.4
   └─ Version: 3.22.4
