├─ @medusajs/orchestration@workspace:packages/core/orchestration
│  ├─ Version: 2.0.7
│  │
│  └─ Dependencies
│     ├─ awilix@npm:^8.0.1 → npm:8.0.1
│     ├─ rimraf@npm:^5.0.1 → npm:5.0.5
│     ├─ typescript@patch:typescript@^5.6.2#~builtin<compat/typescript> → patch:typescript@npm%3A5.6.2#~builtin<compat/typescript>::version=5.6.2&hash=7ad353
│     ├─ @medusajs/types@^2.0.7 → workspace:packages/core/types [65b54]
│     ├─ @medusajs/utils@^2.0.7 → workspace:packages/core/utils [33ee6]
│     ├─ @mikro-orm/core@npm:5.9.7 → npm:5.9.7 [33ee6]
│     ├─ @mikro-orm/knex@npm:5.9.7 → npm:5.9.7 [33ee6]
│     ├─ @mikro-orm/migrations@npm:5.9.7 → npm:5.9.7 [33ee6]
│     ├─ @mikro-orm/postgresql@npm:5.9.7 → npm:5.9.7 [33ee6]
│     ├─ @swc/core@npm:^1.7.28 → npm:1.7.28 [161a1]
│     ├─ @swc/jest@npm:^0.2.36 → npm:0.2.36 [161a1]
│     ├─ jest@npm:29.7.0 → npm:29.7.0 [36a01]
│     └─ pg@npm:8.11.3 → npm:8.11.3 [6c403]
│
├─ @medusajs/types@workspace:packages/core/types
│  ├─ Instances: 1
│  ├─ Version: 2.0.7
│  │
│  └─ Dependencies
│     ├─ awilix@npm:^8.0.1 → npm:8.0.1
│     ├─ bignumber.js@npm:^9.1.2 → npm:9.1.2
│     ├─ expect-type@npm:^0.20.0 → npm:0.20.0
│     ├─ ioredis@npm:^5.4.1 → npm:5.4.1
│     ├─ rimraf@npm:^5.0.1 → npm:5.0.5
│     ├─ typescript@patch:typescript@^5.6.2#~builtin<compat/typescript> → patch:typescript@npm%3A5.6.2#~builtin<compat/typescript>::version=5.6.2&hash=7ad353
│     └─ vite@npm:^5.2.11 → npm:5.2.11 [df0d7]
│
├─ @medusajs/utils@workspace:packages/core/utils
│  ├─ Instances: 1
│  ├─ Version: 2.0.7
│  │
│  └─ Dependencies
│     ├─ @types/express@npm:^4.17.21 → npm:4.17.21
│     ├─ awilix@npm:^8.0.1 → npm:8.0.1
│     ├─ bignumber.js@npm:^9.1.2 → npm:9.1.2
│     ├─ dotenv-expand@npm:^11.0.6 → npm:11.0.6
│     ├─ dotenv@npm:^16.4.5 → npm:16.4.5
│     ├─ expect-type@npm:^0.20.0 → npm:0.20.0
│     ├─ express@npm:^4.21.0 → npm:4.21.0
│     ├─ graphql@npm:^16.9.0 → npm:16.9.0
│     ├─ jsonwebtoken@npm:^9.0.2 → npm:9.0.2
│     ├─ pg-connection-string@npm:^2.7.0 → npm:2.7.0
│     ├─ pg-god@npm:^1.0.12 → npm:1.0.12
│     ├─ pluralize@npm:^8.0.0 → npm:8.0.0
│     ├─ rimraf@npm:^5.0.1 → npm:5.0.5
│     ├─ typescript@patch:typescript@^5.6.2#~builtin<compat/typescript> → patch:typescript@npm%3A5.6.2#~builtin<compat/typescript>::version=5.6.2&hash=7ad353
│     ├─ ulid@npm:^2.3.0 → npm:2.3.0
│     ├─ @graphql-codegen/core@npm:^4.0.2 → npm:4.0.2 [2452d]
│     ├─ @graphql-codegen/typescript@npm:^4.0.9 → npm:4.0.9 [2452d]
│     ├─ @graphql-tools/merge@npm:^9.0.7 → npm:9.0.7 [2452d]
│     ├─ @graphql-tools/schema@npm:^10.0.6 → npm:10.0.6 [2452d]
│     ├─ @medusajs/types@^2.0.7 → workspace:packages/core/types [65b54]
│     ├─ @mikro-orm/core@npm:5.9.7 → npm:5.9.7 [7155c]
│     ├─ @mikro-orm/knex@npm:5.9.7 → npm:5.9.7 [7155c]
│     ├─ @mikro-orm/migrations@npm:5.9.7 → npm:5.9.7 [7155c]
│     ├─ @mikro-orm/postgresql@npm:5.9.7 → npm:5.9.7 [7155c]
│     ├─ @swc/core@npm:^1.7.28 → npm:1.7.28 [161a1]
│     ├─ @swc/jest@npm:^0.2.36 → npm:0.2.36 [161a1]
│     ├─ jest@npm:29.7.0 → npm:29.7.0 [36a01]
│     └─ pg@npm:8.11.3 → npm:8.11.3 [6c403]
│
├─ @mikro-orm/core@npm:5.9.7
│  ├─ Instances: 1
│  ├─ Version: 5.9.7
│  │
│  └─ Dependencies
│     ├─ acorn-loose@npm:8.3.0 → npm:8.3.0
│     ├─ acorn-walk@npm:8.2.0 → npm:8.2.0
│     ├─ dotenv@npm:16.3.1 → npm:16.3.1
│     ├─ fs-extra@npm:11.1.1 → npm:11.1.1
│     ├─ globby@npm:11.1.0 → npm:11.1.0
│     ├─ mikro-orm@npm:5.9.7 → npm:5.9.7
│     └─ reflect-metadata@npm:0.1.13 → npm:0.1.13
│
├─ @mikro-orm/knex@npm:5.9.7
│  ├─ Instances: 1
│  ├─ Version: 5.9.7
│  │
│  └─ Dependencies
│     ├─ fs-extra@npm:11.1.1 → npm:11.1.1
│     ├─ knex@npm:2.5.1 → npm:2.5.1
│     └─ sqlstring@npm:2.3.3 → npm:2.3.3
│
├─ @mikro-orm/migrations@npm:5.9.7
│  ├─ Instances: 1
│  ├─ Version: 5.9.7
│  │
│  └─ Dependencies
│     ├─ @mikro-orm/knex@npm:5.9.7 → npm:5.9.7
│     ├─ fs-extra@npm:11.1.1 → npm:11.1.1
│     ├─ knex@npm:2.5.1 → npm:2.5.1
│     └─ umzug@npm:3.3.1 → npm:3.3.1
│
├─ @mikro-orm/postgresql@npm:5.9.7
│  ├─ Instances: 1
│  ├─ Version: 5.9.7
│  │
│  └─ Dependencies
│     ├─ @mikro-orm/knex@npm:5.9.7 → npm:5.9.7
│     └─ pg@npm:8.11.3 → npm:8.11.3
│
├─ @swc/core@npm:1.7.28
│  ├─ Instances: 1
│  ├─ Version: 1.7.28
│  │
│  └─ Dependencies
│     ├─ @swc/core-darwin-arm64@npm:1.7.28 → npm:1.7.28
│     ├─ @swc/core-darwin-x64@npm:1.7.28 → npm:1.7.28
│     ├─ @swc/core-linux-arm-gnueabihf@npm:1.7.28 → npm:1.7.28
│     ├─ @swc/core-linux-arm64-gnu@npm:1.7.28 → npm:1.7.28
│     ├─ @swc/core-linux-arm64-musl@npm:1.7.28 → npm:1.7.28
│     ├─ @swc/core-linux-x64-gnu@npm:1.7.28 → npm:1.7.28
│     ├─ @swc/core-linux-x64-musl@npm:1.7.28 → npm:1.7.28
│     ├─ @swc/core-win32-arm64-msvc@npm:1.7.28 → npm:1.7.28
│     ├─ @swc/core-win32-ia32-msvc@npm:1.7.28 → npm:1.7.28
│     ├─ @swc/core-win32-x64-msvc@npm:1.7.28 → npm:1.7.28
│     ├─ @swc/counter@npm:^0.1.3 → npm:0.1.3
│     └─ @swc/types@npm:^0.1.12 → npm:0.1.12
│
├─ @swc/jest@npm:0.2.36
│  ├─ Instances: 1
│  ├─ Version: 0.2.36
│  │
│  └─ Dependencies
│     ├─ @jest/create-cache-key-function@npm:^29.7.0 → npm:29.7.0
│     ├─ @swc/counter@npm:^0.1.3 → npm:0.1.3
│     └─ jsonc-parser@npm:^3.2.0 → npm:3.2.1
│
├─ awilix@npm:8.0.1
│  ├─ Version: 8.0.1
│  │
│  └─ Dependencies
│     ├─ camel-case@npm:^4.1.2 → npm:4.1.2
│     └─ fast-glob@npm:^3.2.12 → npm:3.3.2
│
├─ jest@npm:29.7.0
│  ├─ Instances: 1
│  ├─ Version: 29.7.0
│  │
│  ├─ Exported Binaries
│  │  └─ jest
│  │
│  └─ Dependencies
│     ├─ @jest/core@npm:^29.7.0 → npm:29.7.0
│     ├─ @jest/types@npm:^29.6.3 → npm:29.6.3
│     ├─ import-local@npm:^3.0.2 → npm:3.1.0
│     └─ jest-cli@npm:^29.7.0 → npm:29.7.0
│
├─ pg@npm:8.11.3
│  ├─ Instances: 1
│  ├─ Version: 8.11.3
│  │
│  └─ Dependencies
│     ├─ buffer-writer@npm:2.0.0 → npm:2.0.0
│     ├─ packet-reader@npm:1.0.0 → npm:1.0.0
│     ├─ pg-cloudflare@npm:^1.1.1 → npm:1.1.1
│     ├─ pg-connection-string@npm:^2.6.2 → npm:2.6.4
│     ├─ pg-pool@npm:^3.6.1 → npm:3.6.2
│     ├─ pg-protocol@npm:^1.6.0 → npm:1.6.1
│     ├─ pg-types@npm:^2.1.0 → npm:2.2.0
│     └─ pgpass@npm:1.x → npm:1.0.5
│
├─ rimraf@npm:5.0.5
│  ├─ Version: 5.0.5
│  │
│  ├─ Exported Binaries
│  │  └─ rimraf
│  │
│  └─ Dependencies
│     └─ glob@npm:^10.3.7 → npm:10.3.12
│
└─ typescript@patch:typescript@npm%3A5.6.2#~builtin<compat/typescript>::version=5.6.2&hash=7ad353
   ├─ Version: 5.6.2
   │
   └─ Exported Binaries
      ├─ tsc
      └─ tsserver
