├─ @changesets/changelog-github@npm:0.4.8
│  ├─ Version: 0.4.8
│  │
│  └─ Dependencies
│     ├─ @changesets/get-github-info@npm:^0.5.2 → npm:0.5.2
│     ├─ @changesets/types@npm:^5.2.1 → npm:5.2.1
│     └─ dotenv@npm:^8.1.0 → npm:8.6.0
│
├─ @changesets/cli@npm:2.27.1
│  ├─ Version: 2.27.1
│  │
│  ├─ Exported Binaries
│  │  └─ changeset
│  │
│  └─ Dependencies
│     ├─ @babel/runtime@npm:^7.20.1 → npm:7.24.5
│     ├─ @changesets/apply-release-plan@npm:^7.0.0 → npm:7.0.0
│     ├─ @changesets/assemble-release-plan@npm:^6.0.0 → npm:6.0.0
│     ├─ @changesets/changelog-git@npm:^0.2.0 → npm:0.2.0
│     ├─ @changesets/config@npm:^3.0.0 → npm:3.0.0
│     ├─ @changesets/errors@npm:^0.2.0 → npm:0.2.0
│     ├─ @changesets/get-dependents-graph@npm:^2.0.0 → npm:2.0.0
│     ├─ @changesets/get-release-plan@npm:^4.0.0 → npm:4.0.0
│     ├─ @changesets/git@npm:^3.0.0 → npm:3.0.0
│     ├─ @changesets/logger@npm:^0.1.0 → npm:0.1.0
│     ├─ @changesets/pre@npm:^2.0.0 → npm:2.0.0
│     ├─ @changesets/read@npm:^0.6.0 → npm:0.6.0
│     ├─ @changesets/types@npm:^6.0.0 → npm:6.0.0
│     ├─ @changesets/write@npm:^0.3.0 → npm:0.3.0
│     ├─ @manypkg/get-packages@npm:^1.1.3 → npm:1.1.3
│     ├─ @types/semver@npm:^7.5.0 → npm:7.5.8
│     ├─ ansi-colors@npm:^4.1.3 → npm:4.1.3
│     ├─ chalk@npm:^2.1.0 → npm:2.4.2
│     ├─ ci-info@npm:^3.7.0 → npm:3.9.0
│     ├─ enquirer@npm:^2.3.0 → npm:2.4.1
│     ├─ external-editor@npm:^3.1.0 → npm:3.1.0
│     ├─ fs-extra@npm:^7.0.1 → npm:7.0.1
│     ├─ human-id@npm:^1.0.2 → npm:1.0.2
│     ├─ meow@npm:^6.0.0 → npm:6.1.1
│     ├─ outdent@npm:^0.5.0 → npm:0.5.0
│     ├─ p-limit@npm:^2.2.0 → npm:2.3.0
│     ├─ preferred-pm@npm:^3.0.0 → npm:3.1.3
│     ├─ resolve-from@npm:^5.0.0 → npm:5.0.0
│     ├─ semver@npm:^7.5.3 → npm:7.6.0
│     ├─ spawndamnit@npm:^2.0.0 → npm:2.0.0
│     ├─ term-size@npm:^2.1.0 → npm:2.2.1
│     └─ tty-table@npm:^4.1.5 → npm:4.2.3
│
├─ @typescript-eslint/eslint-plugin@npm:6.21.0
│  ├─ Instances: 1
│  ├─ Version: 6.21.0
│  │
│  └─ Dependencies
│     ├─ @eslint-community/regexpp@npm:^4.5.1 → npm:4.10.0
│     ├─ @typescript-eslint/scope-manager@npm:6.21.0 → npm:6.21.0
│     ├─ @typescript-eslint/type-utils@npm:6.21.0 → npm:6.21.0
│     ├─ @typescript-eslint/utils@npm:6.21.0 → npm:6.21.0
│     ├─ @typescript-eslint/visitor-keys@npm:6.21.0 → npm:6.21.0
│     ├─ debug@npm:^4.3.4 → npm:4.3.4
│     ├─ graphemer@npm:^1.4.0 → npm:1.4.0
│     ├─ ignore@npm:^5.2.4 → npm:5.3.1
│     ├─ natural-compare@npm:^1.4.0 → npm:1.4.0
│     ├─ semver@npm:^7.5.4 → npm:7.6.0
│     └─ ts-api-utils@npm:^1.0.1 → npm:1.3.0
│
├─ @typescript-eslint/parser@npm:6.21.0
│  ├─ Instances: 1
│  ├─ Version: 6.21.0
│  │
│  └─ Dependencies
│     ├─ @typescript-eslint/scope-manager@npm:6.21.0 → npm:6.21.0
│     ├─ @typescript-eslint/types@npm:6.21.0 → npm:6.21.0
│     ├─ @typescript-eslint/typescript-estree@npm:6.21.0 → npm:6.21.0
│     ├─ @typescript-eslint/visitor-keys@npm:6.21.0 → npm:6.21.0
│     └─ debug@npm:^4.3.4 → npm:4.3.4
│
├─ axios-mock-adapter@npm:1.22.0
│  ├─ Instances: 1
│  ├─ Version: 1.22.0
│  │
│  └─ Dependencies
│     ├─ fast-deep-equal@npm:^3.1.3 → npm:3.1.3
│     └─ is-buffer@npm:^2.0.5 → npm:2.0.5
│
├─ axios@npm:0.21.4
│  ├─ Version: 0.21.4
│  │
│  └─ Dependencies
│     └─ follow-redirects@npm:^1.14.0 → npm:1.15.6 [e2788]
│
├─ cross-env@npm:7.0.3
│  ├─ Version: 7.0.3
│  │
│  ├─ Exported Binaries
│  │  ├─ cross-env
│  │  └─ cross-env-shell
│  │
│  └─ Dependencies
│     └─ cross-spawn@npm:^7.0.1 → npm:7.0.3
│
├─ eslint-config-google@npm:0.14.0
│  ├─ Instances: 1
│  └─ Version: 0.14.0
│
├─ eslint-config-prettier@npm:8.10.0
│  ├─ Instances: 1
│  ├─ Version: 8.10.0
│  │
│  └─ Exported Binaries
│     └─ eslint-config-prettier
│
├─ eslint-plugin-prettier@npm:4.2.1
│  ├─ Instances: 1
│  ├─ Version: 4.2.1
│  │
│  └─ Dependencies
│     └─ prettier-linter-helpers@npm:^1.0.0 → npm:1.0.0
│
├─ eslint-plugin-react-hooks@npm:4.6.2
│  ├─ Instances: 1
│  └─ Version: 4.6.2
│
├─ eslint-plugin-react-refresh@npm:0.4.6
│  ├─ Instances: 1
│  └─ Version: 0.4.6
│
├─ eslint-plugin-react@npm:7.34.1
│  ├─ Instances: 1
│  ├─ Version: 7.34.1
│  │
│  └─ Dependencies
│     ├─ array-includes@npm:^3.1.7 → npm:3.1.8
│     ├─ array.prototype.findlast@npm:^1.2.4 → npm:1.2.5
│     ├─ array.prototype.flatmap@npm:^1.3.2 → npm:1.3.2
│     ├─ array.prototype.toreversed@npm:^1.1.2 → npm:1.1.2
│     ├─ array.prototype.tosorted@npm:^1.1.3 → npm:1.1.3
│     ├─ doctrine@npm:^2.1.0 → npm:2.1.0
│     ├─ es-iterator-helpers@npm:^1.0.17 → npm:1.0.19
│     ├─ estraverse@npm:^5.3.0 → npm:5.3.0
│     ├─ jsx-ast-utils@npm:^2.4.1 || ^3.0.0 → npm:3.3.5
│     ├─ minimatch@npm:^3.1.2 → npm:3.1.2
│     ├─ object.entries@npm:^1.1.7 → npm:1.1.8
│     ├─ object.fromentries@npm:^2.0.7 → npm:2.0.8
│     ├─ object.hasown@npm:^1.1.3 → npm:1.1.4
│     ├─ object.values@npm:^1.1.7 → npm:1.2.0
│     ├─ prop-types@npm:^15.8.1 → npm:15.8.1
│     ├─ resolve@patch:resolve@^2.0.0-next.5#~builtin<compat/resolve> → patch:resolve@npm%3A2.0.0-next.5#~builtin<compat/resolve>::version=2.0.0-next.5&hash=07638b
│     ├─ semver@npm:^6.3.1 → npm:6.3.1
│     └─ string.prototype.matchall@npm:^4.0.10 → npm:4.0.11
│
├─ eslint-plugin-storybook@npm:0.6.15
│  ├─ Instances: 1
│  ├─ Version: 0.6.15
│  │
│  └─ Dependencies
│     ├─ @storybook/csf@npm:^0.0.1 → npm:0.0.1
│     ├─ @typescript-eslint/utils@npm:^5.45.0 → npm:5.62.0
│     ├─ requireindex@npm:^1.1.0 → npm:1.2.0
│     └─ ts-dedent@npm:^2.2.0 → npm:2.2.0
│
├─ eslint-plugin-unused-imports@npm:2.0.0
│  ├─ Instances: 1
│  ├─ Version: 2.0.0
│  │
│  └─ Dependencies
│     └─ eslint-rule-composer@npm:^0.3.0 → npm:0.3.0
│
├─ eslint@npm:8.57.0
│  ├─ Version: 8.57.0
│  │
│  ├─ Exported Binaries
│  │  └─ eslint
│  │
│  └─ Dependencies
│     ├─ @eslint-community/regexpp@npm:^4.6.1 → npm:4.10.0
│     ├─ @eslint/eslintrc@npm:^2.1.4 → npm:2.1.4
│     ├─ @eslint/js@npm:8.57.0 → npm:8.57.0
│     ├─ @humanwhocodes/config-array@npm:^0.11.14 → npm:0.11.14
│     ├─ @humanwhocodes/module-importer@npm:^1.0.1 → npm:1.0.1
│     ├─ @nodelib/fs.walk@npm:^1.2.8 → npm:1.2.8
│     ├─ @ungap/structured-clone@npm:^1.2.0 → npm:1.2.0
│     ├─ ajv@npm:^6.12.4 → npm:6.12.6
│     ├─ chalk@npm:^4.0.0 → npm:4.1.2
│     ├─ cross-spawn@npm:^7.0.2 → npm:7.0.3
│     ├─ doctrine@npm:^3.0.0 → npm:3.0.0
│     ├─ escape-string-regexp@npm:^4.0.0 → npm:4.0.0
│     ├─ eslint-scope@npm:^7.2.2 → npm:7.2.2
│     ├─ eslint-visitor-keys@npm:^3.4.3 → npm:3.4.3
│     ├─ espree@npm:^9.6.1 → npm:9.6.1
│     ├─ esquery@npm:^1.4.2 → npm:1.5.0
│     ├─ esutils@npm:^2.0.2 → npm:2.0.3
│     ├─ fast-deep-equal@npm:^3.1.3 → npm:3.1.3
│     ├─ file-entry-cache@npm:^6.0.1 → npm:6.0.1
│     ├─ find-up@npm:^5.0.0 → npm:5.0.0
│     ├─ glob-parent@npm:^6.0.2 → npm:6.0.2
│     ├─ globals@npm:^13.19.0 → npm:13.24.0
│     ├─ graphemer@npm:^1.4.0 → npm:1.4.0
│     ├─ ignore@npm:^5.2.0 → npm:5.3.1
│     ├─ imurmurhash@npm:^0.1.4 → npm:0.1.4
│     ├─ is-glob@npm:^4.0.0 → npm:4.0.3
│     ├─ is-path-inside@npm:^3.0.3 → npm:3.0.3
│     ├─ js-yaml@npm:^4.1.0 → npm:4.1.0
│     ├─ json-stable-stringify-without-jsonify@npm:^1.0.1 → npm:1.0.1
│     ├─ levn@npm:^0.4.1 → npm:0.4.1
│     ├─ lodash.merge@npm:^4.6.2 → npm:4.6.2
│     ├─ minimatch@npm:^3.1.2 → npm:3.1.2
│     ├─ natural-compare@npm:^1.4.0 → npm:1.4.0
│     ├─ optionator@npm:^0.9.3 → npm:0.9.4
│     ├─ strip-ansi@npm:^6.0.1 → npm:6.0.1
│     ├─ text-table@npm:^0.2.0 → npm:0.2.0
│     ├─ @eslint-community/eslint-utils@npm:^4.2.0 → npm:4.4.0 [4286e]
│     └─ debug@npm:^4.3.2 → npm:4.3.4 [1ff4b]
│
├─ express@npm:4.19.2
│  ├─ Version: 4.19.2
│  │
│  └─ Dependencies
│     ├─ accepts@npm:~1.3.8 → npm:1.3.8
│     ├─ array-flatten@npm:1.1.1 → npm:1.1.1
│     ├─ body-parser@npm:1.20.2 → npm:1.20.2
│     ├─ content-disposition@npm:0.5.4 → npm:0.5.4
│     ├─ content-type@npm:~1.0.4 → npm:1.0.5
│     ├─ cookie-signature@npm:1.0.6 → npm:1.0.6
│     ├─ cookie@npm:0.6.0 → npm:0.6.0
│     ├─ depd@npm:2.0.0 → npm:2.0.0
│     ├─ encodeurl@npm:~1.0.2 → npm:1.0.2
│     ├─ escape-html@npm:~1.0.3 → npm:1.0.3
│     ├─ etag@npm:~1.8.1 → npm:1.8.1
│     ├─ finalhandler@npm:1.2.0 → npm:1.2.0
│     ├─ fresh@npm:0.5.2 → npm:0.5.2
│     ├─ http-errors@npm:2.0.0 → npm:2.0.0
│     ├─ merge-descriptors@npm:1.0.1 → npm:1.0.1
│     ├─ methods@npm:~1.1.2 → npm:1.1.2
│     ├─ on-finished@npm:2.4.1 → npm:2.4.1
│     ├─ parseurl@npm:~1.3.3 → npm:1.3.3
│     ├─ path-to-regexp@npm:0.1.7 → npm:0.1.7
│     ├─ proxy-addr@npm:~2.0.7 → npm:2.0.7
│     ├─ qs@npm:6.11.0 → npm:6.11.0
│     ├─ range-parser@npm:~1.2.1 → npm:1.2.1
│     ├─ safe-buffer@npm:5.2.1 → npm:5.2.1
│     ├─ send@npm:0.18.0 → npm:0.18.0
│     ├─ serve-static@npm:1.15.0 → npm:1.15.0
│     ├─ setprototypeof@npm:1.2.0 → npm:1.2.0
│     ├─ statuses@npm:2.0.1 → npm:2.0.1
│     ├─ type-is@npm:~1.6.18 → npm:1.6.18
│     ├─ utils-merge@npm:1.0.1 → npm:1.0.1
│     ├─ vary@npm:~1.1.2 → npm:1.1.2
│     └─ debug@npm:2.6.9 → npm:2.6.9 [44738]
│
├─ get-port@npm:5.1.1
│  └─ Version: 5.1.1
│
├─ glob@npm:11.0.0
│  ├─ Version: 11.0.0
│  │
│  ├─ Exported Binaries
│  │  └─ glob
│  │
│  └─ Dependencies
│     ├─ foreground-child@npm:^3.1.0 → npm:3.1.1
│     ├─ jackspeak@npm:^4.0.1 → npm:4.0.2
│     ├─ minimatch@npm:^10.0.0 → npm:10.0.1
│     ├─ minipass@npm:^7.1.2 → npm:7.1.2
│     ├─ package-json-from-dist@npm:^1.0.0 → npm:1.0.0
│     └─ path-scurry@npm:^2.0.0 → npm:2.0.0
│
├─ global@npm:4.4.0
│  ├─ Version: 4.4.0
│  │
│  └─ Dependencies
│     ├─ min-document@npm:^2.19.0 → npm:2.19.0
│     └─ process@npm:^0.11.10 → npm:0.11.10
│
├─ import-from@npm:3.0.0
│  ├─ Version: 3.0.0
│  │
│  └─ Dependencies
│     └─ resolve-from@npm:^5.0.0 → npm:5.0.0
│
├─ jest@npm:29.7.0
│  ├─ Instances: 1
│  ├─ Version: 29.7.0
│  │
│  ├─ Exported Binaries
│  │  └─ jest
│  │
│  └─ Dependencies
│     ├─ @jest/core@npm:^29.7.0 → npm:29.7.0
│     ├─ @jest/types@npm:^29.6.3 → npm:29.6.3
│     ├─ import-local@npm:^3.0.2 → npm:3.1.0
│     └─ jest-cli@npm:^29.7.0 → npm:29.7.0
│
├─ lint-staged@npm:11.2.6
│  ├─ Version: 11.2.6
│  │
│  ├─ Exported Binaries
│  │  └─ lint-staged
│  │
│  └─ Dependencies
│     ├─ cli-truncate@npm:2.1.0 → npm:2.1.0
│     ├─ colorette@npm:^1.4.0 → npm:1.4.0
│     ├─ commander@npm:^8.2.0 → npm:8.3.0
│     ├─ cosmiconfig@npm:^7.0.1 → npm:7.1.0
│     ├─ enquirer@npm:^2.3.6 → npm:2.4.1
│     ├─ execa@npm:^5.1.1 → npm:5.1.1
│     ├─ micromatch@npm:^4.0.4 → npm:4.0.5
│     ├─ normalize-path@npm:^3.0.0 → npm:3.0.0
│     ├─ please-upgrade-node@npm:^3.2.0 → npm:3.2.0
│     ├─ string-argv@npm:0.3.1 → npm:0.3.1
│     ├─ stringify-object@npm:3.3.0 → npm:3.3.0
│     ├─ supports-color@npm:8.1.1 → npm:8.1.1
│     ├─ debug@npm:^4.3.2 → npm:4.3.4 [ef344]
│     └─ listr2@npm:^3.12.2 → npm:3.14.0 [ef344]
│
├─ microbundle@npm:0.13.3
│  ├─ Version: 0.13.3
│  │
│  ├─ Exported Binaries
│  │  └─ microbundle
│  │
│  └─ Dependencies
│     ├─ @babel/core@npm:^7.12.10 → npm:7.24.5
│     ├─ asyncro@npm:^3.0.0 → npm:3.0.0
│     ├─ babel-plugin-macros@npm:^3.0.1 → npm:3.1.0
│     ├─ babel-plugin-transform-async-to-promises@npm:^0.8.15 → npm:0.8.18
│     ├─ brotli-size@npm:^4.0.0 → npm:4.0.0
│     ├─ builtin-modules@npm:^3.1.0 → npm:3.3.0
│     ├─ camelcase@npm:^6.2.0 → npm:6.3.0
│     ├─ escape-string-regexp@npm:^4.0.0 → npm:4.0.0
│     ├─ filesize@npm:^6.1.0 → npm:6.4.0
│     ├─ gzip-size@npm:^6.0.0 → npm:6.0.0
│     ├─ kleur@npm:^4.1.3 → npm:4.1.5
│     ├─ lodash.merge@npm:^4.6.2 → npm:4.6.2
│     ├─ postcss@npm:^8.2.1 → npm:8.4.38
│     ├─ pretty-bytes@npm:^5.4.1 → npm:5.6.0
│     ├─ rollup-plugin-bundle-size@npm:^1.0.3 → npm:1.0.3
│     ├─ rollup@npm:^2.35.1 → npm:2.79.1
│     ├─ sade@npm:^1.7.4 → npm:1.8.1
│     ├─ terser@npm:^5.7.0 → npm:5.31.0
│     ├─ tiny-glob@npm:^0.2.8 → npm:0.2.9
│     ├─ tslib@npm:^2.0.3 → npm:2.6.2
│     ├─ typescript@patch:typescript@^4.1.3#~builtin<compat/typescript> → patch:typescript@npm%3A4.9.5#~builtin<compat/typescript>::version=4.9.5&hash=7ad353
│     ├─ @babel/plugin-proposal-class-properties@npm:7.12.1 → npm:7.12.1 [e2971]
│     ├─ @babel/plugin-syntax-import-meta@npm:^7.10.4 → npm:7.10.4 [e2971]
│     ├─ @babel/plugin-syntax-jsx@npm:^7.12.1 → npm:7.24.1 [e2971]
│     ├─ @babel/plugin-transform-flow-strip-types@npm:^7.12.10 → npm:7.24.1 [e2971]
│     ├─ @babel/plugin-transform-react-jsx@npm:^7.12.11 → npm:7.23.4 [e2971]
│     ├─ @babel/plugin-transform-regenerator@npm:^7.12.1 → npm:7.24.1 [e2971]
│     ├─ @babel/preset-env@npm:^7.12.11 → npm:7.24.5 [e2971]
│     ├─ @babel/preset-flow@npm:^7.12.1 → npm:7.24.1 [e2971]
│     ├─ @babel/preset-react@npm:^7.12.10 → npm:7.24.1 [e2971]
│     ├─ @rollup/plugin-alias@npm:^3.1.1 → npm:3.1.9 [e2971]
│     ├─ @rollup/plugin-babel@npm:^5.2.2 → npm:5.3.1 [e2971]
│     ├─ @rollup/plugin-commonjs@npm:^17.0.0 → npm:17.1.0 [e2971]
│     ├─ @rollup/plugin-json@npm:^4.1.0 → npm:4.1.0 [e2971]
│     ├─ @rollup/plugin-node-resolve@npm:^11.0.1 → npm:11.2.1 [e2971]
│     ├─ autoprefixer@npm:^10.1.0 → npm:10.4.19 [e2971]
│     ├─ babel-plugin-transform-replace-expressions@npm:^0.2.0 → npm:0.2.0 [e2971]
│     ├─ rollup-plugin-postcss@npm:^4.0.0 → npm:4.0.2 [e2971]
│     ├─ rollup-plugin-terser@npm:^7.0.2 → npm:7.0.2 [e2971]
│     └─ rollup-plugin-typescript2@npm:^0.29.0 → npm:0.29.0 [e2971]
│
├─ pg-god@npm:1.0.12
│  ├─ Version: 1.0.12
│  │
│  ├─ Exported Binaries
│  │  └─ pg-god
│  │
│  └─ Dependencies
│     ├─ @oclif/config@npm:^1 → npm:1.18.17
│     ├─ @oclif/plugin-help@npm:^3 → npm:3.3.1
│     ├─ cli-ux@npm:^5.4.9 → npm:5.6.7
│     ├─ tslib@npm:^1 → npm:1.14.1
│     ├─ @oclif/command@npm:^1.8.15 → npm:1.8.36 [df361]
│     └─ pg@npm:8.11.3 → npm:8.11.3 [6c403]
│
├─ prettier-plugin-tailwindcss@npm:0.2.8
│  ├─ Instances: 1
│  └─ Version: 0.2.8
│
├─ prettier@npm:2.8.8
│  ├─ Version: 2.8.8
│  │
│  └─ Exported Binaries
│     └─ prettier
│
├─ resolve-cwd@npm:3.0.0
│  ├─ Version: 3.0.0
│  │
│  └─ Dependencies
│     └─ resolve-from@npm:^5.0.0 → npm:5.0.0
│
├─ root@workspace:.
│  ├─ Version: 0.0.0-use.local
│  │
│  └─ Dependencies
│     ├─ @changesets/changelog-github@npm:^0.4.8 → npm:0.4.8
│     ├─ @changesets/cli@npm:^2.26.0 → npm:2.27.1
│     ├─ axios@npm:^0.21.4 → npm:0.21.4
│     ├─ cross-env@npm:^7.0.3 → npm:7.0.3
│     ├─ eslint@npm:^8.23.0 → npm:8.57.0
│     ├─ express@npm:^4.17.1 → npm:4.19.2
│     ├─ get-port@npm:^5.1.1 → npm:5.1.1
│     ├─ glob@npm:^11.0.0 → npm:11.0.0
│     ├─ global@npm:^4.4.0 → npm:4.4.0
│     ├─ import-from@npm:^3.0.0 → npm:3.0.0
│     ├─ lint-staged@npm:^11.2.6 → npm:11.2.6
│     ├─ microbundle@npm:^0.13.3 → npm:0.13.3
│     ├─ pg-god@npm:^1.0.12 → npm:1.0.12
│     ├─ prettier@npm:^2.7.1 → npm:2.8.8
│     ├─ resolve-cwd@npm:^3.0.0 → npm:3.0.0
│     ├─ turbo@npm:^1.6.3 → npm:1.13.3
│     ├─ @typescript-eslint/eslint-plugin@npm:^6.19.0 → npm:6.21.0 [36a01]
│     ├─ @typescript-eslint/parser@npm:^6.19.0 → npm:6.21.0 [36a01]
│     ├─ axios-mock-adapter@npm:^1.19.0 → npm:1.22.0 [36a01]
│     ├─ eslint-config-google@npm:^0.14.0 → npm:0.14.0 [36a01]
│     ├─ eslint-config-prettier@npm:^8.5.0 → npm:8.10.0 [36a01]
│     ├─ eslint-plugin-prettier@npm:^4.2.1 → npm:4.2.1 [36a01]
│     ├─ eslint-plugin-react-hooks@npm:^4.6.0 → npm:4.6.2 [36a01]
│     ├─ eslint-plugin-react-refresh@npm:^0.4.5 → npm:0.4.6 [36a01]
│     ├─ eslint-plugin-react@npm:^7.31.11 → npm:7.34.1 [36a01]
│     ├─ eslint-plugin-storybook@npm:^0.6.12 → npm:0.6.15 [36a01]
│     ├─ eslint-plugin-unused-imports@npm:^2.0.0 → npm:2.0.0 [36a01]
│     ├─ jest@npm:^29.7.0 → npm:29.7.0 [36a01]
│     ├─ prettier-plugin-tailwindcss@npm:^0.2.3 → npm:0.2.8 [36a01]
│     ├─ ts-jest@npm:^29.1.1 → npm:29.1.2 [36a01]
│     └─ ts-node@npm:^10.9.1 → npm:10.9.2 [36a01]
│
├─ ts-jest@npm:29.1.2
│  ├─ Instances: 1
│  ├─ Version: 29.1.2
│  │
│  ├─ Exported Binaries
│  │  └─ ts-jest
│  │
│  └─ Dependencies
│     ├─ bs-logger@npm:0.x → npm:0.2.6
│     ├─ fast-json-stable-stringify@npm:2.x → npm:2.1.0
│     ├─ jest-util@npm:^29.0.0 → npm:29.7.0
│     ├─ json5@npm:^2.2.3 → npm:2.2.3
│     ├─ lodash.memoize@npm:4.x → npm:4.1.2
│     ├─ make-error@npm:1.x → npm:1.3.6
│     ├─ semver@npm:^7.5.3 → npm:7.6.0
│     └─ yargs-parser@npm:^21.0.1 → npm:21.1.1
│
├─ ts-node@npm:10.9.2
│  ├─ Instances: 1
│  ├─ Version: 10.9.2
│  │
│  ├─ Exported Binaries
│  │  ├─ ts-node
│  │  ├─ ts-node-cwd
│  │  ├─ ts-node-esm
│  │  ├─ ts-node-script
│  │  ├─ ts-node-transpile-only
│  │  └─ ts-script
│  │
│  └─ Dependencies
│     ├─ @cspotcode/source-map-support@npm:^0.8.0 → npm:0.8.1
│     ├─ @tsconfig/node10@npm:^1.0.7 → npm:1.0.11
│     ├─ @tsconfig/node12@npm:^1.0.7 → npm:1.0.11
│     ├─ @tsconfig/node14@npm:^1.0.0 → npm:1.0.3
│     ├─ @tsconfig/node16@npm:^1.0.2 → npm:1.0.4
│     ├─ acorn-walk@npm:^8.1.1 → npm:8.3.2
│     ├─ acorn@npm:^8.4.1 → npm:8.11.3
│     ├─ arg@npm:^4.1.0 → npm:4.1.3
│     ├─ create-require@npm:^1.1.0 → npm:1.1.1
│     ├─ diff@npm:^4.0.1 → npm:4.0.2
│     ├─ make-error@npm:^1.1.1 → npm:1.3.6
│     ├─ v8-compile-cache-lib@npm:^3.0.1 → npm:3.0.1
│     └─ yn@npm:3.1.1 → npm:3.1.1
│
└─ turbo@npm:1.13.3
   ├─ Version: 1.13.3
   │
   ├─ Exported Binaries
   │  └─ turbo
   │
   └─ Dependencies
      ├─ turbo-darwin-64@npm:1.13.3 → npm:1.13.3
      ├─ turbo-darwin-arm64@npm:1.13.3 → npm:1.13.3
      ├─ turbo-linux-64@npm:1.13.3 → npm:1.13.3
      ├─ turbo-linux-arm64@npm:1.13.3 → npm:1.13.3
      ├─ turbo-windows-64@npm:1.13.3 → npm:1.13.3
      └─ turbo-windows-arm64@npm:1.13.3 → npm:1.13.3
