├─ @babel/runtime@npm:7.24.5
│  ├─ Version: 7.24.5
│  │
│  └─ Dependencies
│     └─ regenerator-runtime@npm:^0.14.0 → npm:0.14.1
│
├─ @medusajs/telemetry@workspace:packages/medusa-telemetry
│  ├─ Version: 0.0.0-use.local
│  │
│  └─ Dependencies
│     ├─ @babel/runtime@npm:^7.22.10 → npm:7.24.5
│     ├─ axios-retry@npm:^3.1.9 → npm:3.9.1
│     ├─ axios@npm:^0.21.4 → npm:0.21.4
│     ├─ boxen@npm:^5.0.1 → npm:5.1.2
│     ├─ ci-info@npm:^3.2.0 → npm:3.9.0
│     ├─ configstore@npm:5.0.1 → npm:5.0.1
│     ├─ cross-env@npm:^5.2.1 → npm:5.2.1
│     ├─ global@npm:^4.4.0 → npm:4.4.0
│     ├─ is-docker@npm:^2.2.1 → npm:2.2.1
│     ├─ nodemon@npm:^2.0.20 → npm:2.0.22
│     ├─ remove-trailing-slash@npm:^0.1.1 → npm:0.1.1
│     ├─ rimraf@npm:^3.0.2 → npm:3.0.2
│     ├─ typescript@patch:typescript@^5.6.2#~builtin<compat/typescript> → patch:typescript@npm%3A5.6.2#~builtin<compat/typescript>::version=5.6.2&hash=7ad353
│     ├─ uuid@npm:^8.3.2 → npm:8.3.2
│     └─ jest@npm:^29.7.0 → npm:29.7.0 [36a01]
│
├─ axios-retry@npm:3.9.1
│  ├─ Version: 3.9.1
│  │
│  └─ Dependencies
│     ├─ @babel/runtime@npm:^7.15.4 → npm:7.24.5
│     └─ is-retry-allowed@npm:^2.2.0 → npm:2.2.0
│
├─ axios@npm:0.21.4
│  ├─ Version: 0.21.4
│  │
│  └─ Dependencies
│     └─ follow-redirects@npm:^1.14.0 → npm:1.15.6 [e2788]
│
├─ boxen@npm:5.1.2
│  ├─ Version: 5.1.2
│  │
│  └─ Dependencies
│     ├─ ansi-align@npm:^3.0.0 → npm:3.0.1
│     ├─ camelcase@npm:^6.2.0 → npm:6.3.0
│     ├─ chalk@npm:^4.1.0 → npm:4.1.2
│     ├─ cli-boxes@npm:^2.2.1 → npm:2.2.1
│     ├─ string-width@npm:^4.2.2 → npm:4.2.3
│     ├─ type-fest@npm:^0.20.2 → npm:0.20.2
│     ├─ widest-line@npm:^3.1.0 → npm:3.1.0
│     └─ wrap-ansi@npm:^7.0.0 → npm:7.0.0
│
├─ ci-info@npm:3.9.0
│  └─ Version: 3.9.0
│
├─ configstore@npm:5.0.1
│  ├─ Version: 5.0.1
│  │
│  └─ Dependencies
│     ├─ dot-prop@npm:^5.2.0 → npm:5.3.0
│     ├─ graceful-fs@npm:^4.1.2 → npm:4.2.11
│     ├─ make-dir@npm:^3.0.0 → npm:3.1.0
│     ├─ unique-string@npm:^2.0.0 → npm:2.0.0
│     ├─ write-file-atomic@npm:^3.0.0 → npm:3.0.3
│     └─ xdg-basedir@npm:^4.0.0 → npm:4.0.0
│
├─ cross-env@npm:5.2.1
│  ├─ Version: 5.2.1
│  │
│  ├─ Exported Binaries
│  │  ├─ cross-env
│  │  └─ cross-env-shell
│  │
│  └─ Dependencies
│     └─ cross-spawn@npm:^6.0.5 → npm:6.0.5
│
├─ global@npm:4.4.0
│  ├─ Version: 4.4.0
│  │
│  └─ Dependencies
│     ├─ min-document@npm:^2.19.0 → npm:2.19.0
│     └─ process@npm:^0.11.10 → npm:0.11.10
│
├─ is-docker@npm:2.2.1
│  ├─ Version: 2.2.1
│  │
│  └─ Exported Binaries
│     └─ is-docker
│
├─ jest@npm:29.7.0
│  ├─ Instances: 1
│  ├─ Version: 29.7.0
│  │
│  ├─ Exported Binaries
│  │  └─ jest
│  │
│  └─ Dependencies
│     ├─ @jest/core@npm:^29.7.0 → npm:29.7.0
│     ├─ @jest/types@npm:^29.6.3 → npm:29.6.3
│     ├─ import-local@npm:^3.0.2 → npm:3.1.0
│     └─ jest-cli@npm:^29.7.0 → npm:29.7.0
│
├─ nodemon@npm:2.0.22
│  ├─ Version: 2.0.22
│  │
│  ├─ Exported Binaries
│  │  └─ nodemon
│  │
│  └─ Dependencies
│     ├─ chokidar@npm:^3.5.2 → npm:3.6.0
│     ├─ ignore-by-default@npm:^1.0.1 → npm:1.0.1
│     ├─ minimatch@npm:^3.1.2 → npm:3.1.2
│     ├─ pstree.remy@npm:^1.1.8 → npm:1.1.8
│     ├─ semver@npm:^5.7.1 → npm:5.7.2
│     ├─ simple-update-notifier@npm:^1.0.7 → npm:1.1.0
│     ├─ supports-color@npm:^5.5.0 → npm:5.5.0
│     ├─ touch@npm:^3.1.0 → npm:3.1.0
│     ├─ undefsafe@npm:^2.0.5 → npm:2.0.5
│     └─ debug@npm:^3.2.7 → npm:3.2.7 [2e71c]
│
├─ remove-trailing-slash@npm:0.1.1
│  └─ Version: 0.1.1
│
├─ rimraf@npm:3.0.2
│  ├─ Version: 3.0.2
│  │
│  ├─ Exported Binaries
│  │  └─ rimraf
│  │
│  └─ Dependencies
│     └─ glob@npm:^7.1.3 → npm:7.2.3
│
├─ typescript@patch:typescript@npm%3A5.6.2#~builtin<compat/typescript>::version=5.6.2&hash=7ad353
│  ├─ Version: 5.6.2
│  │
│  └─ Exported Binaries
│     ├─ tsc
│     └─ tsserver
│
└─ uuid@npm:8.3.2
   ├─ Version: 8.3.2
   │
   └─ Exported Binaries
      └─ uuid
