├─ @medusajs/toolbox@workspace:packages/design-system/toolbox
│  ├─ Version: 0.0.0-use.local
│  │
│  ├─ Exported Binaries
│  │  └─ toolbox
│  │
│  └─ Dependencies
│     ├─ @svgr/core@npm:8.0.0 → npm:8.0.0
│     ├─ @types/fs-extra@npm:11.0.1 → npm:11.0.1
│     ├─ @types/react@npm:^18.2.14 → npm:18.3.1
│     ├─ axios-retry@npm:^3.1.9 → npm:3.9.1
│     ├─ axios@npm:^0.24.0 → npm:0.24.0
│     ├─ commander@npm:11.0.0 → npm:11.0.0
│     ├─ dotenv@npm:^16.4.5 → npm:16.4.5
│     ├─ eslint@npm:7.32.0 → npm:7.32.0
│     ├─ fs-extra@npm:11.1.1 → npm:11.1.1
│     ├─ picocolors@npm:^1.0.0 → npm:1.0.0
│     ├─ react@npm:^18.2.0 → npm:18.3.1
│     ├─ ts-dedent@npm:2.2.0 → npm:2.2.0
│     ├─ typescript@patch:typescript@5.1.6#~builtin<compat/typescript> → patch:typescript@npm%3A5.1.6#~builtin<compat/typescript>::version=5.1.6&hash=7ad353
│     ├─ @svgr/plugin-jsx@npm:8.0.1 → npm:8.0.1 [ce92a]
│     ├─ @svgr/plugin-prettier@npm:8.0.1 → npm:8.0.1 [ce92a]
│     ├─ @svgr/plugin-svgo@npm:8.0.1 → npm:8.0.1 [ce92a]
│     └─ tsup@npm:7.1.0 → npm:7.1.0 [ce92a]
│
├─ @svgr/core@npm:8.0.0
│  ├─ Version: 8.0.0
│  │
│  └─ Dependencies
│     ├─ @babel/core@npm:^7.21.3 → npm:7.24.5
│     ├─ camelcase@npm:^6.2.0 → npm:6.3.0
│     ├─ snake-case@npm:^3.0.4 → npm:3.0.4
│     ├─ @svgr/babel-preset@npm:8.0.0 → npm:8.0.0 [0a940]
│     └─ cosmiconfig@npm:^8.1.3 → npm:8.3.6 [0a940]
│
├─ @svgr/plugin-jsx@npm:8.0.1
│  ├─ Instances: 1
│  ├─ Version: 8.0.1
│  │
│  └─ Dependencies
│     ├─ @babel/core@npm:^7.21.3 → npm:7.24.5
│     ├─ @svgr/babel-preset@npm:8.0.0 → npm:8.0.0
│     ├─ @svgr/hast-util-to-babel-ast@npm:8.0.0 → npm:8.0.0
│     └─ svg-parser@npm:^2.0.4 → npm:2.0.4
│
├─ @svgr/plugin-prettier@npm:8.0.1
│  ├─ Instances: 1
│  ├─ Version: 8.0.1
│  │
│  └─ Dependencies
│     ├─ deepmerge@npm:^4.3.1 → npm:4.3.1
│     └─ prettier@npm:^2.8.7 → npm:2.8.8
│
├─ @svgr/plugin-svgo@npm:8.0.1
│  ├─ Instances: 1
│  ├─ Version: 8.0.1
│  │
│  └─ Dependencies
│     ├─ cosmiconfig@npm:^8.1.3 → npm:8.3.6
│     ├─ deepmerge@npm:^4.3.1 → npm:4.3.1
│     └─ svgo@npm:^3.0.2 → npm:3.2.0
│
├─ @types/fs-extra@npm:11.0.1
│  ├─ Version: 11.0.1
│  │
│  └─ Dependencies
│     ├─ @types/jsonfile@npm:* → npm:6.1.4
│     └─ @types/node@npm:* → npm:20.12.10
│
├─ @types/react@npm:18.3.1
│  ├─ Version: 18.3.1
│  │
│  └─ Dependencies
│     ├─ @types/prop-types@npm:* → npm:15.7.12
│     └─ csstype@npm:^3.0.2 → npm:3.1.3
│
├─ axios-retry@npm:3.9.1
│  ├─ Version: 3.9.1
│  │
│  └─ Dependencies
│     ├─ @babel/runtime@npm:^7.15.4 → npm:7.24.5
│     └─ is-retry-allowed@npm:^2.2.0 → npm:2.2.0
│
├─ axios@npm:0.24.0
│  ├─ Version: 0.24.0
│  │
│  └─ Dependencies
│     └─ follow-redirects@npm:^1.14.0 → npm:1.15.6 [e2788]
│
├─ commander@npm:11.0.0
│  └─ Version: 11.0.0
│
├─ dotenv@npm:16.4.5
│  └─ Version: 16.4.5
│
├─ eslint@npm:7.32.0
│  ├─ Version: 7.32.0
│  │
│  ├─ Exported Binaries
│  │  └─ eslint
│  │
│  └─ Dependencies
│     ├─ @babel/code-frame@npm:7.12.11 → npm:7.12.11
│     ├─ @eslint/eslintrc@npm:^0.4.3 → npm:0.4.3
│     ├─ @humanwhocodes/config-array@npm:^0.5.0 → npm:0.5.0
│     ├─ ajv@npm:^6.10.0 → npm:6.12.6
│     ├─ chalk@npm:^4.0.0 → npm:4.1.2
│     ├─ cross-spawn@npm:^7.0.2 → npm:7.0.3
│     ├─ doctrine@npm:^3.0.0 → npm:3.0.0
│     ├─ enquirer@npm:^2.3.5 → npm:2.4.1
│     ├─ escape-string-regexp@npm:^4.0.0 → npm:4.0.0
│     ├─ eslint-scope@npm:^5.1.1 → npm:5.1.1
│     ├─ eslint-utils@npm:^2.1.0 → npm:2.1.0
│     ├─ eslint-visitor-keys@npm:^2.0.0 → npm:2.1.0
│     ├─ espree@npm:^7.3.1 → npm:7.3.1
│     ├─ esquery@npm:^1.4.0 → npm:1.5.0
│     ├─ esutils@npm:^2.0.2 → npm:2.0.3
│     ├─ fast-deep-equal@npm:^3.1.3 → npm:3.1.3
│     ├─ file-entry-cache@npm:^6.0.1 → npm:6.0.1
│     ├─ functional-red-black-tree@npm:^1.0.1 → npm:1.0.1
│     ├─ glob-parent@npm:^5.1.2 → npm:5.1.2
│     ├─ globals@npm:^13.6.0 → npm:13.24.0
│     ├─ ignore@npm:^4.0.6 → npm:4.0.6
│     ├─ import-fresh@npm:^3.0.0 → npm:3.3.0
│     ├─ imurmurhash@npm:^0.1.4 → npm:0.1.4
│     ├─ is-glob@npm:^4.0.0 → npm:4.0.3
│     ├─ js-yaml@npm:^3.13.1 → npm:3.14.1
│     ├─ json-stable-stringify-without-jsonify@npm:^1.0.1 → npm:1.0.1
│     ├─ levn@npm:^0.4.1 → npm:0.4.1
│     ├─ lodash.merge@npm:^4.6.2 → npm:4.6.2
│     ├─ minimatch@npm:^3.0.4 → npm:3.1.2
│     ├─ natural-compare@npm:^1.4.0 → npm:1.4.0
│     ├─ optionator@npm:^0.9.1 → npm:0.9.4
│     ├─ progress@npm:^2.0.0 → npm:2.0.3
│     ├─ regexpp@npm:^3.1.0 → npm:3.2.0
│     ├─ semver@npm:^7.2.1 → npm:7.6.0
│     ├─ strip-ansi@npm:^6.0.0 → npm:6.0.1
│     ├─ strip-json-comments@npm:^3.1.0 → npm:3.1.1
│     ├─ table@npm:^6.0.9 → npm:6.8.2
│     ├─ text-table@npm:^0.2.0 → npm:0.2.0
│     ├─ v8-compile-cache@npm:^2.0.3 → npm:2.4.0
│     └─ debug@npm:^4.3.2 → npm:4.3.4 [1ff4b]
│
├─ fs-extra@npm:11.1.1
│  ├─ Version: 11.1.1
│  │
│  └─ Dependencies
│     ├─ graceful-fs@npm:^4.2.0 → npm:4.2.11
│     ├─ jsonfile@npm:^6.0.1 → npm:6.1.0
│     └─ universalify@npm:^2.0.0 → npm:2.0.1
│
├─ picocolors@npm:1.0.0
│  └─ Version: 1.0.0
│
├─ react@npm:18.3.1
│  ├─ Version: 18.3.1
│  │
│  └─ Dependencies
│     └─ loose-envify@npm:^1.1.0 → npm:1.4.0
│
├─ ts-dedent@npm:2.2.0
│  └─ Version: 2.2.0
│
├─ tsup@npm:7.1.0
│  ├─ Instances: 1
│  ├─ Version: 7.1.0
│  │
│  ├─ Exported Binaries
│  │  ├─ tsup
│  │  └─ tsup-node
│  │
│  └─ Dependencies
│     ├─ bundle-require@npm:^4.0.0 → npm:4.1.0
│     ├─ cac@npm:^6.7.12 → npm:6.7.14
│     ├─ chokidar@npm:^3.5.1 → npm:3.6.0
│     ├─ debug@npm:^4.3.1 → npm:4.3.4
│     ├─ esbuild@npm:^0.18.2 → npm:0.18.20
│     ├─ execa@npm:^5.0.0 → npm:5.1.1
│     ├─ globby@npm:^11.0.3 → npm:11.1.0
│     ├─ joycon@npm:^3.0.1 → npm:3.1.1
│     ├─ postcss-load-config@npm:^4.0.1 → npm:4.0.2
│     ├─ resolve-from@npm:^5.0.0 → npm:5.0.0
│     ├─ rollup@npm:^3.2.5 → npm:3.29.4
│     ├─ source-map@npm:0.8.0-beta.0 → npm:0.8.0-beta.0
│     ├─ sucrase@npm:^3.20.3 → npm:3.35.0
│     └─ tree-kill@npm:^1.2.2 → npm:1.2.2
│
└─ typescript@patch:typescript@npm%3A5.1.6#~builtin<compat/typescript>::version=5.1.6&hash=7ad353
   ├─ Version: 5.1.6
   │
   └─ Exported Binaries
      ├─ tsc
      └─ tsserver
