├─ @medusajs/types@workspace:packages/core/types
│  ├─ Version: 2.0.7
│  │
│  └─ Dependencies
│     ├─ awilix@npm:^8.0.1 → npm:8.0.1
│     ├─ bignumber.js@npm:^9.1.2 → npm:9.1.2
│     ├─ expect-type@npm:^0.20.0 → npm:0.20.0
│     ├─ ioredis@npm:^5.4.1 → npm:5.4.1
│     ├─ rimraf@npm:^5.0.1 → npm:5.0.5
│     ├─ typescript@patch:typescript@^5.6.2#~builtin<compat/typescript> → patch:typescript@npm%3A5.6.2#~builtin<compat/typescript>::version=5.6.2&hash=7ad353
│     └─ vite@npm:^5.2.11 → npm:5.2.11 [df0d7]
│
├─ awilix@npm:8.0.1
│  ├─ Version: 8.0.1
│  │
│  └─ Dependencies
│     ├─ camel-case@npm:^4.1.2 → npm:4.1.2
│     └─ fast-glob@npm:^3.2.12 → npm:3.3.2
│
├─ bignumber.js@npm:9.1.2
│  └─ Version: 9.1.2
│
├─ expect-type@npm:0.20.0
│  └─ Version: 0.20.0
│
├─ ioredis@npm:5.4.1
│  ├─ Version: 5.4.1
│  │
│  └─ Dependencies
│     ├─ @ioredis/commands@npm:^1.1.1 → npm:1.2.0
│     ├─ cluster-key-slot@npm:^1.1.0 → npm:1.1.2
│     ├─ denque@npm:^2.1.0 → npm:2.1.0
│     ├─ lodash.defaults@npm:^4.2.0 → npm:4.2.0
│     ├─ lodash.isarguments@npm:^3.1.0 → npm:3.1.0
│     ├─ redis-errors@npm:^1.2.0 → npm:1.2.0
│     ├─ redis-parser@npm:^3.0.0 → npm:3.0.0
│     ├─ standard-as-callback@npm:^2.1.0 → npm:2.1.0
│     └─ debug@npm:^4.3.2 → npm:4.3.4 [1ff4b]
│
├─ rimraf@npm:5.0.5
│  ├─ Version: 5.0.5
│  │
│  ├─ Exported Binaries
│  │  └─ rimraf
│  │
│  └─ Dependencies
│     └─ glob@npm:^10.3.7 → npm:10.3.12
│
├─ typescript@patch:typescript@npm%3A5.6.2#~builtin<compat/typescript>::version=5.6.2&hash=7ad353
│  ├─ Version: 5.6.2
│  │
│  └─ Exported Binaries
│     ├─ tsc
│     └─ tsserver
│
└─ vite@npm:5.2.11
   ├─ Instances: 1
   ├─ Version: 5.2.11
   │
   ├─ Exported Binaries
   │  └─ vite
   │
   └─ Dependencies
      ├─ esbuild@npm:^0.20.1 → npm:0.20.2
      ├─ fsevents@patch:fsevents@~2.3.3#~builtin<compat/fsevents> → patch:fsevents@npm%3A2.3.3#~builtin<compat/fsevents>::version=2.3.3&hash=18f3a7
      ├─ postcss@npm:^8.4.38 → npm:8.4.38
      └─ rollup@npm:^4.13.0 → npm:4.17.2
