├─ @medusajs/toolbox@workspace:packages/design-system/toolbox
│  ├─ Version: 2.0.7
│  │
│  ├─ Exported Binaries
│  │  └─ toolbox
│  │
│  └─ Dependencies
│     ├─ @svgr/core@npm:8.0.0 → npm:8.0.0
│     ├─ @types/fs-extra@npm:11.0.1 → npm:11.0.1
│     ├─ @types/react@npm:^18.2.14 → npm:18.3.1
│     ├─ axios-retry@npm:^3.1.9 → npm:3.9.1
│     ├─ axios@npm:^0.24.0 → npm:0.24.0
│     ├─ commander@npm:11.0.0 → npm:11.0.0
│     ├─ dotenv@npm:^16.4.5 → npm:16.4.5
│     ├─ eslint@npm:7.32.0 → npm:7.32.0
│     ├─ fs-extra@npm:11.1.1 → npm:11.1.1
│     ├─ picocolors@npm:^1.0.0 → npm:1.0.0
│     ├─ react@npm:^18.2.0 → npm:18.3.1
│     ├─ ts-dedent@npm:2.2.0 → npm:2.2.0
│     ├─ typescript@patch:typescript@5.1.6#~builtin<compat/typescript> → patch:typescript@npm%3A5.1.6#~builtin<compat/typescript>::version=5.1.6&hash=7ad353
│     ├─ @svgr/plugin-jsx@npm:8.0.1 → npm:8.0.1 [ce92a]
│     ├─ @svgr/plugin-prettier@npm:8.0.1 → npm:8.0.1 [ce92a]
│     ├─ @svgr/plugin-svgo@npm:8.0.1 → npm:8.0.1 [ce92a]
│     └─ tsup@npm:7.1.0 → npm:7.1.0 [ce92a]
│
├─ @medusajs/ui-preset@workspace:packages/design-system/ui-preset
│  ├─ Version: 2.0.7
│  │
│  └─ Dependencies
│     ├─ @medusajs/toolbox@^2.0.7 → workspace:packages/design-system/toolbox
│     ├─ tailwindcss@npm:^3.4.1 → npm:3.4.3
│     ├─ typescript@patch:typescript@^5.1.6#~builtin<compat/typescript> → patch:typescript@npm%3A5.4.5#~builtin<compat/typescript>::version=5.4.5&hash=7ad353
│     ├─ @tailwindcss/forms@npm:^0.5.3 → npm:0.5.7 [75fc2]
│     ├─ tailwindcss-animate@npm:^1.0.6 → npm:1.0.7 [75fc2]
│     └─ tsup@npm:^7.1.0 → npm:7.2.0 [75fc2]
│
├─ @tailwindcss/forms@npm:0.5.7
│  ├─ Instances: 1
│  ├─ Version: 0.5.7
│  │
│  └─ Dependencies
│     └─ mini-svg-data-uri@npm:^1.2.3 → npm:1.4.4
│
├─ tailwindcss-animate@npm:1.0.7
│  ├─ Instances: 1
│  └─ Version: 1.0.7
│
├─ tailwindcss@npm:3.4.3
│  ├─ Version: 3.4.3
│  │
│  ├─ Exported Binaries
│  │  ├─ tailwind
│  │  └─ tailwindcss
│  │
│  └─ Dependencies
│     ├─ @alloc/quick-lru@npm:^5.2.0 → npm:5.2.0
│     ├─ arg@npm:^5.0.2 → npm:5.0.2
│     ├─ chokidar@npm:^3.5.3 → npm:3.6.0
│     ├─ didyoumean@npm:^1.2.2 → npm:1.2.2
│     ├─ dlv@npm:^1.1.3 → npm:1.1.3
│     ├─ fast-glob@npm:^3.3.0 → npm:3.3.2
│     ├─ glob-parent@npm:^6.0.2 → npm:6.0.2
│     ├─ is-glob@npm:^4.0.3 → npm:4.0.3
│     ├─ jiti@npm:^1.21.0 → npm:1.21.0
│     ├─ lilconfig@npm:^2.1.0 → npm:2.1.0
│     ├─ micromatch@npm:^4.0.5 → npm:4.0.5
│     ├─ normalize-path@npm:^3.0.0 → npm:3.0.0
│     ├─ object-hash@npm:^3.0.0 → npm:3.0.0
│     ├─ picocolors@npm:^1.0.0 → npm:1.0.0
│     ├─ postcss-selector-parser@npm:^6.0.11 → npm:6.0.16
│     ├─ postcss@npm:^8.4.23 → npm:8.4.38
│     ├─ resolve@patch:resolve@^1.22.2#~builtin<compat/resolve> → patch:resolve@npm%3A1.22.8#~builtin<compat/resolve>::version=1.22.8&hash=07638b
│     ├─ sucrase@npm:^3.32.0 → npm:3.35.0
│     ├─ postcss-import@npm:^15.1.0 → npm:15.1.0 [deb88]
│     ├─ postcss-js@npm:^4.0.1 → npm:4.0.1 [deb88]
│     ├─ postcss-load-config@npm:^4.0.1 → npm:4.0.2 [deb88]
│     └─ postcss-nested@npm:^6.0.1 → npm:6.0.1 [deb88]
│
├─ tsup@npm:7.2.0
│  ├─ Instances: 1
│  ├─ Version: 7.2.0
│  │
│  ├─ Exported Binaries
│  │  ├─ tsup
│  │  └─ tsup-node
│  │
│  └─ Dependencies
│     ├─ bundle-require@npm:^4.0.0 → npm:4.1.0
│     ├─ cac@npm:^6.7.12 → npm:6.7.14
│     ├─ chokidar@npm:^3.5.1 → npm:3.6.0
│     ├─ debug@npm:^4.3.1 → npm:4.3.4
│     ├─ esbuild@npm:^0.18.2 → npm:0.18.20
│     ├─ execa@npm:^5.0.0 → npm:5.1.1
│     ├─ globby@npm:^11.0.3 → npm:11.1.0
│     ├─ joycon@npm:^3.0.1 → npm:3.1.1
│     ├─ postcss-load-config@npm:^4.0.1 → npm:4.0.2
│     ├─ resolve-from@npm:^5.0.0 → npm:5.0.0
│     ├─ rollup@npm:^3.2.5 → npm:3.29.4
│     ├─ source-map@npm:0.8.0-beta.0 → npm:0.8.0-beta.0
│     ├─ sucrase@npm:^3.20.3 → npm:3.35.0
│     └─ tree-kill@npm:^1.2.2 → npm:1.2.2
│
└─ typescript@patch:typescript@npm%3A5.4.5#~builtin<compat/typescript>::version=5.4.5&hash=7ad353
   ├─ Version: 5.4.5
   │
   └─ Exported Binaries
      ├─ tsc
      └─ tsserver
