├─ @medusajs/icons@workspace:packages/design-system/icons
│  ├─ Instances: 1
│  ├─ Version: 2.0.7
│  │
│  └─ Dependencies
│     ├─ @medusajs/toolbox@^2.0.7 → workspace:packages/design-system/toolbox
│     ├─ @testing-library/dom@npm:^9.3.1 → npm:9.3.4
│     ├─ @testing-library/jest-dom@npm:^5.16.5 → npm:5.17.0
│     ├─ @types/jsdom@npm:^21.1.1 → npm:21.1.6
│     ├─ @types/react-dom@npm:^18.2.6 → npm:18.3.0
│     ├─ @types/react@npm:^18.2.14 → npm:18.3.1
│     ├─ esbuild@npm:^0.18.11 → npm:0.18.20
│     ├─ eslint@npm:^7.32.0 → npm:7.32.0
│     ├─ react@npm:^18.2.0 → npm:18.3.1
│     ├─ resize-observer-polyfill@npm:^1.5.1 → npm:1.5.1
│     ├─ rimraf@npm:^5.0.1 → npm:5.0.5
│     ├─ rollup@npm:^3.26.0 → npm:3.29.4
│     ├─ typescript@patch:typescript@^5.1.6#~builtin<compat/typescript> → patch:typescript@npm%3A5.4.5#~builtin<compat/typescript>::version=5.4.5&hash=7ad353
│     ├─ @atomico/rollup-plugin-sizes@npm:^1.1.4 → npm:1.1.4 [5b6b4]
│     ├─ @rollup/plugin-node-resolve@npm:^15.1.0 → npm:15.2.3 [5b6b4]
│     ├─ @rollup/plugin-replace@npm:^5.0.2 → npm:5.0.5 [5b6b4]
│     ├─ @testing-library/react@npm:^14.0.0 → npm:14.3.1 [5b6b4]
│     ├─ jsdom@npm:^22.1.0 → npm:22.1.0 [5b6b4]
│     ├─ react-dom@npm:^18.2.0 → npm:18.3.1 [02016]
│     ├─ rollup-plugin-esbuild@npm:^5.0.0 → npm:5.0.0 [5b6b4]
│     ├─ rollup-plugin-license@npm:^3.0.1 → npm:3.3.1 [5b6b4]
│     ├─ rollup-plugin-ts@npm:^3.2.0 → npm:3.4.5 [5b6b4]
│     ├─ rollup-plugin-visualizer@npm:^5.9.2 → npm:5.12.0 [5b6b4]
│     ├─ vite@npm:^4.3.9 → npm:4.5.3 [5b6b4]
│     └─ vitest@npm:^0.32.2 → npm:0.32.4 [5b6b4]
│
├─ @medusajs/ui-preset@workspace:packages/design-system/ui-preset
│  ├─ Instances: 1
│  ├─ Version: 2.0.7
│  │
│  └─ Dependencies
│     ├─ @medusajs/toolbox@^2.0.7 → workspace:packages/design-system/toolbox
│     ├─ tailwindcss@npm:^3.4.1 → npm:3.4.3
│     ├─ typescript@patch:typescript@^5.1.6#~builtin<compat/typescript> → patch:typescript@npm%3A5.4.5#~builtin<compat/typescript>::version=5.4.5&hash=7ad353
│     ├─ @tailwindcss/forms@npm:^0.5.3 → npm:0.5.7 [75fc2]
│     ├─ tailwindcss-animate@npm:^1.0.6 → npm:1.0.7 [75fc2]
│     └─ tsup@npm:^7.1.0 → npm:7.2.0 [75fc2]
│
├─ @medusajs/ui@workspace:packages/design-system/ui
│  ├─ Version: 4.0.1
│  │
│  └─ Dependencies
│     ├─ @storybook/testing-library@npm:^0.2.2 → npm:0.2.2
│     ├─ @testing-library/dom@npm:^9.3.1 → npm:9.3.4
│     ├─ @testing-library/jest-dom@npm:^5.16.5 → npm:5.17.0
│     ├─ @types/jsdom@npm:^21.1.1 → npm:21.1.6
│     ├─ @types/react-dom@npm:^18.2.0 → npm:18.3.0
│     ├─ @types/react@npm:^18.2.0 → npm:18.3.1
│     ├─ chromatic@npm:^6.20.0 → npm:6.24.1
│     ├─ clsx@npm:^1.2.1 → npm:1.2.1
│     ├─ copy-to-clipboard@npm:^3.3.3 → npm:3.3.3
│     ├─ eslint@npm:^7.32.0 → npm:7.32.0
│     ├─ postcss@npm:^8.4.38 → npm:8.4.38
│     ├─ prismjs@npm:^1.29.0 → npm:1.29.0
│     ├─ prop-types@npm:^15.8.1 → npm:15.8.1
│     ├─ react@npm:^18.2.0 → npm:18.3.1
│     ├─ resize-observer-polyfill@npm:^1.5.1 → npm:1.5.1
│     ├─ rimraf@npm:^5.0.1 → npm:5.0.5
│     ├─ storybook@npm:^8.3.5 → npm:8.3.5
│     ├─ tailwind-merge@npm:^2.2.1 → npm:2.3.0
│     ├─ tailwindcss@npm:^3.4.3 → npm:3.4.3
│     ├─ tsc-alias@npm:^1.8.7 → npm:1.8.8
│     ├─ typescript@patch:typescript@^5.1.6#~builtin<compat/typescript> → patch:typescript@npm%3A5.4.5#~builtin<compat/typescript>::version=5.4.5&hash=7ad353
│     ├─ vite-plugin-turbosnap@npm:^1.0.2 → npm:1.0.3
│     ├─ @medusajs/icons@2.0.7 → workspace:packages/design-system/icons [02016]
│     ├─ @medusajs/ui-preset@2.0.7 → workspace:packages/design-system/ui-preset [02016]
│     ├─ @radix-ui/react-accordion@npm:1.2.0 → npm:1.2.0 [0be73]
│     ├─ @radix-ui/react-alert-dialog@npm:1.1.1 → npm:1.1.1 [0be73]
│     ├─ @radix-ui/react-avatar@npm:1.1.0 → npm:1.1.0 [0be73]
│     ├─ @radix-ui/react-checkbox@npm:1.1.1 → npm:1.1.1 [0be73]
│     ├─ @radix-ui/react-dialog@npm:1.1.1 → npm:1.1.1 [0be73]
│     ├─ @radix-ui/react-dropdown-menu@npm:2.1.1 → npm:2.1.1 [0be73]
│     ├─ @radix-ui/react-label@npm:2.1.0 → npm:2.1.0 [0be73]
│     ├─ @radix-ui/react-popover@npm:1.1.1 → npm:1.1.1 [0be73]
│     ├─ @radix-ui/react-portal@npm:1.1.1 → npm:1.1.1 [0be73]
│     ├─ @radix-ui/react-radio-group@npm:1.2.0 → npm:1.2.0 [0be73]
│     ├─ @radix-ui/react-select@npm:2.1.1 → npm:2.1.1 [0be73]
│     ├─ @radix-ui/react-slot@npm:1.1.0 → npm:1.1.0 [0be73]
│     ├─ @radix-ui/react-switch@npm:1.1.0 → npm:1.1.0 [0be73]
│     ├─ @radix-ui/react-tabs@npm:1.1.0 → npm:1.1.0 [0be73]
│     ├─ @radix-ui/react-tooltip@npm:1.1.2 → npm:1.1.2 [0be73]
│     ├─ @storybook/addon-essentials@npm:^8.3.5 → npm:8.3.5 [0be73]
│     ├─ @storybook/addon-interactions@npm:^8.3.5 → npm:8.3.5 [0be73]
│     ├─ @storybook/addon-links@npm:^8.3.5 → npm:8.3.5 [0be73]
│     ├─ @storybook/addon-styling@npm:^1.3.7 → npm:1.3.7 [0be73]
│     ├─ @storybook/blocks@npm:^8.3.5 → npm:8.3.5 [0be73]
│     ├─ @storybook/react-vite@npm:^8.3.5 → npm:8.3.5 [0be73]
│     ├─ @storybook/react@npm:^8.3.5 → npm:8.3.5 [0be73]
│     ├─ @testing-library/react@npm:^14.0.0 → npm:14.3.1 [5b6b4]
│     ├─ @testing-library/user-event@npm:^14.4.0 → npm:14.5.2 [4b028]
│     ├─ @vitejs/plugin-react@npm:^4.0.1 → npm:4.2.1 [0be73]
│     ├─ @vitest/coverage-v8@npm:^0.32.2 → npm:0.32.4 [0be73]
│     ├─ autoprefixer@npm:^10.1.0 → npm:10.4.19 [e2971]
│     ├─ cva@npm:1.0.0-beta.1 → npm:1.0.0-beta.1 [0be73]
│     ├─ eslint-plugin-storybook@npm:^0.6.12 → npm:0.6.15 [0be73]
│     ├─ jsdom@npm:^22.1.0 → npm:22.1.0 [5b6b4]
│     ├─ prism-react-renderer@npm:^2.0.6 → npm:2.3.1 [0be73]
│     ├─ react-aria@npm:^3.33.1 → npm:3.33.1 [0be73]
│     ├─ react-currency-input-field@npm:^3.6.11 → npm:3.8.0 [02016]
│     ├─ react-dom@npm:^18.2.0 → npm:18.3.1 [02016]
│     ├─ react-stately@npm:^3.31.1 → npm:3.31.1 [0be73]
│     ├─ sonner@npm:^1.5.0 → npm:1.5.0 [0be73]
│     ├─ vite@npm:^4.3.9 → npm:4.5.3 [5b6b4]
│     └─ vitest@npm:^0.32.2 → npm:0.32.4 [5b6b4]
│
├─ @radix-ui/react-accordion@npm:1.2.0
│  ├─ Instances: 1
│  ├─ Version: 1.2.0
│  │
│  └─ Dependencies
│     ├─ @radix-ui/primitive@npm:1.1.0 → npm:1.1.0
│     ├─ @radix-ui/react-collapsible@npm:1.1.0 → npm:1.1.0
│     ├─ @radix-ui/react-collection@npm:1.1.0 → npm:1.1.0
│     ├─ @radix-ui/react-compose-refs@npm:1.1.0 → npm:1.1.0
│     ├─ @radix-ui/react-context@npm:1.1.0 → npm:1.1.0
│     ├─ @radix-ui/react-direction@npm:1.1.0 → npm:1.1.0
│     ├─ @radix-ui/react-id@npm:1.1.0 → npm:1.1.0
│     ├─ @radix-ui/react-primitive@npm:2.0.0 → npm:2.0.0
│     └─ @radix-ui/react-use-controllable-state@npm:1.1.0 → npm:1.1.0
│
├─ @radix-ui/react-alert-dialog@npm:1.1.1
│  ├─ Instances: 1
│  ├─ Version: 1.1.1
│  │
│  └─ Dependencies
│     ├─ @radix-ui/primitive@npm:1.1.0 → npm:1.1.0
│     ├─ @radix-ui/react-compose-refs@npm:1.1.0 → npm:1.1.0
│     ├─ @radix-ui/react-context@npm:1.1.0 → npm:1.1.0
│     ├─ @radix-ui/react-dialog@npm:1.1.1 → npm:1.1.1
│     ├─ @radix-ui/react-primitive@npm:2.0.0 → npm:2.0.0
│     └─ @radix-ui/react-slot@npm:1.1.0 → npm:1.1.0
│
├─ @radix-ui/react-avatar@npm:1.1.0
│  ├─ Instances: 1
│  ├─ Version: 1.1.0
│  │
│  └─ Dependencies
│     ├─ @radix-ui/react-context@npm:1.1.0 → npm:1.1.0
│     ├─ @radix-ui/react-primitive@npm:2.0.0 → npm:2.0.0
│     ├─ @radix-ui/react-use-callback-ref@npm:1.1.0 → npm:1.1.0
│     └─ @radix-ui/react-use-layout-effect@npm:1.1.0 → npm:1.1.0
│
├─ @radix-ui/react-checkbox@npm:1.1.1
│  ├─ Instances: 1
│  ├─ Version: 1.1.1
│  │
│  └─ Dependencies
│     ├─ @radix-ui/primitive@npm:1.1.0 → npm:1.1.0
│     ├─ @radix-ui/react-compose-refs@npm:1.1.0 → npm:1.1.0
│     ├─ @radix-ui/react-context@npm:1.1.0 → npm:1.1.0
│     ├─ @radix-ui/react-presence@npm:1.1.0 → npm:1.1.0
│     ├─ @radix-ui/react-primitive@npm:2.0.0 → npm:2.0.0
│     ├─ @radix-ui/react-use-controllable-state@npm:1.1.0 → npm:1.1.0
│     ├─ @radix-ui/react-use-previous@npm:1.1.0 → npm:1.1.0
│     └─ @radix-ui/react-use-size@npm:1.1.0 → npm:1.1.0
│
├─ @radix-ui/react-dialog@npm:1.1.1
│  ├─ Instances: 1
│  ├─ Version: 1.1.1
│  │
│  └─ Dependencies
│     ├─ @radix-ui/primitive@npm:1.1.0 → npm:1.1.0
│     ├─ @radix-ui/react-compose-refs@npm:1.1.0 → npm:1.1.0
│     ├─ @radix-ui/react-context@npm:1.1.0 → npm:1.1.0
│     ├─ @radix-ui/react-dismissable-layer@npm:1.1.0 → npm:1.1.0
│     ├─ @radix-ui/react-focus-guards@npm:1.1.0 → npm:1.1.0
│     ├─ @radix-ui/react-focus-scope@npm:1.1.0 → npm:1.1.0
│     ├─ @radix-ui/react-id@npm:1.1.0 → npm:1.1.0
│     ├─ @radix-ui/react-portal@npm:1.1.1 → npm:1.1.1
│     ├─ @radix-ui/react-presence@npm:1.1.0 → npm:1.1.0
│     ├─ @radix-ui/react-primitive@npm:2.0.0 → npm:2.0.0
│     ├─ @radix-ui/react-slot@npm:1.1.0 → npm:1.1.0
│     ├─ @radix-ui/react-use-controllable-state@npm:1.1.0 → npm:1.1.0
│     ├─ aria-hidden@npm:^1.1.1 → npm:1.2.4
│     └─ react-remove-scroll@npm:2.5.7 → npm:2.5.7
│
├─ @radix-ui/react-dropdown-menu@npm:2.1.1
│  ├─ Instances: 1
│  ├─ Version: 2.1.1
│  │
│  └─ Dependencies
│     ├─ @radix-ui/primitive@npm:1.1.0 → npm:1.1.0
│     ├─ @radix-ui/react-compose-refs@npm:1.1.0 → npm:1.1.0
│     ├─ @radix-ui/react-context@npm:1.1.0 → npm:1.1.0
│     ├─ @radix-ui/react-id@npm:1.1.0 → npm:1.1.0
│     ├─ @radix-ui/react-menu@npm:2.1.1 → npm:2.1.1
│     ├─ @radix-ui/react-primitive@npm:2.0.0 → npm:2.0.0
│     └─ @radix-ui/react-use-controllable-state@npm:1.1.0 → npm:1.1.0
│
├─ @radix-ui/react-label@npm:2.1.0
│  ├─ Instances: 1
│  ├─ Version: 2.1.0
│  │
│  └─ Dependencies
│     └─ @radix-ui/react-primitive@npm:2.0.0 → npm:2.0.0
│
├─ @radix-ui/react-popover@npm:1.1.1
│  ├─ Instances: 1
│  ├─ Version: 1.1.1
│  │
│  └─ Dependencies
│     ├─ @radix-ui/primitive@npm:1.1.0 → npm:1.1.0
│     ├─ @radix-ui/react-compose-refs@npm:1.1.0 → npm:1.1.0
│     ├─ @radix-ui/react-context@npm:1.1.0 → npm:1.1.0
│     ├─ @radix-ui/react-dismissable-layer@npm:1.1.0 → npm:1.1.0
│     ├─ @radix-ui/react-focus-guards@npm:1.1.0 → npm:1.1.0
│     ├─ @radix-ui/react-focus-scope@npm:1.1.0 → npm:1.1.0
│     ├─ @radix-ui/react-id@npm:1.1.0 → npm:1.1.0
│     ├─ @radix-ui/react-popper@npm:1.2.0 → npm:1.2.0
│     ├─ @radix-ui/react-portal@npm:1.1.1 → npm:1.1.1
│     ├─ @radix-ui/react-presence@npm:1.1.0 → npm:1.1.0
│     ├─ @radix-ui/react-primitive@npm:2.0.0 → npm:2.0.0
│     ├─ @radix-ui/react-slot@npm:1.1.0 → npm:1.1.0
│     ├─ @radix-ui/react-use-controllable-state@npm:1.1.0 → npm:1.1.0
│     ├─ aria-hidden@npm:^1.1.1 → npm:1.2.4
│     └─ react-remove-scroll@npm:2.5.7 → npm:2.5.7
│
├─ @radix-ui/react-portal@npm:1.1.1
│  ├─ Instances: 1
│  ├─ Version: 1.1.1
│  │
│  └─ Dependencies
│     ├─ @radix-ui/react-primitive@npm:2.0.0 → npm:2.0.0
│     └─ @radix-ui/react-use-layout-effect@npm:1.1.0 → npm:1.1.0
│
├─ @radix-ui/react-radio-group@npm:1.2.0
│  ├─ Instances: 1
│  ├─ Version: 1.2.0
│  │
│  └─ Dependencies
│     ├─ @radix-ui/primitive@npm:1.1.0 → npm:1.1.0
│     ├─ @radix-ui/react-compose-refs@npm:1.1.0 → npm:1.1.0
│     ├─ @radix-ui/react-context@npm:1.1.0 → npm:1.1.0
│     ├─ @radix-ui/react-direction@npm:1.1.0 → npm:1.1.0
│     ├─ @radix-ui/react-presence@npm:1.1.0 → npm:1.1.0
│     ├─ @radix-ui/react-primitive@npm:2.0.0 → npm:2.0.0
│     ├─ @radix-ui/react-roving-focus@npm:1.1.0 → npm:1.1.0
│     ├─ @radix-ui/react-use-controllable-state@npm:1.1.0 → npm:1.1.0
│     ├─ @radix-ui/react-use-previous@npm:1.1.0 → npm:1.1.0
│     └─ @radix-ui/react-use-size@npm:1.1.0 → npm:1.1.0
│
├─ @radix-ui/react-select@npm:2.1.1
│  ├─ Instances: 1
│  ├─ Version: 2.1.1
│  │
│  └─ Dependencies
│     ├─ @radix-ui/number@npm:1.1.0 → npm:1.1.0
│     ├─ @radix-ui/primitive@npm:1.1.0 → npm:1.1.0
│     ├─ @radix-ui/react-collection@npm:1.1.0 → npm:1.1.0
│     ├─ @radix-ui/react-compose-refs@npm:1.1.0 → npm:1.1.0
│     ├─ @radix-ui/react-context@npm:1.1.0 → npm:1.1.0
│     ├─ @radix-ui/react-direction@npm:1.1.0 → npm:1.1.0
│     ├─ @radix-ui/react-dismissable-layer@npm:1.1.0 → npm:1.1.0
│     ├─ @radix-ui/react-focus-guards@npm:1.1.0 → npm:1.1.0
│     ├─ @radix-ui/react-focus-scope@npm:1.1.0 → npm:1.1.0
│     ├─ @radix-ui/react-id@npm:1.1.0 → npm:1.1.0
│     ├─ @radix-ui/react-popper@npm:1.2.0 → npm:1.2.0
│     ├─ @radix-ui/react-portal@npm:1.1.1 → npm:1.1.1
│     ├─ @radix-ui/react-primitive@npm:2.0.0 → npm:2.0.0
│     ├─ @radix-ui/react-slot@npm:1.1.0 → npm:1.1.0
│     ├─ @radix-ui/react-use-callback-ref@npm:1.1.0 → npm:1.1.0
│     ├─ @radix-ui/react-use-controllable-state@npm:1.1.0 → npm:1.1.0
│     ├─ @radix-ui/react-use-layout-effect@npm:1.1.0 → npm:1.1.0
│     ├─ @radix-ui/react-use-previous@npm:1.1.0 → npm:1.1.0
│     ├─ @radix-ui/react-visually-hidden@npm:1.1.0 → npm:1.1.0
│     ├─ aria-hidden@npm:^1.1.1 → npm:1.2.4
│     └─ react-remove-scroll@npm:2.5.7 → npm:2.5.7
│
├─ @radix-ui/react-slot@npm:1.1.0
│  ├─ Instances: 1
│  ├─ Version: 1.1.0
│  │
│  └─ Dependencies
│     └─ @radix-ui/react-compose-refs@npm:1.1.0 → npm:1.1.0
│
├─ @radix-ui/react-switch@npm:1.1.0
│  ├─ Instances: 1
│  ├─ Version: 1.1.0
│  │
│  └─ Dependencies
│     ├─ @radix-ui/primitive@npm:1.1.0 → npm:1.1.0
│     ├─ @radix-ui/react-compose-refs@npm:1.1.0 → npm:1.1.0
│     ├─ @radix-ui/react-context@npm:1.1.0 → npm:1.1.0
│     ├─ @radix-ui/react-primitive@npm:2.0.0 → npm:2.0.0
│     ├─ @radix-ui/react-use-controllable-state@npm:1.1.0 → npm:1.1.0
│     ├─ @radix-ui/react-use-previous@npm:1.1.0 → npm:1.1.0
│     └─ @radix-ui/react-use-size@npm:1.1.0 → npm:1.1.0
│
├─ @radix-ui/react-tabs@npm:1.1.0
│  ├─ Instances: 1
│  ├─ Version: 1.1.0
│  │
│  └─ Dependencies
│     ├─ @radix-ui/primitive@npm:1.1.0 → npm:1.1.0
│     ├─ @radix-ui/react-context@npm:1.1.0 → npm:1.1.0
│     ├─ @radix-ui/react-direction@npm:1.1.0 → npm:1.1.0
│     ├─ @radix-ui/react-id@npm:1.1.0 → npm:1.1.0
│     ├─ @radix-ui/react-presence@npm:1.1.0 → npm:1.1.0
│     ├─ @radix-ui/react-primitive@npm:2.0.0 → npm:2.0.0
│     ├─ @radix-ui/react-roving-focus@npm:1.1.0 → npm:1.1.0
│     └─ @radix-ui/react-use-controllable-state@npm:1.1.0 → npm:1.1.0
│
├─ @radix-ui/react-tooltip@npm:1.1.2
│  ├─ Instances: 1
│  ├─ Version: 1.1.2
│  │
│  └─ Dependencies
│     ├─ @radix-ui/primitive@npm:1.1.0 → npm:1.1.0
│     ├─ @radix-ui/react-compose-refs@npm:1.1.0 → npm:1.1.0
│     ├─ @radix-ui/react-context@npm:1.1.0 → npm:1.1.0
│     ├─ @radix-ui/react-dismissable-layer@npm:1.1.0 → npm:1.1.0
│     ├─ @radix-ui/react-id@npm:1.1.0 → npm:1.1.0
│     ├─ @radix-ui/react-popper@npm:1.2.0 → npm:1.2.0
│     ├─ @radix-ui/react-portal@npm:1.1.1 → npm:1.1.1
│     ├─ @radix-ui/react-presence@npm:1.1.0 → npm:1.1.0
│     ├─ @radix-ui/react-primitive@npm:2.0.0 → npm:2.0.0
│     ├─ @radix-ui/react-slot@npm:1.1.0 → npm:1.1.0
│     ├─ @radix-ui/react-use-controllable-state@npm:1.1.0 → npm:1.1.0
│     └─ @radix-ui/react-visually-hidden@npm:1.1.0 → npm:1.1.0
│
├─ @storybook/addon-essentials@npm:8.3.5
│  ├─ Instances: 1
│  ├─ Version: 8.3.5
│  │
│  └─ Dependencies
│     ├─ @storybook/addon-actions@npm:8.3.5 → npm:8.3.5
│     ├─ @storybook/addon-backgrounds@npm:8.3.5 → npm:8.3.5
│     ├─ @storybook/addon-controls@npm:8.3.5 → npm:8.3.5
│     ├─ @storybook/addon-docs@npm:8.3.5 → npm:8.3.5
│     ├─ @storybook/addon-highlight@npm:8.3.5 → npm:8.3.5
│     ├─ @storybook/addon-measure@npm:8.3.5 → npm:8.3.5
│     ├─ @storybook/addon-outline@npm:8.3.5 → npm:8.3.5
│     ├─ @storybook/addon-toolbars@npm:8.3.5 → npm:8.3.5
│     ├─ @storybook/addon-viewport@npm:8.3.5 → npm:8.3.5
│     └─ ts-dedent@npm:^2.0.0 → npm:2.2.0
│
├─ @storybook/addon-interactions@npm:8.3.5
│  ├─ Instances: 1
│  ├─ Version: 8.3.5
│  │
│  └─ Dependencies
│     ├─ @storybook/global@npm:^5.0.0 → npm:5.0.0
│     ├─ @storybook/instrumenter@npm:8.3.5 → npm:8.3.5
│     ├─ @storybook/test@npm:8.3.5 → npm:8.3.5
│     ├─ polished@npm:^4.2.2 → npm:4.3.1
│     └─ ts-dedent@npm:^2.2.0 → npm:2.2.0
│
├─ @storybook/addon-links@npm:8.3.5
│  ├─ Instances: 1
│  ├─ Version: 8.3.5
│  │
│  └─ Dependencies
│     ├─ @storybook/csf@npm:^0.1.11 → npm:0.1.11
│     ├─ @storybook/global@npm:^5.0.0 → npm:5.0.0
│     └─ ts-dedent@npm:^2.0.0 → npm:2.2.0
│
├─ @storybook/addon-styling@npm:1.3.7
│  ├─ Instances: 1
│  ├─ Version: 1.3.7
│  │
│  ├─ Exported Binaries
│  │  └─ addon-styling-setup
│  │
│  └─ Dependencies
│     ├─ @babel/template@npm:^7.20.7 → npm:7.24.0
│     ├─ @babel/types@npm:^7.21.5 → npm:7.24.5
│     ├─ @storybook/api@npm:^7.0.12 → npm:7.6.19
│     ├─ @storybook/components@npm:^7.0.12 → npm:7.6.19
│     ├─ @storybook/core-common@npm:^7.0.12 → npm:7.6.19
│     ├─ @storybook/core-events@npm:^7.0.12 → npm:7.6.19
│     ├─ @storybook/manager-api@npm:^7.0.12 → npm:7.6.19
│     ├─ @storybook/node-logger@npm:^7.0.12 → npm:7.6.19
│     ├─ @storybook/preview-api@npm:^7.0.12 → npm:7.6.19
│     ├─ @storybook/theming@npm:^7.0.12 → npm:7.6.19
│     ├─ @storybook/types@npm:^7.0.12 → npm:7.6.19
│     ├─ css-loader@npm:^6.7.3 → npm:6.11.0
│     ├─ less-loader@npm:^11.1.0 → npm:11.1.4
│     ├─ postcss-loader@npm:^7.2.4 → npm:7.3.4
│     ├─ prettier@npm:^2.8.0 → npm:2.8.8
│     ├─ resolve-url-loader@npm:^5.0.0 → npm:5.0.0
│     ├─ sass-loader@npm:^13.2.2 → npm:13.3.3
│     └─ style-loader@npm:^3.3.2 → npm:3.3.4
│
├─ @storybook/blocks@npm:8.3.5
│  ├─ Instances: 1
│  ├─ Version: 8.3.5
│  │
│  └─ Dependencies
│     ├─ @storybook/csf@npm:^0.1.11 → npm:0.1.11
│     ├─ @storybook/global@npm:^5.0.0 → npm:5.0.0
│     ├─ @storybook/icons@npm:^1.2.10 → npm:1.2.12
│     ├─ @types/lodash@npm:^4.14.167 → npm:4.17.1
│     ├─ color-convert@npm:^2.0.1 → npm:2.0.1
│     ├─ dequal@npm:^2.0.2 → npm:2.0.3
│     ├─ lodash@npm:^4.17.21 → npm:4.17.21
│     ├─ markdown-to-jsx@npm:^7.4.5 → npm:7.5.0
│     ├─ memoizerific@npm:^1.11.3 → npm:1.11.3
│     ├─ polished@npm:^4.2.2 → npm:4.3.1
│     ├─ react-colorful@npm:^5.1.2 → npm:5.6.1
│     ├─ telejson@npm:^7.2.0 → npm:7.2.0
│     ├─ ts-dedent@npm:^2.0.0 → npm:2.2.0
│     └─ util-deprecate@npm:^1.0.2 → npm:1.0.2
│
├─ @storybook/react-vite@npm:8.3.5
│  ├─ Instances: 1
│  ├─ Version: 8.3.5
│  │
│  └─ Dependencies
│     ├─ @joshwooding/vite-plugin-react-docgen-typescript@npm:0.3.0 → npm:0.3.0
│     ├─ @rollup/pluginutils@npm:^5.0.2 → npm:5.1.0
│     ├─ @storybook/builder-vite@npm:8.3.5 → npm:8.3.5
│     ├─ @storybook/react@npm:8.3.5 → npm:8.3.5
│     ├─ find-up@npm:^5.0.0 → npm:5.0.0
│     ├─ magic-string@npm:^0.30.0 → npm:0.30.10
│     ├─ react-docgen@npm:^7.0.0 → npm:7.0.3
│     ├─ resolve@patch:resolve@^1.22.8#~builtin<compat/resolve> → patch:resolve@npm%3A1.22.8#~builtin<compat/resolve>::version=1.22.8&hash=07638b
│     └─ tsconfig-paths@npm:^4.2.0 → npm:4.2.0
│
├─ @storybook/react@npm:8.3.5
│  ├─ Instances: 1
│  ├─ Version: 8.3.5
│  │
│  └─ Dependencies
│     ├─ @storybook/components@npm:^8.3.5 → npm:8.3.5
│     ├─ @storybook/global@npm:^5.0.0 → npm:5.0.0
│     ├─ @storybook/manager-api@npm:^8.3.5 → npm:8.3.5
│     ├─ @storybook/preview-api@npm:^8.3.5 → npm:8.3.5
│     ├─ @storybook/react-dom-shim@npm:8.3.5 → npm:8.3.5
│     ├─ @storybook/theming@npm:^8.3.5 → npm:8.3.5
│     ├─ @types/escodegen@npm:^0.0.6 → npm:0.0.6
│     ├─ @types/estree@npm:^0.0.51 → npm:0.0.51
│     ├─ @types/node@npm:^22.0.0 → npm:22.7.5
│     ├─ acorn-jsx@npm:^5.3.1 → npm:5.3.2
│     ├─ acorn-walk@npm:^7.2.0 → npm:7.2.0
│     ├─ acorn@npm:^7.4.1 → npm:7.4.1
│     ├─ escodegen@npm:^2.1.0 → npm:2.1.0
│     ├─ html-tags@npm:^3.1.0 → npm:3.3.1
│     ├─ prop-types@npm:^15.7.2 → npm:15.8.1
│     ├─ react-element-to-jsx-string@npm:^15.0.0 → npm:15.0.0
│     ├─ semver@npm:^7.3.7 → npm:7.6.0
│     ├─ ts-dedent@npm:^2.0.0 → npm:2.2.0
│     ├─ type-fest@npm:~2.19 → npm:2.19.0
│     └─ util-deprecate@npm:^1.0.2 → npm:1.0.2
│
├─ @storybook/testing-library@npm:0.2.2
│  ├─ Version: 0.2.2
│  │
│  └─ Dependencies
│     ├─ @testing-library/dom@npm:^9.0.0 → npm:9.3.4
│     ├─ ts-dedent@npm:^2.2.0 → npm:2.2.0
│     └─ @testing-library/user-event@npm:^14.4.0 → npm:14.5.2 [4b028]
│
├─ @testing-library/dom@npm:9.3.4
│  ├─ Version: 9.3.4
│  │
│  └─ Dependencies
│     ├─ @babel/code-frame@npm:^7.10.4 → npm:7.24.2
│     ├─ @babel/runtime@npm:^7.12.5 → npm:7.24.5
│     ├─ @types/aria-query@npm:^5.0.1 → npm:5.0.4
│     ├─ aria-query@npm:5.1.3 → npm:5.1.3
│     ├─ chalk@npm:^4.1.0 → npm:4.1.2
│     ├─ dom-accessibility-api@npm:^0.5.9 → npm:0.5.16
│     ├─ lz-string@npm:^1.5.0 → npm:1.5.0
│     └─ pretty-format@npm:^27.0.2 → npm:27.5.1
│
├─ @testing-library/jest-dom@npm:5.17.0
│  ├─ Version: 5.17.0
│  │
│  └─ Dependencies
│     ├─ @adobe/css-tools@npm:^4.0.1 → npm:4.3.3
│     ├─ @babel/runtime@npm:^7.9.2 → npm:7.24.5
│     ├─ @types/testing-library__jest-dom@npm:^5.9.1 → npm:5.14.9
│     ├─ aria-query@npm:^5.0.0 → npm:5.3.0
│     ├─ chalk@npm:^3.0.0 → npm:3.0.0
│     ├─ css.escape@npm:^1.5.1 → npm:1.5.1
│     ├─ dom-accessibility-api@npm:^0.5.6 → npm:0.5.16
│     ├─ lodash@npm:^4.17.15 → npm:4.17.21
│     └─ redent@npm:^3.0.0 → npm:3.0.0
│
├─ @testing-library/react@npm:14.3.1
│  ├─ Instances: 1
│  ├─ Version: 14.3.1
│  │
│  └─ Dependencies
│     ├─ @babel/runtime@npm:^7.12.5 → npm:7.24.5
│     ├─ @testing-library/dom@npm:^9.0.0 → npm:9.3.4
│     └─ @types/react-dom@npm:^18.0.0 → npm:18.3.0
│
├─ @testing-library/user-event@npm:14.5.2
│  ├─ Instances: 1
│  └─ Version: 14.5.2
│
├─ @types/jsdom@npm:21.1.6
│  ├─ Version: 21.1.6
│  │
│  └─ Dependencies
│     ├─ @types/node@npm:* → npm:20.12.10
│     ├─ @types/tough-cookie@npm:* → npm:4.0.5
│     └─ parse5@npm:^7.0.0 → npm:7.1.2
│
├─ @types/react-dom@npm:18.3.0
│  ├─ Version: 18.3.0
│  │
│  └─ Dependencies
│     └─ @types/react@npm:* → npm:18.3.1
│
├─ @types/react@npm:18.3.1
│  ├─ Version: 18.3.1
│  │
│  └─ Dependencies
│     ├─ @types/prop-types@npm:* → npm:15.7.12
│     └─ csstype@npm:^3.0.2 → npm:3.1.3
│
├─ @vitejs/plugin-react@npm:4.2.1
│  ├─ Instances: 1
│  ├─ Version: 4.2.1
│  │
│  └─ Dependencies
│     ├─ @babel/core@npm:^7.23.5 → npm:7.24.5
│     ├─ @babel/plugin-transform-react-jsx-self@npm:^7.23.3 → npm:7.24.5
│     ├─ @babel/plugin-transform-react-jsx-source@npm:^7.23.3 → npm:7.24.1
│     ├─ @types/babel__core@npm:^7.20.5 → npm:7.20.5
│     └─ react-refresh@npm:^0.14.0 → npm:0.14.2
│
├─ @vitest/coverage-v8@npm:0.32.4
│  ├─ Instances: 1
│  ├─ Version: 0.32.4
│  │
│  └─ Dependencies
│     ├─ @ampproject/remapping@npm:^2.2.1 → npm:2.3.0
│     ├─ @bcoe/v8-coverage@npm:^0.2.3 → npm:0.2.3
│     ├─ istanbul-lib-coverage@npm:^3.2.0 → npm:3.2.2
│     ├─ istanbul-lib-report@npm:^3.0.0 → npm:3.0.1
│     ├─ istanbul-lib-source-maps@npm:^4.0.1 → npm:4.0.1
│     ├─ istanbul-reports@npm:^3.1.5 → npm:3.1.7
│     ├─ magic-string@npm:^0.30.0 → npm:0.30.10
│     ├─ picocolors@npm:^1.0.0 → npm:1.0.0
│     ├─ std-env@npm:^3.3.3 → npm:3.7.0
│     ├─ test-exclude@npm:^6.0.0 → npm:6.0.0
│     └─ v8-to-istanbul@npm:^9.1.0 → npm:9.2.0
│
├─ autoprefixer@npm:10.4.19
│  ├─ Instances: 1
│  ├─ Version: 10.4.19
│  │
│  ├─ Exported Binaries
│  │  └─ autoprefixer
│  │
│  └─ Dependencies
│     ├─ browserslist@npm:^4.23.0 → npm:4.23.0
│     ├─ caniuse-lite@npm:^1.0.30001599 → npm:1.0.30001616
│     ├─ fraction.js@npm:^4.3.7 → npm:4.3.7
│     ├─ normalize-range@npm:^0.1.2 → npm:0.1.2
│     ├─ picocolors@npm:^1.0.0 → npm:1.0.0
│     └─ postcss-value-parser@npm:^4.2.0 → npm:4.2.0
│
├─ chromatic@npm:6.24.1
│  ├─ Version: 6.24.1
│  │
│  └─ Exported Binaries
│     ├─ chroma
│     ├─ chromatic
│     └─ chromatic-cli
│
├─ clsx@npm:1.2.1
│  └─ Version: 1.2.1
│
├─ copy-to-clipboard@npm:3.3.3
│  ├─ Version: 3.3.3
│  │
│  └─ Dependencies
│     └─ toggle-selection@npm:^1.0.6 → npm:1.0.6
│
├─ cva@npm:1.0.0-beta.1
│  ├─ Instances: 1
│  ├─ Version: 1.0.0-beta.1
│  │
│  └─ Dependencies
│     └─ clsx@npm:2.0.0 → npm:2.0.0
│
├─ eslint-plugin-storybook@npm:0.6.15
│  ├─ Instances: 1
│  ├─ Version: 0.6.15
│  │
│  └─ Dependencies
│     ├─ @storybook/csf@npm:^0.0.1 → npm:0.0.1
│     ├─ @typescript-eslint/utils@npm:^5.45.0 → npm:5.62.0
│     ├─ requireindex@npm:^1.1.0 → npm:1.2.0
│     └─ ts-dedent@npm:^2.2.0 → npm:2.2.0
│
├─ eslint@npm:7.32.0
│  ├─ Version: 7.32.0
│  │
│  ├─ Exported Binaries
│  │  └─ eslint
│  │
│  └─ Dependencies
│     ├─ @babel/code-frame@npm:7.12.11 → npm:7.12.11
│     ├─ @eslint/eslintrc@npm:^0.4.3 → npm:0.4.3
│     ├─ @humanwhocodes/config-array@npm:^0.5.0 → npm:0.5.0
│     ├─ ajv@npm:^6.10.0 → npm:6.12.6
│     ├─ chalk@npm:^4.0.0 → npm:4.1.2
│     ├─ cross-spawn@npm:^7.0.2 → npm:7.0.3
│     ├─ doctrine@npm:^3.0.0 → npm:3.0.0
│     ├─ enquirer@npm:^2.3.5 → npm:2.4.1
│     ├─ escape-string-regexp@npm:^4.0.0 → npm:4.0.0
│     ├─ eslint-scope@npm:^5.1.1 → npm:5.1.1
│     ├─ eslint-utils@npm:^2.1.0 → npm:2.1.0
│     ├─ eslint-visitor-keys@npm:^2.0.0 → npm:2.1.0
│     ├─ espree@npm:^7.3.1 → npm:7.3.1
│     ├─ esquery@npm:^1.4.0 → npm:1.5.0
│     ├─ esutils@npm:^2.0.2 → npm:2.0.3
│     ├─ fast-deep-equal@npm:^3.1.3 → npm:3.1.3
│     ├─ file-entry-cache@npm:^6.0.1 → npm:6.0.1
│     ├─ functional-red-black-tree@npm:^1.0.1 → npm:1.0.1
│     ├─ glob-parent@npm:^5.1.2 → npm:5.1.2
│     ├─ globals@npm:^13.6.0 → npm:13.24.0
│     ├─ ignore@npm:^4.0.6 → npm:4.0.6
│     ├─ import-fresh@npm:^3.0.0 → npm:3.3.0
│     ├─ imurmurhash@npm:^0.1.4 → npm:0.1.4
│     ├─ is-glob@npm:^4.0.0 → npm:4.0.3
│     ├─ js-yaml@npm:^3.13.1 → npm:3.14.1
│     ├─ json-stable-stringify-without-jsonify@npm:^1.0.1 → npm:1.0.1
│     ├─ levn@npm:^0.4.1 → npm:0.4.1
│     ├─ lodash.merge@npm:^4.6.2 → npm:4.6.2
│     ├─ minimatch@npm:^3.0.4 → npm:3.1.2
│     ├─ natural-compare@npm:^1.4.0 → npm:1.4.0
│     ├─ optionator@npm:^0.9.1 → npm:0.9.4
│     ├─ progress@npm:^2.0.0 → npm:2.0.3
│     ├─ regexpp@npm:^3.1.0 → npm:3.2.0
│     ├─ semver@npm:^7.2.1 → npm:7.6.0
│     ├─ strip-ansi@npm:^6.0.0 → npm:6.0.1
│     ├─ strip-json-comments@npm:^3.1.0 → npm:3.1.1
│     ├─ table@npm:^6.0.9 → npm:6.8.2
│     ├─ text-table@npm:^0.2.0 → npm:0.2.0
│     ├─ v8-compile-cache@npm:^2.0.3 → npm:2.4.0
│     └─ debug@npm:^4.3.2 → npm:4.3.4 [1ff4b]
│
├─ jsdom@npm:22.1.0
│  ├─ Instances: 1
│  ├─ Version: 22.1.0
│  │
│  └─ Dependencies
│     ├─ abab@npm:^2.0.6 → npm:2.0.6
│     ├─ cssstyle@npm:^3.0.0 → npm:3.0.0
│     ├─ data-urls@npm:^4.0.0 → npm:4.0.0
│     ├─ decimal.js@npm:^10.4.3 → npm:10.4.3
│     ├─ domexception@npm:^4.0.0 → npm:4.0.0
│     ├─ form-data@npm:^4.0.0 → npm:4.0.0
│     ├─ html-encoding-sniffer@npm:^3.0.0 → npm:3.0.0
│     ├─ http-proxy-agent@npm:^5.0.0 → npm:5.0.0
│     ├─ https-proxy-agent@npm:^5.0.1 → npm:5.0.1
│     ├─ is-potential-custom-element-name@npm:^1.0.1 → npm:1.0.1
│     ├─ nwsapi@npm:^2.2.4 → npm:2.2.9
│     ├─ parse5@npm:^7.1.2 → npm:7.1.2
│     ├─ rrweb-cssom@npm:^0.6.0 → npm:0.6.0
│     ├─ saxes@npm:^6.0.0 → npm:6.0.0
│     ├─ symbol-tree@npm:^3.2.4 → npm:3.2.4
│     ├─ tough-cookie@npm:^4.1.2 → npm:4.1.4
│     ├─ w3c-xmlserializer@npm:^4.0.0 → npm:4.0.0
│     ├─ webidl-conversions@npm:^7.0.0 → npm:7.0.0
│     ├─ whatwg-encoding@npm:^2.0.0 → npm:2.0.0
│     ├─ whatwg-mimetype@npm:^3.0.0 → npm:3.0.0
│     ├─ whatwg-url@npm:^12.0.1 → npm:12.0.1
│     ├─ ws@npm:^8.13.0 → npm:8.17.0
│     └─ xml-name-validator@npm:^4.0.0 → npm:4.0.0
│
├─ postcss@npm:8.4.38
│  ├─ Version: 8.4.38
│  │
│  └─ Dependencies
│     ├─ nanoid@npm:^3.3.7 → npm:3.3.7
│     ├─ picocolors@npm:^1.0.0 → npm:1.0.0
│     └─ source-map-js@npm:^1.2.0 → npm:1.2.0
│
├─ prism-react-renderer@npm:2.3.1
│  ├─ Instances: 1
│  ├─ Version: 2.3.1
│  │
│  └─ Dependencies
│     ├─ @types/prismjs@npm:^1.26.0 → npm:1.26.3
│     └─ clsx@npm:^2.0.0 → npm:2.1.1
│
├─ prismjs@npm:1.29.0
│  └─ Version: 1.29.0
│
├─ prop-types@npm:15.8.1
│  ├─ Version: 15.8.1
│  │
│  └─ Dependencies
│     ├─ loose-envify@npm:^1.4.0 → npm:1.4.0
│     ├─ object-assign@npm:^4.1.1 → npm:4.1.1
│     └─ react-is@npm:^16.13.1 → npm:16.13.1
│
├─ react-aria@npm:3.33.1
│  ├─ Instances: 1
│  ├─ Version: 3.33.1
│  │
│  └─ Dependencies
│     ├─ @internationalized/string@npm:^3.2.3 → npm:3.2.3
│     ├─ @react-aria/breadcrumbs@npm:^3.5.13 → npm:3.5.13
│     ├─ @react-aria/button@npm:^3.9.5 → npm:3.9.5
│     ├─ @react-aria/calendar@npm:^3.5.8 → npm:3.5.8
│     ├─ @react-aria/checkbox@npm:^3.14.3 → npm:3.14.3
│     ├─ @react-aria/combobox@npm:^3.9.1 → npm:3.9.1
│     ├─ @react-aria/datepicker@npm:^3.10.1 → npm:3.10.1
│     ├─ @react-aria/dialog@npm:^3.5.14 → npm:3.5.14
│     ├─ @react-aria/dnd@npm:^3.6.1 → npm:3.6.1
│     ├─ @react-aria/focus@npm:^3.17.1 → npm:3.17.1
│     ├─ @react-aria/gridlist@npm:^3.8.1 → npm:3.8.1
│     ├─ @react-aria/i18n@npm:^3.11.1 → npm:3.11.1
│     ├─ @react-aria/interactions@npm:^3.21.3 → npm:3.21.3
│     ├─ @react-aria/label@npm:^3.7.8 → npm:3.7.8
│     ├─ @react-aria/link@npm:^3.7.1 → npm:3.7.1
│     ├─ @react-aria/listbox@npm:^3.12.1 → npm:3.12.1
│     ├─ @react-aria/menu@npm:^3.14.1 → npm:3.14.1
│     ├─ @react-aria/meter@npm:^3.4.13 → npm:3.4.13
│     ├─ @react-aria/numberfield@npm:^3.11.3 → npm:3.11.3
│     ├─ @react-aria/overlays@npm:^3.22.1 → npm:3.22.1
│     ├─ @react-aria/progress@npm:^3.4.13 → npm:3.4.13
│     ├─ @react-aria/radio@npm:^3.10.4 → npm:3.10.4
│     ├─ @react-aria/searchfield@npm:^3.7.5 → npm:3.7.5
│     ├─ @react-aria/select@npm:^3.14.5 → npm:3.14.5
│     ├─ @react-aria/selection@npm:^3.18.1 → npm:3.18.1
│     ├─ @react-aria/separator@npm:^3.3.13 → npm:3.3.13
│     ├─ @react-aria/slider@npm:^3.7.8 → npm:3.7.8
│     ├─ @react-aria/ssr@npm:^3.9.4 → npm:3.9.4
│     ├─ @react-aria/switch@npm:^3.6.4 → npm:3.6.4
│     ├─ @react-aria/table@npm:^3.14.1 → npm:3.14.1
│     ├─ @react-aria/tabs@npm:^3.9.1 → npm:3.9.1
│     ├─ @react-aria/tag@npm:^3.4.1 → npm:3.4.1
│     ├─ @react-aria/textfield@npm:^3.14.5 → npm:3.14.5
│     ├─ @react-aria/tooltip@npm:^3.7.4 → npm:3.7.4
│     ├─ @react-aria/utils@npm:^3.24.1 → npm:3.24.1
│     ├─ @react-aria/visually-hidden@npm:^3.8.12 → npm:3.8.12
│     └─ @react-types/shared@npm:^3.23.1 → npm:3.23.1
│
├─ react-currency-input-field@npm:3.8.0
│  ├─ Instances: 1
│  └─ Version: 3.8.0
│
├─ react-dom@npm:18.3.1
│  ├─ Instances: 1
│  ├─ Version: 18.3.1
│  │
│  └─ Dependencies
│     ├─ loose-envify@npm:^1.1.0 → npm:1.4.0
│     └─ scheduler@npm:^0.23.2 → npm:0.23.2
│
├─ react-stately@npm:3.31.1
│  ├─ Instances: 1
│  ├─ Version: 3.31.1
│  │
│  └─ Dependencies
│     ├─ @react-stately/calendar@npm:^3.5.1 → npm:3.5.1
│     ├─ @react-stately/checkbox@npm:^3.6.5 → npm:3.6.5
│     ├─ @react-stately/collections@npm:^3.10.7 → npm:3.10.7
│     ├─ @react-stately/combobox@npm:^3.8.4 → npm:3.8.4
│     ├─ @react-stately/data@npm:^3.11.4 → npm:3.11.4
│     ├─ @react-stately/datepicker@npm:^3.9.4 → npm:3.9.4
│     ├─ @react-stately/dnd@npm:^3.3.1 → npm:3.3.1
│     ├─ @react-stately/form@npm:^3.0.3 → npm:3.0.3
│     ├─ @react-stately/list@npm:^3.10.5 → npm:3.10.5
│     ├─ @react-stately/menu@npm:^3.7.1 → npm:3.7.1
│     ├─ @react-stately/numberfield@npm:^3.9.3 → npm:3.9.3
│     ├─ @react-stately/overlays@npm:^3.6.7 → npm:3.6.7
│     ├─ @react-stately/radio@npm:^3.10.4 → npm:3.10.4
│     ├─ @react-stately/searchfield@npm:^3.5.3 → npm:3.5.3
│     ├─ @react-stately/select@npm:^3.6.4 → npm:3.6.4
│     ├─ @react-stately/selection@npm:^3.15.1 → npm:3.15.1
│     ├─ @react-stately/slider@npm:^3.5.4 → npm:3.5.4
│     ├─ @react-stately/table@npm:^3.11.8 → npm:3.11.8
│     ├─ @react-stately/tabs@npm:^3.6.6 → npm:3.6.6
│     ├─ @react-stately/toggle@npm:^3.7.4 → npm:3.7.4
│     ├─ @react-stately/tooltip@npm:^3.4.9 → npm:3.4.9
│     ├─ @react-stately/tree@npm:^3.8.1 → npm:3.8.1
│     └─ @react-types/shared@npm:^3.23.1 → npm:3.23.1
│
├─ react@npm:18.3.1
│  ├─ Version: 18.3.1
│  │
│  └─ Dependencies
│     └─ loose-envify@npm:^1.1.0 → npm:1.4.0
│
├─ resize-observer-polyfill@npm:1.5.1
│  └─ Version: 1.5.1
│
├─ rimraf@npm:5.0.5
│  ├─ Version: 5.0.5
│  │
│  ├─ Exported Binaries
│  │  └─ rimraf
│  │
│  └─ Dependencies
│     └─ glob@npm:^10.3.7 → npm:10.3.12
│
├─ sonner@npm:1.5.0
│  ├─ Instances: 1
│  └─ Version: 1.5.0
│
├─ storybook@npm:8.3.5
│  ├─ Version: 8.3.5
│  │
│  ├─ Exported Binaries
│  │  ├─ getstorybook
│  │  ├─ sb
│  │  └─ storybook
│  │
│  └─ Dependencies
│     └─ @storybook/core@npm:8.3.5 → npm:8.3.5
│
├─ tailwind-merge@npm:2.3.0
│  ├─ Version: 2.3.0
│  │
│  └─ Dependencies
│     └─ @babel/runtime@npm:^7.24.1 → npm:7.24.5
│
├─ tailwindcss@npm:3.4.3
│  ├─ Version: 3.4.3
│  │
│  ├─ Exported Binaries
│  │  ├─ tailwind
│  │  └─ tailwindcss
│  │
│  └─ Dependencies
│     ├─ @alloc/quick-lru@npm:^5.2.0 → npm:5.2.0
│     ├─ arg@npm:^5.0.2 → npm:5.0.2
│     ├─ chokidar@npm:^3.5.3 → npm:3.6.0
│     ├─ didyoumean@npm:^1.2.2 → npm:1.2.2
│     ├─ dlv@npm:^1.1.3 → npm:1.1.3
│     ├─ fast-glob@npm:^3.3.0 → npm:3.3.2
│     ├─ glob-parent@npm:^6.0.2 → npm:6.0.2
│     ├─ is-glob@npm:^4.0.3 → npm:4.0.3
│     ├─ jiti@npm:^1.21.0 → npm:1.21.0
│     ├─ lilconfig@npm:^2.1.0 → npm:2.1.0
│     ├─ micromatch@npm:^4.0.5 → npm:4.0.5
│     ├─ normalize-path@npm:^3.0.0 → npm:3.0.0
│     ├─ object-hash@npm:^3.0.0 → npm:3.0.0
│     ├─ picocolors@npm:^1.0.0 → npm:1.0.0
│     ├─ postcss-selector-parser@npm:^6.0.11 → npm:6.0.16
│     ├─ postcss@npm:^8.4.23 → npm:8.4.38
│     ├─ resolve@patch:resolve@^1.22.2#~builtin<compat/resolve> → patch:resolve@npm%3A1.22.8#~builtin<compat/resolve>::version=1.22.8&hash=07638b
│     ├─ sucrase@npm:^3.32.0 → npm:3.35.0
│     ├─ postcss-import@npm:^15.1.0 → npm:15.1.0 [deb88]
│     ├─ postcss-js@npm:^4.0.1 → npm:4.0.1 [deb88]
│     ├─ postcss-load-config@npm:^4.0.1 → npm:4.0.2 [deb88]
│     └─ postcss-nested@npm:^6.0.1 → npm:6.0.1 [deb88]
│
├─ tsc-alias@npm:1.8.8
│  ├─ Version: 1.8.8
│  │
│  ├─ Exported Binaries
│  │  └─ tsc-alias
│  │
│  └─ Dependencies
│     ├─ chokidar@npm:^3.5.3 → npm:3.6.0
│     ├─ commander@npm:^9.0.0 → npm:9.5.0
│     ├─ globby@npm:^11.0.4 → npm:11.1.0
│     ├─ mylas@npm:^2.1.9 → npm:2.1.13
│     ├─ normalize-path@npm:^3.0.0 → npm:3.0.0
│     └─ plimit-lit@npm:^1.2.6 → npm:1.6.1
│
├─ typescript@patch:typescript@npm%3A5.4.5#~builtin<compat/typescript>::version=5.4.5&hash=7ad353
│  ├─ Version: 5.4.5
│  │
│  └─ Exported Binaries
│     ├─ tsc
│     └─ tsserver
│
├─ vite-plugin-turbosnap@npm:1.0.3
│  └─ Version: 1.0.3
│
├─ vite@npm:4.5.3
│  ├─ Instances: 1
│  ├─ Version: 4.5.3
│  │
│  ├─ Exported Binaries
│  │  └─ vite
│  │
│  └─ Dependencies
│     ├─ esbuild@npm:^0.18.10 → npm:0.18.20
│     ├─ fsevents@patch:fsevents@~2.3.2#~builtin<compat/fsevents> → patch:fsevents@npm%3A2.3.3#~builtin<compat/fsevents>::version=2.3.3&hash=18f3a7
│     ├─ postcss@npm:^8.4.27 → npm:8.4.38
│     └─ rollup@npm:^3.27.1 → npm:3.29.4
│
└─ vitest@npm:0.32.4
   ├─ Instances: 1
   ├─ Version: 0.32.4
   │
   ├─ Exported Binaries
   │  └─ vitest
   │
   └─ Dependencies
      ├─ @types/chai-subset@npm:^1.3.3 → npm:1.3.5
      ├─ @types/chai@npm:^4.3.5 → npm:4.3.16
      ├─ @types/node@npm:* → npm:20.12.10
      ├─ @vitest/expect@npm:0.32.4 → npm:0.32.4
      ├─ @vitest/runner@npm:0.32.4 → npm:0.32.4
      ├─ @vitest/snapshot@npm:0.32.4 → npm:0.32.4
      ├─ @vitest/spy@npm:0.32.4 → npm:0.32.4
      ├─ @vitest/utils@npm:0.32.4 → npm:0.32.4
      ├─ acorn-walk@npm:^8.2.0 → npm:8.3.2
      ├─ acorn@npm:^8.9.0 → npm:8.11.3
      ├─ cac@npm:^6.7.14 → npm:6.7.14
      ├─ chai@npm:^4.3.7 → npm:4.4.1
      ├─ debug@npm:^4.3.4 → npm:4.3.4
      ├─ local-pkg@npm:^0.4.3 → npm:0.4.3
      ├─ magic-string@npm:^0.30.0 → npm:0.30.10
      ├─ pathe@npm:^1.1.1 → npm:1.1.2
      ├─ picocolors@npm:^1.0.0 → npm:1.0.0
      ├─ std-env@npm:^3.3.3 → npm:3.7.0
      ├─ strip-literal@npm:^1.0.1 → npm:1.3.0
      ├─ tinybench@npm:^2.5.0 → npm:2.8.0
      ├─ tinypool@npm:^0.5.0 → npm:0.5.0
      ├─ vite-node@npm:0.32.4 → npm:0.32.4
      ├─ vite@npm:^3.0.0 || ^4.0.0 → npm:4.5.3
      └─ why-is-node-running@npm:^2.2.2 → npm:2.2.2
